Component: ARM Compiler 5.06 update 7 (build 960) Tool: armlink [4d3601]

==============================================================================

Section Cross References

    startup_gd32c10x.o(RESET) refers to startup_gd32c10x.o(STACK) for __initial_sp
    startup_gd32c10x.o(RESET) refers to startup_gd32c10x.o(.text) for Reset_Handler
    startup_gd32c10x.o(RESET) refers to gd32c10x_it.o(i.NMI_Handler) for NMI_Handler
    startup_gd32c10x.o(RESET) refers to gd32c10x_it.o(i.HardFault_Handler) for HardFault_Handler
    startup_gd32c10x.o(RESET) refers to gd32c10x_it.o(i.MemManage_Handler) for MemManage_Handler
    startup_gd32c10x.o(RESET) refers to gd32c10x_it.o(i.BusFault_Handler) for BusFault_Handler
    startup_gd32c10x.o(RESET) refers to gd32c10x_it.o(i.UsageFault_Handler) for UsageFault_Handler
    startup_gd32c10x.o(RESET) refers to gd32c10x_it.o(i.SVC_Handler) for SVC_Handler
    startup_gd32c10x.o(RESET) refers to gd32c10x_it.o(i.DebugMon_Handler) for DebugMon_Handler
    startup_gd32c10x.o(RESET) refers to gd32c10x_it.o(i.PendSV_Handler) for PendSV_Handler
    startup_gd32c10x.o(RESET) refers to gd32c10x_it.o(i.SysTick_Handler) for SysTick_Handler
    startup_gd32c10x.o(RESET) refers to gd32c10x_it.o(i.DMA0_Channel2_IRQHandler) for DMA0_Channel2_IRQHandler
    startup_gd32c10x.o(RESET) refers to gd32c10x_it.o(i.DMA0_Channel4_IRQHandler) for DMA0_Channel4_IRQHandler
    startup_gd32c10x.o(RESET) refers to gd32c10x_it.o(i.ADC0_1_IRQHandler) for ADC0_1_IRQHandler
    startup_gd32c10x.o(RESET) refers to gd32c10x_it.o(i.USART0_IRQHandler) for USART0_IRQHandler
    startup_gd32c10x.o(RESET) refers to gd32c10x_it.o(i.USART2_IRQHandler) for USART2_IRQHandler
    startup_gd32c10x.o(RESET) refers to gd32c10x_it.o(i.TIMER5_IRQHandler) for TIMER5_IRQHandler
    startup_gd32c10x.o(.text) refers to system_gd32c10x.o(i.SystemInit) for SystemInit
    startup_gd32c10x.o(.text) refers to entry.o(.ARM.Collect$$$$00000000) for __main
    main.o(i.main) refers to system_board.o(i.BSP_Init) for BSP_Init
    main.o(i.main) refers to user_config.o(i.USR_CONFIG_set_default_config) for USR_CONFIG_set_default_config
    main.o(i.main) refers to fsm_task.o(i.FSM_init) for FSM_init
    main.o(i.main) refers to pwm_curr.o(i.PWMC_init) for PWMC_init
    main.o(i.main) refers to foc.o(i.FOC_init) for FOC_init
    main.o(i.main) refers to encoder.o(i.Encoder_Init) for Encoder_Init
    main.o(i.main) refers to delay_timer.o(i.delay_timer_Init) for delay_timer_Init
    main.o(i.main) refers to pwm_curr.o(i.PWMC_SwitchOnPWM) for PWMC_SwitchOnPWM
    main.o(i.main) refers to main.o(i.delay_ms) for delay_ms
    main.o(i.main) refers to pwm_curr.o(i.PWMC_CurrentReadingPolarization) for PWMC_CurrentReadingPolarization
    main.o(i.main) refers to fsm_task.o(i.FSM_set_state) for FSM_set_state
    main.o(i.main) refers to encoder.o(i.Encoder_sample) for Encoder_sample
    main.o(i.main) refers to foc.o(.bss) for Foc
    main.o(i.main) refers to main.o(.data) for .data
    gd32c10x_it.o(i.TIMER5_IRQHandler) refers to delay_timer.o(i.Update_TimerTick) for Update_TimerTick
    gd32c10x_it.o(i.USART0_IRQHandler) refers to usart.o(i.usart0_call_back) for usart0_call_back
    gd32c10x_it.o(i.USART2_IRQHandler) refers to usart.o(i.usart2_call_back) for usart2_call_back
    system_board.o(i.BSP_Init) refers to system_board.o(i.bsp_rcu_Init) for bsp_rcu_Init
    system_board.o(i.BSP_Init) refers to system_board.o(i.bsp_gpio_Init) for bsp_gpio_Init
    system_board.o(i.BSP_Init) refers to system_board.o(i.bsp_adc0_Init) for bsp_adc0_Init
    system_board.o(i.BSP_Init) refers to system_board.o(i.bsp_adc1_Init) for bsp_adc1_Init
    system_board.o(i.BSP_Init) refers to system_board.o(i.bsp_dma0_Init) for bsp_dma0_Init
    system_board.o(i.BSP_Init) refers to system_board.o(i.bsp_spi0_Init) for bsp_spi0_Init
    system_board.o(i.BSP_Init) refers to system_board.o(i.bsp_usart0_Init) for bsp_usart0_Init
    system_board.o(i.BSP_Init) refers to system_board.o(i.bsp_timer5_Init) for bsp_timer5_Init
    system_board.o(i.BSP_Init) refers to system_board.o(i.bsp_timer0_Init) for bsp_timer0_Init
    system_board.o(i.BSP_Init) refers to system_board.o(i.bsp_gpio_lock) for bsp_gpio_lock
    system_board.o(i.BSP_Init) refers to system_board.o(i.bsp_nvic_Init) for bsp_nvic_Init
    system_board.o(i.bsp_adc0_Init) refers to gd32c10x_adc.o(i.adc_mode_config) for adc_mode_config
    system_board.o(i.bsp_adc0_Init) refers to gd32c10x_adc.o(i.adc_deinit) for adc_deinit
    system_board.o(i.bsp_adc0_Init) refers to gd32c10x_adc.o(i.adc_special_function_config) for adc_special_function_config
    system_board.o(i.bsp_adc0_Init) refers to gd32c10x_adc.o(i.adc_data_alignment_config) for adc_data_alignment_config
    system_board.o(i.bsp_adc0_Init) refers to gd32c10x_adc.o(i.adc_channel_length_config) for adc_channel_length_config
    system_board.o(i.bsp_adc0_Init) refers to gd32c10x_adc.o(i.adc_regular_channel_config) for adc_regular_channel_config
[...]
    Removing gd32c10x_pmu.o(i.pmu_backup_write_enable), (16 bytes).
    Removing gd32c10x_pmu.o(i.pmu_deinit), (22 bytes).
    Removing gd32c10x_pmu.o(i.pmu_flag_clear), (36 bytes).
    Removing gd32c10x_pmu.o(i.pmu_flag_get), (20 bytes).
    Removing gd32c10x_pmu.o(i.pmu_ldo_output_select), (24 bytes).
    Removing gd32c10x_pmu.o(i.pmu_lvd_disable), (16 bytes).
    Removing gd32c10x_pmu.o(i.pmu_lvd_select), (40 bytes).
    Removing gd32c10x_pmu.o(i.pmu_to_deepsleepmode), (148 bytes).
    Removing gd32c10x_pmu.o(i.pmu_to_sleepmode), (32 bytes).
    Removing gd32c10x_pmu.o(i.pmu_to_standbymode), (80 bytes).
    Removing gd32c10x_pmu.o(i.pmu_wakeup_pin_disable), (16 bytes).
    Removing gd32c10x_pmu.o(i.pmu_wakeup_pin_enable), (16 bytes).
    Removing gd32c10x_pmu.o(.bss), (16 bytes).
    Removing gd32c10x_rcu.o(.rev16_text), (4 bytes).
    Removing gd32c10x_rcu.o(.revsh_text), (4 bytes).
    Removing gd32c10x_rcu.o(i.rcu_ahb_clock_config), (20 bytes).
    Removing gd32c10x_rcu.o(i.rcu_all_reset_flag_clear), (16 bytes).
    Removing gd32c10x_rcu.o(i.rcu_apb1_clock_config), (20 bytes).
    Removing gd32c10x_rcu.o(i.rcu_apb2_clock_config), (20 bytes).
    Removing gd32c10x_rcu.o(i.rcu_bkp_reset_disable), (16 bytes).
    Removing gd32c10x_rcu.o(i.rcu_bkp_reset_enable), (16 bytes).
    Removing gd32c10x_rcu.o(i.rcu_ck48m_clock_config), (20 bytes).
    Removing gd32c10x_rcu.o(i.rcu_ckout0_config), (20 bytes).
    Removing gd32c10x_rcu.o(i.rcu_deepsleep_voltage_set), (16 bytes).
    Removing gd32c10x_rcu.o(i.rcu_deinit), (104 bytes).
    Removing gd32c10x_rcu.o(i.rcu_flag_get), (32 bytes).
    Removing gd32c10x_rcu.o(i.rcu_hxtal_clock_monitor_disable), (16 bytes).
    Removing gd32c10x_rcu.o(i.rcu_hxtal_clock_monitor_enable), (16 bytes).
    Removing gd32c10x_rcu.o(i.rcu_i2s1_clock_config), (20 bytes).
    Removing gd32c10x_rcu.o(i.rcu_i2s2_clock_config), (20 bytes).
    Removing gd32c10x_rcu.o(i.rcu_interrupt_disable), (28 bytes).
    Removing gd32c10x_rcu.o(i.rcu_interrupt_enable), (28 bytes).
    Removing gd32c10x_rcu.o(i.rcu_interrupt_flag_clear), (28 bytes).
    Removing gd32c10x_rcu.o(i.rcu_interrupt_flag_get), (32 bytes).
    Removing gd32c10x_rcu.o(i.rcu_irc8m_adjust_value_set), (24 bytes).
    Removing gd32c10x_rcu.o(i.rcu_lxtal_drive_capability_config), (20 bytes).
    Removing gd32c10x_rcu.o(i.rcu_osci_bypass_mode_disable), (76 bytes).
    Removing gd32c10x_rcu.o(i.rcu_osci_bypass_mode_enable), (76 bytes).
    Removing gd32c10x_rcu.o(i.rcu_osci_off), (28 bytes).
    Removing gd32c10x_rcu.o(i.rcu_osci_on), (28 bytes).
    Removing gd32c10x_rcu.o(i.rcu_osci_stab_wait), (312 bytes).
    Removing gd32c10x_rcu.o(i.rcu_periph_clock_disable), (28 bytes).
    Removing gd32c10x_rcu.o(i.rcu_periph_clock_sleep_disable), (28 bytes).
    Removing gd32c10x_rcu.o(i.rcu_periph_clock_sleep_enable), (28 bytes).
    Removing gd32c10x_rcu.o(i.rcu_pll1_config), (24 bytes).
    Removing gd32c10x_rcu.o(i.rcu_pll2_config), (24 bytes).
    Removing gd32c10x_rcu.o(i.rcu_pll_config), (28 bytes).
    Removing gd32c10x_rcu.o(i.rcu_pllpresel_config), (20 bytes).
    Removing gd32c10x_rcu.o(i.rcu_predv0_config), (28 bytes).
    Removing gd32c10x_rcu.o(i.rcu_predv1_config), (20 bytes).
    Removing gd32c10x_rcu.o(i.rcu_rtc_clock_config), (20 bytes).
    Removing gd32c10x_rcu.o(i.rcu_system_clock_source_config), (20 bytes).
    Removing gd32c10x_rcu.o(i.rcu_system_clock_source_get), (16 bytes).
    Removing gd32c10x_rcu.o(i.rcu_usb_clock_config), (20 bytes).
    Removing gd32c10x_rtc.o(.rev16_text), (4 bytes).
    Removing gd32c10x_rtc.o(.revsh_text), (4 bytes).
    Removing gd32c10x_rtc.o(i.rtc_alarm_config), (32 bytes).
    Removing gd32c10x_rtc.o(i.rtc_configuration_mode_enter), (16 bytes).
    Removing gd32c10x_rtc.o(i.rtc_configuration_mode_exit), (16 bytes).
    Removing gd32c10x_rtc.o(i.rtc_counter_get), (32 bytes).
    Removing gd32c10x_rtc.o(i.rtc_counter_set), (32 bytes).
    Removing gd32c10x_rtc.o(i.rtc_divider_get), (24 bytes).
    Removing gd32c10x_rtc.o(i.rtc_flag_clear), (16 bytes).
    Removing gd32c10x_rtc.o(i.rtc_flag_get), (20 bytes).
    Removing gd32c10x_rtc.o(i.rtc_interrupt_disable), (16 bytes).
    Removing gd32c10x_rtc.o(i.rtc_interrupt_enable), (16 bytes).
    Removing gd32c10x_rtc.o(i.rtc_interrupt_flag_clear), (16 bytes).
    Removing gd32c10x_rtc.o(i.rtc_interrupt_flag_get), (20 bytes).
    Removing gd32c10x_rtc.o(i.rtc_lwoff_wait), (16 bytes).
    Removing gd32c10x_rtc.o(i.rtc_prescaler_set), (36 bytes).
    Removing gd32c10x_rtc.o(i.rtc_register_sync_wait), (24 bytes).
    Removing gd32c10x_spi.o(.rev16_text), (4 bytes).
    Removing gd32c10x_spi.o(.revsh_text), (4 bytes).
    Removing gd32c10x_spi.o(i.i2s_disable), (10 bytes).
    Removing gd32c10x_spi.o(i.i2s_enable), (10 bytes).
    Removing gd32c10x_spi.o(i.i2s_init), (24 bytes).
    Removing gd32c10x_spi.o(i.i2s_psc_config), (232 bytes).
    Removing gd32c10x_spi.o(i.spi_bidirectional_transfer_config), (26 bytes).
    Removing gd32c10x_spi.o(i.spi_crc_error_clear), (8 bytes).
    Removing gd32c10x_spi.o(i.spi_crc_get), (16 bytes).
    Removing gd32c10x_spi.o(i.spi_crc_next), (10 bytes).
    Removing gd32c10x_spi.o(i.spi_crc_off), (10 bytes).
    Removing gd32c10x_spi.o(i.spi_crc_on), (10 bytes).
    Removing gd32c10x_spi.o(i.spi_crc_polynomial_get), (6 bytes).
    Removing gd32c10x_spi.o(i.spi_crc_polynomial_set), (4 bytes).
    Removing gd32c10x_spi.o(i.spi_disable), (10 bytes).
    Removing gd32c10x_spi.o(i.spi_dma_disable), (24 bytes).
    Removing gd32c10x_spi.o(i.spi_dma_enable), (24 bytes).
    Removing gd32c10x_spi.o(i.spi_i2s_data_frame_format_config), (16 bytes).
    Removing gd32c10x_spi.o(i.spi_i2s_format_error_clear), (6 bytes).
    Removing gd32c10x_spi.o(i.spi_i2s_interrupt_disable), (42 bytes).
    Removing gd32c10x_spi.o(i.spi_i2s_interrupt_enable), (42 bytes).
    Removing gd32c10x_spi.o(i.spi_i2s_interrupt_flag_get), (100 bytes).
    Removing gd32c10x_spi.o(i.spi_nss_internal_high), (10 bytes).
    Removing gd32c10x_spi.o(i.spi_nss_internal_low), (10 bytes).
    Removing gd32c10x_spi.o(i.spi_nss_output_disable), (10 bytes).
    Removing gd32c10x_spi.o(i.spi_nss_output_enable), (10 bytes).
    Removing gd32c10x_spi.o(i.spi_nssp_mode_disable), (10 bytes).
    Removing gd32c10x_spi.o(i.spi_nssp_mode_enable), (10 bytes).
    Removing gd32c10x_spi.o(i.spi_quad_disable), (12 bytes).
    Removing gd32c10x_spi.o(i.spi_quad_enable), (12 bytes).
    Removing gd32c10x_spi.o(i.spi_quad_io23_output_disable), (12 bytes).
    Removing gd32c10x_spi.o(i.spi_quad_io23_output_enable), (12 bytes).
    Removing gd32c10x_spi.o(i.spi_quad_read_enable), (12 bytes).
    Removing gd32c10x_spi.o(i.spi_quad_write_enable), (12 bytes).
    Removing gd32c10x_spi.o(i.spi_ti_mode_disable), (10 bytes).
    Removing gd32c10x_spi.o(i.spi_ti_mode_enable), (10 bytes).
    Removing gd32c10x_timer.o(.rev16_text), (4 bytes).
    Removing gd32c10x_timer.o(.revsh_text), (4 bytes).
    Removing gd32c10x_timer.o(i.timer_auto_reload_shadow_disable), (10 bytes).
    Removing gd32c10x_timer.o(i.timer_automatic_output_disable), (10 bytes).
    Removing gd32c10x_timer.o(i.timer_automatic_output_enable), (10 bytes).
    Removing gd32c10x_timer.o(i.timer_autoreload_value_config), (4 bytes).
    Removing gd32c10x_timer.o(i.timer_break_disable), (10 bytes).
    Removing gd32c10x_timer.o(i.timer_break_enable), (10 bytes).
    Removing gd32c10x_timer.o(i.timer_channel_capture_value_register_read), (36 bytes).
    Removing gd32c10x_timer.o(i.timer_channel_complementary_output_polarity_config), (64 bytes).
    Removing gd32c10x_timer.o(i.timer_channel_control_shadow_config), (24 bytes).
    Removing gd32c10x_timer.o(i.timer_channel_control_shadow_update_config), (28 bytes).
    Removing gd32c10x_timer.o(i.timer_channel_dma_request_source_select), (28 bytes).
    Removing gd32c10x_timer.o(i.timer_channel_input_capture_prescaler_config), (84 bytes).
    Removing gd32c10x_timer.o(i.timer_channel_input_struct_para_init), (14 bytes).
    Removing gd32c10x_timer.o(i.timer_channel_output_clear_config), (84 bytes).
    Removing gd32c10x_timer.o(i.timer_channel_output_fast_config), (84 bytes).
    Removing gd32c10x_timer.o(i.timer_channel_output_polarity_config), (86 bytes).
    Removing gd32c10x_timer.o(i.timer_counter_alignment), (16 bytes).
    Removing gd32c10x_timer.o(i.timer_counter_down_direction), (10 bytes).
    Removing gd32c10x_timer.o(i.timer_counter_read), (4 bytes).
    Removing gd32c10x_timer.o(i.timer_counter_up_direction), (10 bytes).
    Removing gd32c10x_timer.o(i.timer_counter_value_config), (4 bytes).
    Removing gd32c10x_timer.o(i.timer_disable), (10 bytes).
    Removing gd32c10x_timer.o(i.timer_dma_disable), (8 bytes).
    Removing gd32c10x_timer.o(i.timer_dma_enable), (8 bytes).
    Removing gd32c10x_timer.o(i.timer_dma_transfer_config), (22 bytes).
    Removing gd32c10x_timer.o(i.timer_event_software_generate), (8 bytes).
    Removing gd32c10x_timer.o(i.timer_external_clock_mode0_config), (28 bytes).
    Removing gd32c10x_timer.o(i.timer_external_clock_mode1_config), (20 bytes).
    Removing gd32c10x_timer.o(i.timer_external_clock_mode1_disable), (10 bytes).
    Removing gd32c10x_timer.o(i.timer_external_trigger_as_external_clock_config), (160 bytes).
    Removing gd32c10x_timer.o(i.timer_external_trigger_config), (28 bytes).
    Removing gd32c10x_timer.o(i.timer_hall_mode_config), (28 bytes).
    Removing gd32c10x_timer.o(i.timer_input_capture_config), (308 bytes).
    Removing gd32c10x_timer.o(i.timer_input_pwm_capture_config), (346 bytes).
    Removing gd32c10x_timer.o(i.timer_input_trigger_source_select), (16 bytes).
    Removing gd32c10x_timer.o(i.timer_internal_clock_config), (10 bytes).
    Removing gd32c10x_timer.o(i.timer_internal_trigger_as_external_clock_config), (28 bytes).
    Removing gd32c10x_timer.o(i.timer_interrupt_disable), (8 bytes).
    Removing gd32c10x_timer.o(i.timer_master_output_trigger_source_select), (16 bytes).
    Removing gd32c10x_timer.o(i.timer_master_slave_mode_config), (28 bytes).
    Removing gd32c10x_timer.o(i.timer_output_value_selection_config), (32 bytes).
    Removing gd32c10x_timer.o(i.timer_prescaler_config), (16 bytes).
    Removing gd32c10x_timer.o(i.timer_prescaler_read), (6 bytes).
    Removing gd32c10x_timer.o(i.timer_quadrature_decoder_mode_config), (64 bytes).
    Removing gd32c10x_timer.o(i.timer_single_pulse_mode_config), (28 bytes).
    Removing gd32c10x_timer.o(i.timer_slave_mode_select), (16 bytes).
    Removing gd32c10x_timer.o(i.timer_update_event_disable), (10 bytes).
    Removing gd32c10x_timer.o(i.timer_update_event_enable), (10 bytes).
    Removing gd32c10x_timer.o(i.timer_update_source_config), (28 bytes).
    Removing gd32c10x_timer.o(i.timer_write_chxval_register_config), (32 bytes).
    Removing gd32c10x_usart.o(.rev16_text), (4 bytes).
    Removing gd32c10x_usart.o(.revsh_text), (4 bytes).
    Removing gd32c10x_usart.o(i.usart_address_config), (20 bytes).
    Removing gd32c10x_usart.o(i.usart_block_length_config), (20 bytes).
    Removing gd32c10x_usart.o(i.usart_data_first_config), (18 bytes).
    Removing gd32c10x_usart.o(i.usart_data_transmit), (8 bytes).
    Removing gd32c10x_usart.o(i.usart_disable), (10 bytes).
    Removing gd32c10x_usart.o(i.usart_flag_clear), (18 bytes).
    Removing gd32c10x_usart.o(i.usart_flag_get), (26 bytes).
    Removing gd32c10x_usart.o(i.usart_guard_time_config), (18 bytes).
    Removing gd32c10x_usart.o(i.usart_halfduplex_disable), (10 bytes).
    Removing gd32c10x_usart.o(i.usart_halfduplex_enable), (10 bytes).
    Removing gd32c10x_usart.o(i.usart_hardware_flow_coherence_config), (22 bytes).
    Removing gd32c10x_usart.o(i.usart_hardware_flow_cts_config), (20 bytes).
    Removing gd32c10x_usart.o(i.usart_hardware_flow_rts_config), (20 bytes).
    Removing gd32c10x_usart.o(i.usart_interrupt_disable), (20 bytes).
    Removing gd32c10x_usart.o(i.usart_invert_config), (86 bytes).
    Removing gd32c10x_usart.o(i.usart_irda_lowpower_config), (20 bytes).
    Removing gd32c10x_usart.o(i.usart_irda_mode_disable), (10 bytes).
    Removing gd32c10x_usart.o(i.usart_irda_mode_enable), (10 bytes).
    Removing gd32c10x_usart.o(i.usart_lin_break_detection_length_config), (20 bytes).
    Removing gd32c10x_usart.o(i.usart_lin_mode_disable), (10 bytes).
    Removing gd32c10x_usart.o(i.usart_lin_mode_enable), (10 bytes).
    Removing gd32c10x_usart.o(i.usart_mute_mode_disable), (10 bytes).
    Removing gd32c10x_usart.o(i.usart_mute_mode_enable), (10 bytes).
    Removing gd32c10x_usart.o(i.usart_mute_mode_wakeup_config), (16 bytes).
    Removing gd32c10x_usart.o(i.usart_parity_config), (16 bytes).
    Removing gd32c10x_usart.o(i.usart_prescaler_config), (16 bytes).
    Removing gd32c10x_usart.o(i.usart_receiver_timeout_disable), (12 bytes).
    Removing gd32c10x_usart.o(i.usart_receiver_timeout_enable), (12 bytes).
    Removing gd32c10x_usart.o(i.usart_receiver_timeout_threshold_config), (18 bytes).
    Removing gd32c10x_usart.o(i.usart_send_break), (10 bytes).
    Removing gd32c10x_usart.o(i.usart_smartcard_autoretry_config), (24 bytes).
    Removing gd32c10x_usart.o(i.usart_smartcard_mode_disable), (10 bytes).
    Removing gd32c10x_usart.o(i.usart_smartcard_mode_enable), (10 bytes).
    Removing gd32c10x_usart.o(i.usart_smartcard_mode_nack_disable), (10 bytes).
    Removing gd32c10x_usart.o(i.usart_smartcard_mode_nack_enable), (10 bytes).
    Removing gd32c10x_usart.o(i.usart_synchronous_clock_config), (34 bytes).
    Removing gd32c10x_usart.o(i.usart_synchronous_clock_disable), (10 bytes).
    Removing gd32c10x_usart.o(i.usart_synchronous_clock_enable), (10 bytes).
    Removing gd32c10x_wwdgt.o(.rev16_text), (4 bytes).
    Removing gd32c10x_wwdgt.o(.revsh_text), (4 bytes).
    Removing gd32c10x_wwdgt.o(i.wwdgt_config), (24 bytes).
    Removing gd32c10x_wwdgt.o(i.wwdgt_counter_update), (16 bytes).
    Removing gd32c10x_wwdgt.o(i.wwdgt_deinit), (22 bytes).
    Removing gd32c10x_wwdgt.o(i.wwdgt_enable), (16 bytes).
    Removing gd32c10x_wwdgt.o(i.wwdgt_flag_clear), (12 bytes).
    Removing gd32c10x_wwdgt.o(i.wwdgt_flag_get), (20 bytes).
    Removing gd32c10x_wwdgt.o(i.wwdgt_interrupt_enable), (16 bytes).
    Removing ffltl.o(.text), (44 bytes).
    Removing dfixi.o(.text), (62 bytes).
    Removing f2d.o(.text), (38 bytes).
    Removing fepilogue.o(.text), (110 bytes).
    Removing frnd.o(.text), (60 bytes).
    Removing dadd.o(.text), (334 bytes).
    Removing drnd.o(.text), (136 bytes).
    Removing cdcmple.o(.text), (48 bytes).
    Removing cdrcmple.o(.text), (48 bytes).
    Removing fpstat.o(.text), (4 bytes).
    Removing depilogue.o(.text), (186 bytes).
    Removing util.o(i.clarke_transform), (28 bytes).
    Removing util.o(i.park_transform), (64 bytes).
    Removing util.o(i.inverse_park), (64 bytes).
    Removing util.o(i.svm), (500 bytes).

615 unused section(s) (total 44895 bytes) removed from the image.

==============================================================================

Image Symbol Table

    Local Symbols

    Symbol Name                              Value     Ov Type        Size  Object(Section)

    ../clib/microlib/division.c              0x00000000   Number         0  uldiv.o ABSOLUTE
    ../clib/microlib/division.c              0x00000000   Number         0  ldiv.o ABSOLUTE
    ../clib/microlib/errno.c                 0x00000000   Number         0  errno.o ABSOLUTE
    ../clib/microlib/init/entry.s            0x00000000   Number         0  entry10a.o ABSOLUTE
    ../clib/microlib/init/entry.s            0x00000000   Number         0  entry12a.o ABSOLUTE
    ../clib/microlib/init/entry.s            0x00000000   Number         0  entry2.o ABSOLUTE
    ../clib/microlib/init/entry.s            0x00000000   Number         0  entry.o ABSOLUTE
    ../clib/microlib/init/entry.s            0x00000000   Number         0  entry5.o ABSOLUTE
    ../clib/microlib/init/entry.s            0x00000000   Number         0  entry11b.o ABSOLUTE
    ../clib/microlib/init/entry.s            0x00000000   Number         0  entry7a.o ABSOLUTE
    ../clib/microlib/init/entry.s            0x00000000   Number         0  entry11a.o ABSOLUTE
    ../clib/microlib/init/entry.s            0x00000000   Number         0  entry7b.o ABSOLUTE
    ../clib/microlib/init/entry.s            0x00000000   Number         0  entry8a.o ABSOLUTE
    ../clib/microlib/init/entry.s            0x00000000   Number         0  entry9b.o ABSOLUTE
    ../clib/microlib/init/entry.s            0x00000000   Number         0  entry8b.o ABSOLUTE
    ../clib/microlib/init/entry.s            0x00000000   Number         0  entry12b.o ABSOLUTE
    ../clib/microlib/init/entry.s            0x00000000   Number         0  entry9a.o ABSOLUTE
    ../clib/microlib/init/entry.s            0x00000000   Number         0  entry10b.o ABSOLUTE
    ../clib/microlib/longlong.c              0x00000000   Number         0  llushr.o ABSOLUTE
    ../clib/microlib/longlong.c              0x00000000   Number         0  llshl.o ABSOLUTE
    ../clib/microlib/longlong.c              0x00000000   Number         0  llsshr.o ABSOLUTE
    ../clib/microlib/string/memcpy.c         0x00000000   Number         0  memcpya.o ABSOLUTE
    ../clib/microlib/string/memcpy.c         0x00000000   Number         0  memcpyb.o ABSOLUTE
    ../clib/microlib/stubs.s                 0x00000000   Number         0  iusefp.o ABSOLUTE
    ../fplib/microlib/f2d.c                  0x00000000   Number         0  f2d.o ABSOLUTE
    ../fplib/microlib/fpadd.c                0x00000000   Number         0  dadd.o ABSOLUTE
    ../fplib/microlib/fpepilogue.c           0x00000000   Number         0  fepilogue.o ABSOLUTE
    ../fplib/microlib/fpepilogue.c           0x00000000   Number         0  depilogue.o ABSOLUTE
    ../fplib/microlib/fpfix.c                0x00000000   Number         0  dfixi.o ABSOLUTE
    ../fplib/microlib/fpflt.c                0x00000000   Number         0  ffltl.o ABSOLUTE
    ../fplib/microlib/fprnd.c                0x00000000   Number         0  frnd.o ABSOLUTE
    ../fplib/microlib/fprnd.c                0x00000000   Number         0  drnd.o ABSOLUTE
    ../fplib/microlib/fpstat.c               0x00000000   Number         0  fpstat.o ABSOLUTE
    ../mathlib/nearbyint.c                   0x00000000   Number         0  nearbyintf.o ABSOLUTE
    ../mathlib/round.c                       0x00000000   Number         0  round.o ABSOLUTE
    ../mathlib/sqrtf.c                       0x00000000   Number         0  sqrtf_x.o ABSOLUTE
    ../mathlib/sqrtf.c                       0x00000000   Number         0  sqrtf.o ABSOLUTE
    ..\Core\delay_systick.c                  0x00000000   Number         0  delay_systick.o ABSOLUTE
    ..\Core\delay_timer.c                    0x00000000   Number         0  delay_timer.o ABSOLUTE
    ..\Core\gd32c10x_it.c                    0x00000000   Number         0  gd32c10x_it.o ABSOLUTE
    ..\Core\main.c                           0x00000000   Number         0  main.o ABSOLUTE
    ..\Core\system_board.c                   0x00000000   Number         0  system_board.o ABSOLUTE
    ..\Drivers\CMSIS\GD\GD32C10x\Source\system_gd32c10x.c 0x00000000   Number         0  system_gd32c10x.o ABSOLUTE
    ..\Drivers\GD32C10x_standard_peripheral\Source\gd32c10x_adc.c 0x00000000   Number         0  gd32c10x_adc.o ABSOLUTE
    ..\Drivers\GD32C10x_standard_peripheral\Source\gd32c10x_bkp.c 0x00000000   Number         0  gd32c10x_bkp.o ABSOLUTE
    ..\Drivers\GD32C10x_standard_peripheral\Source\gd32c10x_can.c 0x00000000   Number         0  gd32c10x_can.o ABSOLUTE
    ..\Drivers\GD32C10x_standard_peripheral\Source\gd32c10x_crc.c 0x00000000   Number         0  gd32c10x_crc.o ABSOLUTE
    ..\Drivers\GD32C10x_standard_peripheral\Source\gd32c10x_ctc.c 0x00000000   Number         0  gd32c10x_ctc.o ABSOLUTE
    ..\Drivers\GD32C10x_standard_peripheral\Source\gd32c10x_dac.c 0x00000000   Number         0  gd32c10x_dac.o ABSOLUTE
    ..\Drivers\GD32C10x_standard_peripheral\Source\gd32c10x_dbg.c 0x00000000   Number         0  gd32c10x_dbg.o ABSOLUTE
    ..\Drivers\GD32C10x_standard_peripheral\Source\gd32c10x_dma.c 0x00000000   Number         0  gd32c10x_dma.o ABSOLUTE
    ..\Drivers\GD32C10x_standard_peripheral\Source\gd32c10x_exmc.c 0x00000000   Number         0  gd32c10x_exmc.o ABSOLUTE
    ..\Drivers\GD32C10x_standard_peripheral\Source\gd32c10x_exti.c 0x00000000   Number         0  gd32c10x_exti.o ABSOLUTE
    ..\Drivers\GD32C10x_standard_peripheral\Source\gd32c10x_fmc.c 0x00000000   Number         0  gd32c10x_fmc.o ABSOLUTE
    ..\Drivers\GD32C10x_standard_peripheral\Source\gd32c10x_fwdgt.c 0x00000000   Number         0  gd32c10x_fwdgt.o ABSOLUTE
    ..\Drivers\GD32C10x_standard_peripheral\Source\gd32c10x_gpio.c 0x00000000   Number         0  gd32c10x_gpio.o ABSOLUTE
    ..\Drivers\GD32C10x_standard_peripheral\Source\gd32c10x_i2c.c 0x00000000   Number         0  gd32c10x_i2c.o ABSOLUTE
    ..\Drivers\GD32C10x_standard_peripheral\Source\gd32c10x_misc.c 0x00000000   Number         0  gd32c10x_misc.o ABSOLUTE
    ..\Drivers\GD32C10x_standard_peripheral\Source\gd32c10x_pmu.c 0x00000000   Number         0  gd32c10x_pmu.o ABSOLUTE
    ..\Drivers\GD32C10x_standard_peripheral\Source\gd32c10x_rcu.c 0x00000000   Number         0  gd32c10x_rcu.o ABSOLUTE
    ..\Drivers\GD32C10x_standard_peripheral\Source\gd32c10x_rtc.c 0x00000000   Number         0  gd32c10x_rtc.o ABSOLUTE
    ..\Drivers\GD32C10x_standard_peripheral\Source\gd32c10x_spi.c 0x00000000   Number         0  gd32c10x_spi.o ABSOLUTE
    ..\Drivers\GD32C10x_standard_peripheral\Source\gd32c10x_timer.c 0x00000000   Number         0  gd32c10x_timer.o ABSOLUTE
    ..\Drivers\GD32C10x_standard_peripheral\Source\gd32c10x_usart.c 0x00000000   Number         0  gd32c10x_usart.o ABSOLUTE
    ..\Drivers\GD32C10x_standard_peripheral\Source\gd32c10x_wwdgt.c 0x00000000   Number         0  gd32c10x_wwdgt.o ABSOLUTE
    ..\Src\anticogging.c                     0x00000000   Number         0  anticogging.o ABSOLUTE
    ..\Src\calibration.c                     0x00000000   Number         0  calibration.o ABSOLUTE
    ..\Src\controller.c                      0x00000000   Number         0  controller.o ABSOLUTE
    ..\Src\encoder.c                         0x00000000   Number         0  encoder.o ABSOLUTE
    ..\Src\foc.c                             0x00000000   Number         0  foc.o ABSOLUTE
    ..\Src\fsm_task.c                        0x00000000   Number         0  fsm_task.o ABSOLUTE
    ..\Src\heap.c                            0x00000000   Number         0  heap.o ABSOLUTE
    ..\Src\pwm_curr.c                        0x00000000   Number         0  pwm_curr.o ABSOLUTE
    ..\Src\usart.c                           0x00000000   Number         0  usart.o ABSOLUTE
    ..\Src\user_config.c                     0x00000000   Number         0  user_config.o ABSOLUTE
    ..\Src\util.c                            0x00000000   Number         0  util.o ABSOLUTE
    ..\\Core\\delay_systick.c                0x00000000   Number         0  delay_systick.o ABSOLUTE
    ..\\Core\\delay_timer.c                  0x00000000   Number         0  delay_timer.o ABSOLUTE
    ..\\Core\\gd32c10x_it.c                  0x00000000   Number         0  gd32c10x_it.o ABSOLUTE
    ..\\Core\\main.c                         0x00000000   Number         0  main.o ABSOLUTE
    ..\\Core\\system_board.c                 0x00000000   Number         0  system_board.o ABSOLUTE
    ..\\Drivers\\CMSIS\\GD\\GD32C10x\\Source\\system_gd32c10x.c 0x00000000   Number         0  system_gd32c10x.o ABSOLUTE
    ..\\Drivers\\GD32C10x_standard_peripheral\\Source\\gd32c10x_adc.c 0x00000000   Number         0  gd32c10x_adc.o ABSOLUTE
    ..\\Drivers\\GD32C10x_standard_peripheral\\Source\\gd32c10x_bkp.c 0x00000000   Number         0  gd32c10x_bkp.o ABSOLUTE
    ..\\Drivers\\GD32C10x_standard_peripheral\\Source\\gd32c10x_can.c 0x00000000   Number         0  gd32c10x_can.o ABSOLUTE
    ..\\Drivers\\GD32C10x_standard_peripheral\\Source\\gd32c10x_crc.c 0x00000000   Number         0  gd32c10x_crc.o ABSOLUTE
    ..\\Drivers\\GD32C10x_standard_peripheral\\Source\\gd32c10x_ctc.c 0x00000000   Number         0  gd32c10x_ctc.o ABSOLUTE
    ..\\Drivers\\GD32C10x_standard_peripheral\\Source\\gd32c10x_dac.c 0x00000000   Number         0  gd32c10x_dac.o ABSOLUTE
    ..\\Drivers\\GD32C10x_standard_peripheral\\Source\\gd32c10x_dbg.c 0x00000000   Number         0  gd32c10x_dbg.o ABSOLUTE
    ..\\Drivers\\GD32C10x_standard_peripheral\\Source\\gd32c10x_dma.c 0x00000000   Number         0  gd32c10x_dma.o ABSOLUTE
    ..\\Drivers\\GD32C10x_standard_peripheral\\Source\\gd32c10x_exmc.c 0x00000000   Number         0  gd32c10x_exmc.o ABSOLUTE
    ..\\Drivers\\GD32C10x_standard_peripheral\\Source\\gd32c10x_exti.c 0x00000000   Number         0  gd32c10x_exti.o ABSOLUTE
    ..\\Drivers\\GD32C10x_standard_peripheral\\Source\\gd32c10x_fmc.c 0x00000000   Number         0  gd32c10x_fmc.o ABSOLUTE
    ..\\Drivers\\GD32C10x_standard_peripheral\\Source\\gd32c10x_fwdgt.c 0x00000000   Number         0  gd32c10x_fwdgt.o ABSOLUTE
    ..\\Drivers\\GD32C10x_standard_peripheral\\Source\\gd32c10x_gpio.c 0x00000000   Number         0  gd32c10x_gpio.o ABSOLUTE
    ..\\Drivers\\GD32C10x_standard_peripheral\\Source\\gd32c10x_i2c.c 0x00000000   Number         0  gd32c10x_i2c.o ABSOLUTE
    ..\\Drivers\\GD32C10x_standard_peripheral\\Source\\gd32c10x_misc.c 0x00000000   Number         0  gd32c10x_misc.o ABSOLUTE
    ..\\Drivers\\GD32C10x_standard_peripheral\\Source\\gd32c10x_pmu.c 0x00000000   Number         0  gd32c10x_pmu.o ABSOLUTE
    ..\\Drivers\\GD32C10x_standard_peripheral\\Source\\gd32c10x_rcu.c 0x00000000   Number         0  gd32c10x_rcu.o ABSOLUTE
    ..\\Drivers\\GD32C10x_standard_peripheral\\Source\\gd32c10x_rtc.c 0x00000000   Number         0  gd32c10x_rtc.o ABSOLUTE
    ..\\Drivers\\GD32C10x_standard_peripheral\\Source\\gd32c10x_spi.c 0x00000000   Number         0  gd32c10x_spi.o ABSOLUTE
    ..\\Drivers\\GD32C10x_standard_peripheral\\Source\\gd32c10x_timer.c 0x00000000   Number         0  gd32c10x_timer.o ABSOLUTE
    ..\\Drivers\\GD32C10x_standard_peripheral\\Source\\gd32c10x_usart.c 0x00000000   Number         0  gd32c10x_usart.o ABSOLUTE
    ..\\Drivers\\GD32C10x_standard_peripheral\\Source\\gd32c10x_wwdgt.c 0x00000000   Number         0  gd32c10x_wwdgt.o ABSOLUTE
    ..\\Src\\anticogging.c                   0x00000000   Number         0  anticogging.o ABSOLUTE
    ..\\Src\\calibration.c                   0x00000000   Number         0  calibration.o ABSOLUTE
    ..\\Src\\controller.c                    0x00000000   Number         0  controller.o ABSOLUTE
    ..\\Src\\encoder.c                       0x00000000   Number         0  encoder.o ABSOLUTE
    ..\\Src\\foc.c                           0x00000000   Number         0  foc.o ABSOLUTE
    ..\\Src\\fsm_task.c                      0x00000000   Number         0  fsm_task.o ABSOLUTE
    ..\\Src\\heap.c                          0x00000000   Number         0  heap.o ABSOLUTE
    ..\\Src\\pwm_curr.c                      0x00000000   Number         0  pwm_curr.o ABSOLUTE
    ..\\Src\\usart.c                         0x00000000   Number         0  usart.o ABSOLUTE
    ..\\Src\\user_config.c                   0x00000000   Number         0  user_config.o ABSOLUTE
    ..\\Src\\util.c                          0x00000000   Number         0  util.o ABSOLUTE
    cdcmple.s                                0x00000000   Number         0  cdcmple.o ABSOLUTE
    cdrcmple.s                               0x00000000   Number         0  cdrcmple.o ABSOLUTE
    dc.s                                     0x00000000   Number         0  dc.o ABSOLUTE
    handlers.s                               0x00000000   Number         0  handlers.o ABSOLUTE
    init.s                                   0x00000000   Number         0  init.o ABSOLUTE
    startup_gd32c10x.s                       0x00000000   Number         0  startup_gd32c10x.o ABSOLUTE
    RESET                                    0x08000000   Section      336  startup_gd32c10x.o(RESET)
    .ARM.Collect$$$$00000000                 0x08000150   Section        0  entry.o(.ARM.Collect$$$$00000000)
    .ARM.Collect$$$$00000001                 0x08000150   Section        4  entry2.o(.ARM.Collect$$$$00000001)
    .ARM.Collect$$$$00000004                 0x08000154   Section        4  entry5.o(.ARM.Collect$$$$00000004)
    .ARM.Collect$$$$00000008                 0x08000158   Section        0  entry7b.o(.ARM.Collect$$$$00000008)
    .ARM.Collect$$$$0000000A                 0x08000158   Section        0  entry8b.o(.ARM.Collect$$$$0000000A)
    .ARM.Collect$$$$0000000B                 0x08000158   Section        8  entry9a.o(.ARM.Collect$$$$0000000B)
    .ARM.Collect$$$$0000000E                 0x08000160   Section        4  entry12b.o(.ARM.Collect$$$$0000000E)
    .ARM.Collect$$$$0000000F                 0x08000164   Section        0  entry10a.o(.ARM.Collect$$$$0000000F)
    .ARM.Collect$$$$00000011                 0x08000164   Section        0  entry11a.o(.ARM.Collect$$$$00000011)
    .ARM.Collect$$$$00002712                 0x08000164   Section        4  entry2.o(.ARM.Collect$$$$00002712)
    __lit__00000000                          0x08000164   Data           4  entry2.o(.ARM.Collect$$$$00002712)
    .text                                    0x08000168   Section       36  startup_gd32c10x.o(.text)
    $v0                                      0x08000168   Number         0  startup_gd32c10x.o(.text)
    .text                                    0x0800018c   Section       36  init.o(.text)
    i.ADC0_1_IRQHandler                      0x080001b0   Section        0  gd32c10x_it.o(i.ADC0_1_IRQHandler)
    i.BSP_Init                               0x080001c0   Section        0  system_board.o(i.BSP_Init)
    i.BusFault_Handler                       0x080001f6   Section        0  gd32c10x_it.o(i.BusFault_Handler)
    i.DMA0_Channel2_IRQHandler               0x080001f8   Section        0  gd32c10x_it.o(i.DMA0_Channel2_IRQHandler)
    i.DMA0_Channel4_IRQHandler               0x080001fa   Section        0  gd32c10x_it.o(i.DMA0_Channel4_IRQHandler)
    i.DebugMon_Handler                       0x080001fc   Section        0  gd32c10x_it.o(i.DebugMon_Handler)
    i.Encoder_Init                           0x08000200   Section        0  encoder.o(i.Encoder_Init)
    i.Encoder_sample                         0x08000264   Section        0  encoder.o(i.Encoder_sample)
    i.FOC_arm                                0x08000438   Section        0  foc.o(i.FOC_arm)
    i.FOC_disarm                             0x08000478   Section        0  foc.o(i.FOC_disarm)
    i.FOC_init                               0x080004b0   Section        0  foc.o(i.FOC_init)
    i.FOC_update_current_ctrl_gain           0x080004ec   Section        0  foc.o(i.FOC_update_current_ctrl_gain)
    i.FSM_init                               0x08000528   Section        0  fsm_task.o(i.FSM_init)
    i.FSM_set_state                          0x08000550   Section        0  fsm_task.o(i.FSM_set_state)
    i.HardFault_Handler                      0x08000628   Section        0  gd32c10x_it.o(i.HardFault_Handler)
    i.MT6816_Init                            0x0800062c   Section        0  encoder.o(i.MT6816_Init)
    MT6816_Init                              0x0800062d   Thumb Code    10  encoder.o(i.MT6816_Init)
    i.MemManage_Handler                      0x0800063c   Section        0  gd32c10x_it.o(i.MemManage_Handler)
    i.NMI_Handler                            0x0800063e   Section        0  gd32c10x_it.o(i.NMI_Handler)
    i.PWMC_CurrentReadingPolarization        0x08000640   Section        0  pwm_curr.o(i.PWMC_CurrentReadingPolarization)
    i.PWMC_SwitchOffPWM                      0x080006e0   Section        0  pwm_curr.o(i.PWMC_SwitchOffPWM)
    i.PWMC_SwitchOnPWM                       0x08000744   Section        0  pwm_curr.o(i.PWMC_SwitchOnPWM)
    i.PWMC_TurnOnLowSides                    0x080007bc   Section        0  pwm_curr.o(i.PWMC_TurnOnLowSides)
    i.PWMC_init                              0x08000830   Section        0  pwm_curr.o(i.PWMC_init)
    i.PendSV_Handler                         0x08000900   Section        0  gd32c10x_it.o(i.PendSV_Handler)
    i.SVC_Handler                            0x08000902   Section        0  gd32c10x_it.o(i.SVC_Handler)
    i.SysTick_Handler                        0x08000904   Section        0  gd32c10x_it.o(i.SysTick_Handler)
    i.SystemInit                             0x08000908   Section        0  system_gd32c10x.o(i.SystemInit)
    i.TIMER5_IRQHandler                      0x080009c8   Section        0  gd32c10x_it.o(i.TIMER5_IRQHandler)
    i.USART0_IRQHandler                      0x080009cc   Section        0  gd32c10x_it.o(i.USART0_IRQHandler)
    i.USART2_IRQHandler                      0x080009d0   Section        0  gd32c10x_it.o(i.USART2_IRQHandler)
    i.USR_CONFIG_set_default_config          0x080009d4   Section        0  user_config.o(i.USR_CONFIG_set_default_config)
    i.Update_TimerTick                       0x08000ae4   Section        0  delay_timer.o(i.Update_TimerTick)
    i.UsageFault_Handler                     0x08000b10   Section        0  gd32c10x_it.o(i.UsageFault_Handler)
    i.__scatterload_copy                     0x08000b12   Section       14  handlers.o(i.__scatterload_copy)
    i.__scatterload_null                     0x08000b20   Section        2  handlers.o(i.__scatterload_null)
    i.__scatterload_zeroinit                 0x08000b22   Section       14  handlers.o(i.__scatterload_zeroinit)
    i.adc_calibration_enable                 0x08000b30   Section        0  gd32c10x_adc.o(i.adc_calibration_enable)
    i.adc_channel_length_config              0x08000b4e   Section        0  gd32c10x_adc.o(i.adc_channel_length_config)
    i.adc_data_alignment_config              0x08000b88   Section        0  gd32c10x_adc.o(i.adc_data_alignment_config)
    i.adc_deinit                             0x08000ba0   Section        0  gd32c10x_adc.o(i.adc_deinit)
    i.adc_enable                             0x08000bdc   Section        0  gd32c10x_adc.o(i.adc_enable)
    i.adc_external_trigger_config            0x08000bec   Section        0  gd32c10x_adc.o(i.adc_external_trigger_config)
    i.adc_external_trigger_source_config     0x08000c24   Section        0  gd32c10x_adc.o(i.adc_external_trigger_source_config)
    i.adc_inserted_channel_config            0x08000c4c   Section        0  gd32c10x_adc.o(i.adc_inserted_channel_config)
    i.adc_interrupt_disable                  0x08000c9c   Section        0  gd32c10x_adc.o(i.adc_interrupt_disable)
    i.adc_interrupt_enable                   0x08000cc2   Section        0  gd32c10x_adc.o(i.adc_interrupt_enable)
    i.adc_interrupt_flag_clear               0x08000ce8   Section        0  gd32c10x_adc.o(i.adc_interrupt_flag_clear)
    i.adc_mode_config                        0x08000cf0   Section        0  gd32c10x_adc.o(i.adc_mode_config)
    i.adc_regular_channel_config             0x08000d08   Section        0  gd32c10x_adc.o(i.adc_regular_channel_config)
    i.adc_software_trigger_enable            0x08000d86   Section        0  gd32c10x_adc.o(i.adc_software_trigger_enable)
    i.adc_special_function_config            0x08000da0   Section        0  gd32c10x_adc.o(i.adc_special_function_config)
    i.bsp_adc0_Init                          0x08000df0   Section        0  system_board.o(i.bsp_adc0_Init)
    bsp_adc0_Init                            0x08000df1   Thumb Code   148  system_board.o(i.bsp_adc0_Init)
    i.bsp_adc1_Init                          0x08000e88   Section        0  system_board.o(i.bsp_adc1_Init)
    bsp_adc1_Init                            0x08000e89   Thumb Code    64  system_board.o(i.bsp_adc1_Init)
    i.bsp_dma0_Init                          0x08000ecc   Section        0  system_board.o(i.bsp_dma0_Init)
    bsp_dma0_Init                            0x08000ecd   Thumb Code   404  system_board.o(i.bsp_dma0_Init)
    i.bsp_gpio_Init                          0x0800107c   Section        0  system_board.o(i.bsp_gpio_Init)
    bsp_gpio_Init                            0x0800107d   Thumb Code   254  system_board.o(i.bsp_gpio_Init)
    i.bsp_gpio_lock                          0x08001184   Section        0  system_board.o(i.bsp_gpio_lock)
    bsp_gpio_lock                            0x08001185   Thumb Code   158  system_board.o(i.bsp_gpio_lock)
    i.bsp_nvic_Init                          0x0800122c   Section        0  system_board.o(i.bsp_nvic_Init)
    bsp_nvic_Init                            0x0800122d   Thumb Code    70  system_board.o(i.bsp_nvic_Init)
    i.bsp_rcu_Init                           0x08001280   Section        0  system_board.o(i.bsp_rcu_Init)
    bsp_rcu_Init                             0x08001281   Thumb Code   108  system_board.o(i.bsp_rcu_Init)
    i.bsp_spi0_Init                          0x080012ec   Section        0  system_board.o(i.bsp_spi0_Init)
    bsp_spi0_Init                            0x080012ed   Thumb Code    64  system_board.o(i.bsp_spi0_Init)
    i.bsp_timer0_Init                        0x08001330   Section        0  system_board.o(i.bsp_timer0_Init)
    bsp_timer0_Init                          0x08001331   Thumb Code   298  system_board.o(i.bsp_timer0_Init)
    i.bsp_timer5_Init                        0x08001460   Section        0  system_board.o(i.bsp_timer5_Init)
    bsp_timer5_Init                          0x08001461   Thumb Code    52  system_board.o(i.bsp_timer5_Init)
    i.bsp_usart0_Init                        0x08001498   Section        0  system_board.o(i.bsp_usart0_Init)
    bsp_usart0_Init                          0x08001499   Thumb Code    78  system_board.o(i.bsp_usart0_Init)
    i.delay_ms                               0x080014ec   Section        0  main.o(i.delay_ms)
    i.delay_timer_Init                       0x08001504   Section        0  delay_timer.o(i.delay_timer_Init)
    i.dma_channel_disable                    0x08001510   Section        0  gd32c10x_dma.o(i.dma_channel_disable)
    i.dma_channel_enable                     0x08001534   Section        0  gd32c10x_dma.o(i.dma_channel_enable)
    i.dma_circulation_disable                0x08001558   Section        0  gd32c10x_dma.o(i.dma_circulation_disable)
    i.dma_circulation_enable                 0x0800157c   Section        0  gd32c10x_dma.o(i.dma_circulation_enable)
    i.dma_deinit                             0x080015a0   Section        0  gd32c10x_dma.o(i.dma_deinit)
    i.dma_init                               0x080015da   Section        0  gd32c10x_dma.o(i.dma_init)
    i.dma_memory_address_config              0x08001660   Section        0  gd32c10x_dma.o(i.dma_memory_address_config)
    i.dma_memory_to_memory_disable           0x08001680   Section        0  gd32c10x_dma.o(i.dma_memory_to_memory_disable)
    i.dma_periph_and_channel_check           0x080016a4   Section        0  gd32c10x_dma.o(i.dma_periph_and_channel_check)
    dma_periph_and_channel_check             0x080016a5   Thumb Code    18  gd32c10x_dma.o(i.dma_periph_and_channel_check)
    i.dma_struct_para_init                   0x080016bc   Section        0  gd32c10x_dma.o(i.dma_struct_para_init)
    i.dma_transfer_number_config             0x080016d8   Section        0  gd32c10x_dma.o(i.dma_transfer_number_config)
    i.dma_transfer_number_get                0x080016fa   Section        0  gd32c10x_dma.o(i.dma_transfer_number_get)
    i.gpio_bit_reset                         0x08001718   Section        0  gd32c10x_gpio.o(i.gpio_bit_reset)
    i.gpio_bit_set                           0x0800171c   Section        0  gd32c10x_gpio.o(i.gpio_bit_set)
    i.gpio_init                              0x08001720   Section        0  gd32c10x_gpio.o(i.gpio_init)
    i.gpio_pin_lock                          0x080017c4   Section        0  gd32c10x_gpio.o(i.gpio_pin_lock)
    i.gpio_pin_remap_config                  0x080017d4   Section        0  gd32c10x_gpio.o(i.gpio_pin_remap_config)
    i.main                                   0x08001830   Section        0  main.o(i.main)
    i.nvic_irq_enable                        0x080018d4   Section        0  gd32c10x_misc.o(i.nvic_irq_enable)
    i.nvic_priority_group_set                0x08001964   Section        0  gd32c10x_misc.o(i.nvic_priority_group_set)
    i.nvic_vector_table_set                  0x08001978   Section        0  gd32c10x_misc.o(i.nvic_vector_table_set)
    i.rcu_adc_clock_config                   0x08001990   Section        0  gd32c10x_rcu.o(i.rcu_adc_clock_config)
    i.rcu_clock_freq_get                     0x080019e4   Section        0  gd32c10x_rcu.o(i.rcu_clock_freq_get)
    i.rcu_periph_clock_enable                0x08001b04   Section        0  gd32c10x_rcu.o(i.rcu_periph_clock_enable)
    i.rcu_periph_reset_disable               0x08001b20   Section        0  gd32c10x_rcu.o(i.rcu_periph_reset_disable)
    i.rcu_periph_reset_enable                0x08001b3c   Section        0  gd32c10x_rcu.o(i.rcu_periph_reset_enable)
    i.spi_enable                             0x08001b58   Section        0  gd32c10x_spi.o(i.spi_enable)
    i.spi_i2s_data_receive                   0x08001b62   Section        0  gd32c10x_spi.o(i.spi_i2s_data_receive)
    i.spi_i2s_data_transmit                  0x08001b68   Section        0  gd32c10x_spi.o(i.spi_i2s_data_transmit)
    i.spi_i2s_deinit                         0x08001b6c   Section        0  gd32c10x_spi.o(i.spi_i2s_deinit)
    i.spi_i2s_flag_get                       0x08001bc4   Section        0  gd32c10x_spi.o(i.spi_i2s_flag_get)
    i.spi_init                               0x08001bd2   Section        0  gd32c10x_spi.o(i.spi_init)
    i.spi_struct_para_init                   0x08001c00   Section        0  gd32c10x_spi.o(i.spi_struct_para_init)
    i.system_clock_120m_hxtal                0x08001c14   Section        0  system_gd32c10x.o(i.system_clock_120m_hxtal)
    system_clock_120m_hxtal                  0x08001c15   Thumb Code   150  system_gd32c10x.o(i.system_clock_120m_hxtal)
    i.system_clock_config                    0x08001cc4   Section        0  system_gd32c10x.o(i.system_clock_config)
    system_clock_config                      0x08001cc5   Thumb Code     4  system_gd32c10x.o(i.system_clock_config)
    i.timer_auto_reload_shadow_enable        0x08001cc8   Section        0  gd32c10x_timer.o(i.timer_auto_reload_shadow_enable)
    i.timer_break_config                     0x08001cd2   Section        0  gd32c10x_timer.o(i.timer_break_config)
    i.timer_break_struct_para_init           0x08001cf2   Section        0  gd32c10x_timer.o(i.timer_break_struct_para_init)
    i.timer_channel_complementary_output_state_config 0x08001d04   Section        0  gd32c10x_timer.o(i.timer_channel_complementary_output_state_config)
    i.timer_channel_output_config            0x08001d44   Section        0  gd32c10x_timer.o(i.timer_channel_output_config)
    i.timer_channel_output_mode_config       0x08001f1c   Section        0  gd32c10x_timer.o(i.timer_channel_output_mode_config)
    i.timer_channel_output_pulse_value_config 0x08001f70   Section        0  gd32c10x_timer.o(i.timer_channel_output_pulse_value_config)
    i.timer_channel_output_shadow_config     0x08001f90   Section        0  gd32c10x_timer.o(i.timer_channel_output_shadow_config)
    i.timer_channel_output_state_config      0x08001fe4   Section        0  gd32c10x_timer.o(i.timer_channel_output_state_config)
    i.timer_channel_output_struct_para_init  0x0800203a   Section        0  gd32c10x_timer.o(i.timer_channel_output_struct_para_init)
    i.timer_deinit                           0x0800204c   Section        0  gd32c10x_timer.o(i.timer_deinit)
    i.timer_enable                           0x080021d4   Section        0  gd32c10x_timer.o(i.timer_enable)
    i.timer_flag_clear                       0x080021de   Section        0  gd32c10x_timer.o(i.timer_flag_clear)
    i.timer_flag_get                         0x080021e4   Section        0  gd32c10x_timer.o(i.timer_flag_get)
    i.timer_init                             0x080021f4   Section        0  gd32c10x_timer.o(i.timer_init)
    i.timer_interrupt_enable                 0x08002294   Section        0  gd32c10x_timer.o(i.timer_interrupt_enable)
    i.timer_interrupt_flag_clear             0x0800229c   Section        0  gd32c10x_timer.o(i.timer_interrupt_flag_clear)
    i.timer_interrupt_flag_get               0x080022a2   Section        0  gd32c10x_timer.o(i.timer_interrupt_flag_get)
    i.timer_primary_output_config            0x080022b6   Section        0  gd32c10x_timer.o(i.timer_primary_output_config)
    i.timer_repetition_value_config          0x080022ce   Section        0  gd32c10x_timer.o(i.timer_repetition_value_config)
    i.timer_struct_para_init                 0x080022d2   Section        0  gd32c10x_timer.o(i.timer_struct_para_init)
    i.usart0_call_back                       0x080022e8   Section        0  usart.o(i.usart0_call_back)
    i.usart2_call_back                       0x08002358   Section        0  usart.o(i.usart2_call_back)
    i.usart_baudrate_set                     0x080023c8   Section        0  gd32c10x_usart.o(i.usart_baudrate_set)
    i.usart_data_receive                     0x08002438   Section        0  gd32c10x_usart.o(i.usart_data_receive)
    i.usart_deinit                           0x08002440   Section        0  gd32c10x_usart.o(i.usart_deinit)
    i.usart_dma_receive_config               0x080024d0   Section        0  gd32c10x_usart.o(i.usart_dma_receive_config)
    i.usart_dma_transmit_config              0x080024e4   Section        0  gd32c10x_usart.o(i.usart_dma_transmit_config)
    i.usart_enable                           0x080024f8   Section        0  gd32c10x_usart.o(i.usart_enable)
    i.usart_interrupt_enable                 0x08002502   Section        0  gd32c10x_usart.o(i.usart_interrupt_enable)
    i.usart_interrupt_flag_clear             0x08002516   Section        0  gd32c10x_usart.o(i.usart_interrupt_flag_clear)
    i.usart_interrupt_flag_get               0x08002528   Section        0  gd32c10x_usart.o(i.usart_interrupt_flag_get)
    i.usart_receive_config                   0x0800255a   Section        0  gd32c10x_usart.o(i.usart_receive_config)
    i.usart_stop_bit_set                     0x0800256e   Section        0  gd32c10x_usart.o(i.usart_stop_bit_set)
    i.usart_transmit_config                  0x0800257e   Section        0  gd32c10x_usart.o(i.usart_transmit_config)
    i.usart_word_length_set                  0x08002592   Section        0  gd32c10x_usart.o(i.usart_word_length_set)
    .data                                    0x20000000   Section        1  main.o(.data)
    .data                                    0x20000004   Section        4  delay_timer.o(.data)
    .data                                    0x20000008   Section        2  pwm_curr.o(.data)
    .data                                    0x2000000a   Section        4  pwm_curr.o(.data)
    .data                                    0x2000000e   Section        5  fsm_task.o(.data)
    mChargeBootCapDelay                      0x2000000e   Data           2  fsm_task.o(.data)
    mFSM                                     0x20000010   Data           3  fsm_task.o(.data)
    .data                                    0x20000014   Section        4  usart.o(.data)
    this_time_rx_len                         0x20000014   Data           2  usart.o(.data)
    this_time_rx_len                         0x20000016   Data           2  usart.o(.data)
    .bss                                     0x20000018   Section       80  encoder.o(.bss)
    .bss                                     0x20000068   Section       24  fsm_task.o(.bss)
    .bss                                     0x20000080   Section       80  foc.o(.bss)
    .bss                                     0x200000d0   Section      664  user_config.o(.bss)
    .bss                                     0x20000368   Section      128  usart.o(.bss)
    STACK                                    0x200003e8   Section     1024  startup_gd32c10x.o(STACK)

    Global Symbols

    Symbol Name                              Value     Ov Type        Size  Object(Section)

    BuildAttributes$$THM_ISAv4$E$P$D$K$B$S$7EM$VFPi3$EXTD16$VFPS$VFMA$PE$A:L22UL41UL21$X:L11$S22US41US21$IEEE1$IW$USESV6$~STKCKD$USESV7$~SHL$OTIME$ROPI$IEEEJ$EBA8$MICROLIB$REQ8$PRES8$EABIv2 0x00000000   Number         0  anon$$obj.o ABSOLUTE
    __ARM_use_no_argv                        0x00000000   Number         0  main.o ABSOLUTE
    __arm_fini_                               - Undefined Weak Reference
    __cpp_initialize__aeabi_                  - Undefined Weak Reference
    __cxa_finalize                            - Undefined Weak Reference
    __decompress                              - Undefined Weak Reference
    _clock_init                               - Undefined Weak Reference
    _microlib_exit                            - Undefined Weak Reference
    __Vectors_Size                           0x00000150   Number         0  startup_gd32c10x.o ABSOLUTE
    __Vectors                                0x08000000   Data           4  startup_gd32c10x.o(RESET)
    __Vectors_End                            0x08000150   Data           0  startup_gd32c10x.o(RESET)
    __main                                   0x08000151   Thumb Code     0  entry.o(.ARM.Collect$$$$00000000)
    _main_stk                                0x08000151   Thumb Code     0  entry2.o(.ARM.Collect$$$$00000001)
    _main_scatterload                        0x08000155   Thumb Code     0  entry5.o(.ARM.Collect$$$$00000004)
    __main_after_scatterload                 0x08000159   Thumb Code     0  entry5.o(.ARM.Collect$$$$00000004)
    _main_clock                              0x08000159   Thumb Code     0  entry7b.o(.ARM.Collect$$$$00000008)
    _main_cpp_init                           0x08000159   Thumb Code     0  entry8b.o(.ARM.Collect$$$$0000000A)
    _main_init                               0x08000159   Thumb Code     0  entry9a.o(.ARM.Collect$$$$0000000B)
    __rt_lib_shutdown_fini                   0x08000161   Thumb Code     0  entry12b.o(.ARM.Collect$$$$0000000E)
    __rt_final_cpp                           0x08000165   Thumb Code     0  entry10a.o(.ARM.Collect$$$$0000000F)
    __rt_final_exit                          0x08000165   Thumb Code     0  entry11a.o(.ARM.Collect$$$$00000011)
    Reset_Handler                            0x08000169   Thumb Code     8  startup_gd32c10x.o(.text)
    CAN0_EWMC_IRQHandler                     0x08000183   Thumb Code     0  startup_gd32c10x.o(.text)
    CAN0_RX0_IRQHandler                      0x08000183   Thumb Code     0  startup_gd32c10x.o(.text)
    CAN0_RX1_IRQHandler                      0x08000183   Thumb Code     0  startup_gd32c10x.o(.text)
    CAN0_TX_IRQHandler                       0x08000183   Thumb Code     0  startup_gd32c10x.o(.text)
    CAN1_EWMC_IRQHandler                     0x08000183   Thumb Code     0  startup_gd32c10x.o(.text)
    CAN1_RX0_IRQHandler                      0x08000183   Thumb Code     0  startup_gd32c10x.o(.text)
    CAN1_RX1_IRQHandler                      0x08000183   Thumb Code     0  startup_gd32c10x.o(.text)
    CAN1_TX_IRQHandler                       0x08000183   Thumb Code     0  startup_gd32c10x.o(.text)
    DMA0_Channel0_IRQHandler                 0x08000183   Thumb Code     0  startup_gd32c10x.o(.text)
    DMA0_Channel1_IRQHandler                 0x08000183   Thumb Code     0  startup_gd32c10x.o(.text)
    DMA0_Channel3_IRQHandler                 0x08000183   Thumb Code     0  startup_gd32c10x.o(.text)
    DMA0_Channel5_IRQHandler                 0x08000183   Thumb Code     0  startup_gd32c10x.o(.text)
    DMA0_Channel6_IRQHandler                 0x08000183   Thumb Code     0  startup_gd32c10x.o(.text)
    DMA1_Channel0_IRQHandler                 0x08000183   Thumb Code     0  startup_gd32c10x.o(.text)
    DMA1_Channel1_IRQHandler                 0x08000183   Thumb Code     0  startup_gd32c10x.o(.text)
    DMA1_Channel2_IRQHandler                 0x08000183   Thumb Code     0  startup_gd32c10x.o(.text)
    DMA1_Channel3_IRQHandler                 0x08000183   Thumb Code     0  startup_gd32c10x.o(.text)
    DMA1_Channel4_IRQHandler                 0x08000183   Thumb Code     0  startup_gd32c10x.o(.text)
    EXMC_IRQHandler                          0x08000183   Thumb Code     0  startup_gd32c10x.o(.text)
    EXTI0_IRQHandler                         0x08000183   Thumb Code     0  startup_gd32c10x.o(.text)
    EXTI10_15_IRQHandler                     0x08000183   Thumb Code     0  startup_gd32c10x.o(.text)
    EXTI1_IRQHandler                         0x08000183   Thumb Code     0  startup_gd32c10x.o(.text)
    EXTI2_IRQHandler                         0x08000183   Thumb Code     0  startup_gd32c10x.o(.text)
    EXTI3_IRQHandler                         0x08000183   Thumb Code     0  startup_gd32c10x.o(.text)
    EXTI4_IRQHandler                         0x08000183   Thumb Code     0  startup_gd32c10x.o(.text)
    EXTI5_9_IRQHandler                       0x08000183   Thumb Code     0  startup_gd32c10x.o(.text)
    FMC_IRQHandler                           0x08000183   Thumb Code     0  startup_gd32c10x.o(.text)
    I2C0_ER_IRQHandler                       0x08000183   Thumb Code     0  startup_gd32c10x.o(.text)
    I2C0_EV_IRQHandler                       0x08000183   Thumb Code     0  startup_gd32c10x.o(.text)
    I2C1_ER_IRQHandler                       0x08000183   Thumb Code     0  startup_gd32c10x.o(.text)
    I2C1_EV_IRQHandler                       0x08000183   Thumb Code     0  startup_gd32c10x.o(.text)
    LVD_IRQHandler                           0x08000183   Thumb Code     0  startup_gd32c10x.o(.text)
    RCU_CTC_IRQHandler                       0x08000183   Thumb Code     0  startup_gd32c10x.o(.text)
    RTC_Alarm_IRQHandler                     0x08000183   Thumb Code     0  startup_gd32c10x.o(.text)
    RTC_IRQHandler                           0x08000183   Thumb Code     0  startup_gd32c10x.o(.text)
    SPI0_IRQHandler                          0x08000183   Thumb Code     0  startup_gd32c10x.o(.text)
    SPI1_IRQHandler                          0x08000183   Thumb Code     0  startup_gd32c10x.o(.text)
    SPI2_IRQHandler                          0x08000183   Thumb Code     0  startup_gd32c10x.o(.text)
    TAMPER_IRQHandler                        0x08000183   Thumb Code     0  startup_gd32c10x.o(.text)
    TIMER0_BRK_TIMER8_IRQHandler             0x08000183   Thumb Code     0  startup_gd32c10x.o(.text)
    TIMER0_Channel_IRQHandler                0x08000183   Thumb Code     0  startup_gd32c10x.o(.text)
    TIMER0_TRG_CMT_TIMER10_IRQHandler        0x08000183   Thumb Code     0  startup_gd32c10x.o(.text)
    TIMER0_UP_TIMER9_IRQHandler              0x08000183   Thumb Code     0  startup_gd32c10x.o(.text)
    TIMER1_IRQHandler                        0x08000183   Thumb Code     0  startup_gd32c10x.o(.text)
    TIMER2_IRQHandler                        0x08000183   Thumb Code     0  startup_gd32c10x.o(.text)
    TIMER3_IRQHandler                        0x08000183   Thumb Code     0  startup_gd32c10x.o(.text)
    TIMER4_IRQHandler                        0x08000183   Thumb Code     0  startup_gd32c10x.o(.text)
    TIMER6_IRQHandler                        0x08000183   Thumb Code     0  startup_gd32c10x.o(.text)
    TIMER7_BRK_TIMER11_IRQHandler            0x08000183   Thumb Code     0  startup_gd32c10x.o(.text)
    TIMER7_Channel_IRQHandler                0x08000183   Thumb Code     0  startup_gd32c10x.o(.text)
    TIMER7_TRG_CMT_TIMER13_IRQHandler        0x08000183   Thumb Code     0  startup_gd32c10x.o(.text)
    TIMER7_UP_TIMER12_IRQHandler             0x08000183   Thumb Code     0  startup_gd32c10x.o(.text)
    UART3_IRQHandler                         0x08000183   Thumb Code     0  startup_gd32c10x.o(.text)
    UART4_IRQHandler                         0x08000183   Thumb Code     0  startup_gd32c10x.o(.text)
    USART1_IRQHandler                        0x08000183   Thumb Code     0  startup_gd32c10x.o(.text)
    USBFS_IRQHandler                         0x08000183   Thumb Code     0  startup_gd32c10x.o(.text)
    USBFS_WKUP_IRQHandler                    0x08000183   Thumb Code     0  startup_gd32c10x.o(.text)
    WWDGT_IRQHandler                         0x08000183   Thumb Code     0  startup_gd32c10x.o(.text)
    __scatterload                            0x0800018d   Thumb Code    28  init.o(.text)
    __scatterload_rt2                        0x0800018d   Thumb Code     0  init.o(.text)
    ADC0_1_IRQHandler                        0x080001b1   Thumb Code    12  gd32c10x_it.o(i.ADC0_1_IRQHandler)
    BSP_Init                                 0x080001c1   Thumb Code    54  system_board.o(i.BSP_Init)
    BusFault_Handler                         0x080001f7   Thumb Code     2  gd32c10x_it.o(i.BusFault_Handler)
    DMA0_Channel2_IRQHandler                 0x080001f9   Thumb Code     2  gd32c10x_it.o(i.DMA0_Channel2_IRQHandler)
    DMA0_Channel4_IRQHandler                 0x080001fb   Thumb Code     2  gd32c10x_it.o(i.DMA0_Channel4_IRQHandler)
    DebugMon_Handler                         0x080001fd   Thumb Code     2  gd32c10x_it.o(i.DebugMon_Handler)
    Encoder_Init                             0x08000201   Thumb Code    80  encoder.o(i.Encoder_Init)
    Encoder_sample                           0x08000265   Thumb Code   456  encoder.o(i.Encoder_sample)
    FOC_arm                                  0x08000439   Thumb Code    56  foc.o(i.FOC_arm)
    FOC_disarm                               0x08000479   Thumb Code    48  foc.o(i.FOC_disarm)
    FOC_init                                 0x080004b1   Thumb Code    48  foc.o(i.FOC_init)
    FOC_update_current_ctrl_gain             0x080004ed   Thumb Code    44  foc.o(i.FOC_update_current_ctrl_gain)
    FSM_init                                 0x08000529   Thumb Code    32  fsm_task.o(i.FSM_init)
    FSM_set_state                            0x08000551   Thumb Code   202  fsm_task.o(i.FSM_set_state)
    HardFault_Handler                        0x08000629   Thumb Code     2  gd32c10x_it.o(i.HardFault_Handler)
    MemManage_Handler                        0x0800063d   Thumb Code     2  gd32c10x_it.o(i.MemManage_Handler)
    NMI_Handler                              0x0800063f   Thumb Code     2  gd32c10x_it.o(i.NMI_Handler)
    PWMC_CurrentReadingPolarization          0x08000641   Thumb Code   142  pwm_curr.o(i.PWMC_CurrentReadingPolarization)
    PWMC_SwitchOffPWM                        0x080006e1   Thumb Code    96  pwm_curr.o(i.PWMC_SwitchOffPWM)
    PWMC_SwitchOnPWM                         0x08000745   Thumb Code   114  pwm_curr.o(i.PWMC_SwitchOnPWM)
    PWMC_TurnOnLowSides                      0x080007bd   Thumb Code   112  pwm_curr.o(i.PWMC_TurnOnLowSides)
    PWMC_init                                0x08000831   Thumb Code   194  pwm_curr.o(i.PWMC_init)
    PendSV_Handler                           0x08000901   Thumb Code     2  gd32c10x_it.o(i.PendSV_Handler)
    SVC_Handler                              0x08000903   Thumb Code     2  gd32c10x_it.o(i.SVC_Handler)
    SysTick_Handler                          0x08000905   Thumb Code     2  gd32c10x_it.o(i.SysTick_Handler)
    SystemInit                               0x08000909   Thumb Code   178  system_gd32c10x.o(i.SystemInit)
    TIMER5_IRQHandler                        0x080009c9   Thumb Code     4  gd32c10x_it.o(i.TIMER5_IRQHandler)
    USART0_IRQHandler                        0x080009cd   Thumb Code     4  gd32c10x_it.o(i.USART0_IRQHandler)
    USART2_IRQHandler                        0x080009d1   Thumb Code     4  gd32c10x_it.o(i.USART2_IRQHandler)
    USR_CONFIG_set_default_config            0x080009d5   Thumb Code   216  user_config.o(i.USR_CONFIG_set_default_config)
    Update_TimerTick                         0x08000ae5   Thumb Code    34  delay_timer.o(i.Update_TimerTick)
    UsageFault_Handler                       0x08000b11   Thumb Code     2  gd32c10x_it.o(i.UsageFault_Handler)
    __scatterload_copy                       0x08000b13   Thumb Code    14  handlers.o(i.__scatterload_copy)
    __scatterload_null                       0x08000b21   Thumb Code     2  handlers.o(i.__scatterload_null)
    __scatterload_zeroinit                   0x08000b23   Thumb Code    14  handlers.o(i.__scatterload_zeroinit)
    adc_calibration_enable                   0x08000b31   Thumb Code    30  gd32c10x_adc.o(i.adc_calibration_enable)
    adc_channel_length_config                0x08000b4f   Thumb Code    58  gd32c10x_adc.o(i.adc_channel_length_config)
    adc_data_alignment_config                0x08000b89   Thumb Code    24  gd32c10x_adc.o(i.adc_data_alignment_config)
    adc_deinit                               0x08000ba1   Thumb Code    56  gd32c10x_adc.o(i.adc_deinit)
    adc_enable                               0x08000bdd   Thumb Code    16  gd32c10x_adc.o(i.adc_enable)
    adc_external_trigger_config              0x08000bed   Thumb Code    56  gd32c10x_adc.o(i.adc_external_trigger_config)
    adc_external_trigger_source_config       0x08000c25   Thumb Code    40  gd32c10x_adc.o(i.adc_external_trigger_source_config)
    adc_inserted_channel_config              0x08000c4d   Thumb Code    80  gd32c10x_adc.o(i.adc_inserted_channel_config)
    adc_interrupt_disable                    0x08000c9d   Thumb Code    38  gd32c10x_adc.o(i.adc_interrupt_disable)
    adc_interrupt_enable                     0x08000cc3   Thumb Code    38  gd32c10x_adc.o(i.adc_interrupt_enable)
    adc_interrupt_flag_clear                 0x08000ce9   Thumb Code     8  gd32c10x_adc.o(i.adc_interrupt_flag_clear)
    adc_mode_config                          0x08000cf1   Thumb Code    18  gd32c10x_adc.o(i.adc_mode_config)
    adc_regular_channel_config               0x08000d09   Thumb Code   126  gd32c10x_adc.o(i.adc_regular_channel_config)
    adc_software_trigger_enable              0x08000d87   Thumb Code    26  gd32c10x_adc.o(i.adc_software_trigger_enable)
    adc_special_function_config              0x08000da1   Thumb Code    80  gd32c10x_adc.o(i.adc_special_function_config)
    delay_ms                                 0x080014ed   Thumb Code    24  main.o(i.delay_ms)
    delay_timer_Init                         0x08001505   Thumb Code     6  delay_timer.o(i.delay_timer_Init)
    dma_channel_disable                      0x08001511   Thumb Code    36  gd32c10x_dma.o(i.dma_channel_disable)
    dma_channel_enable                       0x08001535   Thumb Code    36  gd32c10x_dma.o(i.dma_channel_enable)
    dma_circulation_disable                  0x08001559   Thumb Code    36  gd32c10x_dma.o(i.dma_circulation_disable)
    dma_circulation_enable                   0x0800157d   Thumb Code    36  gd32c10x_dma.o(i.dma_circulation_enable)
    dma_deinit                               0x080015a1   Thumb Code    58  gd32c10x_dma.o(i.dma_deinit)
    dma_init                                 0x080015db   Thumb Code   134  gd32c10x_dma.o(i.dma_init)
    dma_memory_address_config                0x08001661   Thumb Code    32  gd32c10x_dma.o(i.dma_memory_address_config)
    dma_memory_to_memory_disable             0x08001681   Thumb Code    36  gd32c10x_dma.o(i.dma_memory_to_memory_disable)
    dma_struct_para_init                     0x080016bd   Thumb Code    28  gd32c10x_dma.o(i.dma_struct_para_init)
    dma_transfer_number_config               0x080016d9   Thumb Code    34  gd32c10x_dma.o(i.dma_transfer_number_config)
    dma_transfer_number_get                  0x080016fb   Thumb Code    30  gd32c10x_dma.o(i.dma_transfer_number_get)
    gpio_bit_reset                           0x08001719   Thumb Code     4  gd32c10x_gpio.o(i.gpio_bit_reset)
    gpio_bit_set                             0x0800171d   Thumb Code     4  gd32c10x_gpio.o(i.gpio_bit_set)
    gpio_init                                0x08001721   Thumb Code   164  gd32c10x_gpio.o(i.gpio_init)
    gpio_pin_lock                            0x080017c5   Thumb Code    16  gd32c10x_gpio.o(i.gpio_pin_lock)
    gpio_pin_remap_config                    0x080017d5   Thumb Code    86  gd32c10x_gpio.o(i.gpio_pin_remap_config)
    main                                     0x08001831   Thumb Code   152  main.o(i.main)
    nvic_irq_enable                          0x080018d5   Thumb Code   138  gd32c10x_misc.o(i.nvic_irq_enable)
    nvic_priority_group_set                  0x08001965   Thumb Code    10  gd32c10x_misc.o(i.nvic_priority_group_set)
    nvic_vector_table_set                    0x08001979   Thumb Code    16  gd32c10x_misc.o(i.nvic_vector_table_set)
    rcu_adc_clock_config                     0x08001991   Thumb Code    74  gd32c10x_rcu.o(i.rcu_adc_clock_config)
    rcu_clock_freq_get                       0x080019e5   Thumb Code   256  gd32c10x_rcu.o(i.rcu_clock_freq_get)
    rcu_periph_clock_enable                  0x08001b05   Thumb Code    22  gd32c10x_rcu.o(i.rcu_periph_clock_enable)
    rcu_periph_reset_disable                 0x08001b21   Thumb Code    22  gd32c10x_rcu.o(i.rcu_periph_reset_disable)
    rcu_periph_reset_enable                  0x08001b3d   Thumb Code    22  gd32c10x_rcu.o(i.rcu_periph_reset_enable)
    spi_enable                               0x08001b59   Thumb Code    10  gd32c10x_spi.o(i.spi_enable)
    spi_i2s_data_receive                     0x08001b63   Thumb Code     6  gd32c10x_spi.o(i.spi_i2s_data_receive)
    spi_i2s_data_transmit                    0x08001b69   Thumb Code     4  gd32c10x_spi.o(i.spi_i2s_data_transmit)
    spi_i2s_deinit                           0x08001b6d   Thumb Code    82  gd32c10x_spi.o(i.spi_i2s_deinit)
    spi_i2s_flag_get                         0x08001bc5   Thumb Code    14  gd32c10x_spi.o(i.spi_i2s_flag_get)
    spi_init                                 0x08001bd3   Thumb Code    46  gd32c10x_spi.o(i.spi_init)
    spi_struct_para_init                     0x08001c01   Thumb Code    18  gd32c10x_spi.o(i.spi_struct_para_init)
    timer_auto_reload_shadow_enable          0x08001cc9   Thumb Code    10  gd32c10x_timer.o(i.timer_auto_reload_shadow_enable)
    timer_break_config                       0x08001cd3   Thumb Code    32  gd32c10x_timer.o(i.timer_break_config)
    timer_break_struct_para_init             0x08001cf3   Thumb Code    18  gd32c10x_timer.o(i.timer_break_struct_para_init)
    timer_channel_complementary_output_state_config 0x08001d05   Thumb Code    64  gd32c10x_timer.o(i.timer_channel_complementary_output_state_config)
    timer_channel_output_config              0x08001d45   Thumb Code   464  gd32c10x_timer.o(i.timer_channel_output_config)
    timer_channel_output_mode_config         0x08001f1d   Thumb Code    84  gd32c10x_timer.o(i.timer_channel_output_mode_config)
    timer_channel_output_pulse_value_config  0x08001f71   Thumb Code    32  gd32c10x_timer.o(i.timer_channel_output_pulse_value_config)
    timer_channel_output_shadow_config       0x08001f91   Thumb Code    84  gd32c10x_timer.o(i.timer_channel_output_shadow_config)
    timer_channel_output_state_config        0x08001fe5   Thumb Code    86  gd32c10x_timer.o(i.timer_channel_output_state_config)
    timer_channel_output_struct_para_init    0x0800203b   Thumb Code    16  gd32c10x_timer.o(i.timer_channel_output_struct_para_init)
    timer_deinit                             0x0800204d   Thumb Code   378  gd32c10x_timer.o(i.timer_deinit)
    timer_enable                             0x080021d5   Thumb Code    10  gd32c10x_timer.o(i.timer_enable)
    timer_flag_clear                         0x080021df   Thumb Code     6  gd32c10x_timer.o(i.timer_flag_clear)
    timer_flag_get                           0x080021e5   Thumb Code    14  gd32c10x_timer.o(i.timer_flag_get)
    timer_init                               0x080021f5   Thumb Code   132  gd32c10x_timer.o(i.timer_init)
    timer_interrupt_enable                   0x08002295   Thumb Code     8  gd32c10x_timer.o(i.timer_interrupt_enable)
    timer_interrupt_flag_clear               0x0800229d   Thumb Code     6  gd32c10x_timer.o(i.timer_interrupt_flag_clear)
    timer_interrupt_flag_get                 0x080022a3   Thumb Code    20  gd32c10x_timer.o(i.timer_interrupt_flag_get)
    timer_primary_output_config              0x080022b7   Thumb Code    24  gd32c10x_timer.o(i.timer_primary_output_config)
    timer_repetition_value_config            0x080022cf   Thumb Code     4  gd32c10x_timer.o(i.timer_repetition_value_config)
    timer_struct_para_init                   0x080022d3   Thumb Code    20  gd32c10x_timer.o(i.timer_struct_para_init)
    usart0_call_back                         0x080022e9   Thumb Code    92  usart.o(i.usart0_call_back)
    usart2_call_back                         0x08002359   Thumb Code    92  usart.o(i.usart2_call_back)
    usart_baudrate_set                       0x080023c9   Thumb Code   102  gd32c10x_usart.o(i.usart_baudrate_set)
    usart_data_receive                       0x08002439   Thumb Code     8  gd32c10x_usart.o(i.usart_data_receive)
    usart_deinit                             0x08002441   Thumb Code   136  gd32c10x_usart.o(i.usart_deinit)
    usart_dma_receive_config                 0x080024d1   Thumb Code    20  gd32c10x_usart.o(i.usart_dma_receive_config)
    usart_dma_transmit_config                0x080024e5   Thumb Code    20  gd32c10x_usart.o(i.usart_dma_transmit_config)
    usart_enable                             0x080024f9   Thumb Code    10  gd32c10x_usart.o(i.usart_enable)
    usart_interrupt_enable                   0x08002503   Thumb Code    20  gd32c10x_usart.o(i.usart_interrupt_enable)
    usart_interrupt_flag_clear               0x08002517   Thumb Code    18  gd32c10x_usart.o(i.usart_interrupt_flag_clear)
    usart_interrupt_flag_get                 0x08002529   Thumb Code    50  gd32c10x_usart.o(i.usart_interrupt_flag_get)
    usart_receive_config                     0x0800255b   Thumb Code    20  gd32c10x_usart.o(i.usart_receive_config)
    usart_stop_bit_set                       0x0800256f   Thumb Code    16  gd32c10x_usart.o(i.usart_stop_bit_set)
    usart_transmit_config                    0x0800257f   Thumb Code    20  gd32c10x_usart.o(i.usart_transmit_config)
    usart_word_length_set                    0x08002593   Thumb Code    16  gd32c10x_usart.o(i.usart_word_length_set)
    Region$$Table$$Base                      0x080025a4   Number         0  anon$$obj.o(Region$$Table)
    Region$$Table$$Limit                     0x080025c4   Number         0  anon$$obj.o(Region$$Table)
    Cel                                      0x20000000   Data           1  main.o(.data)
    TimerCnt                                 0x20000004   Data           4  delay_timer.o(.data)
    ADC0_value                               0x20000008   Data           2  pwm_curr.o(.data)
    phase_b_adc_offset                       0x2000000a   Data           2  pwm_curr.o(.data)
    phase_c_adc_offset                       0x2000000c   Data           2  pwm_curr.o(.data)
    MT6816                                   0x20000018   Data          12  encoder.o(.bss)
    Encoder                                  0x20000028   Data          64  encoder.o(.bss)
    StatuswordNew                            0x20000068   Data          12  fsm_task.o(.bss)
    StatuswordOld                            0x20000074   Data          12  fsm_task.o(.bss)
    Foc                                      0x20000080   Data          80  foc.o(.bss)
    UsrConfig                                0x200000d0   Data         664  user_config.o(.bss)
    Usart0_Rx_Buff                           0x20000368   Data          64  usart.o(.bss)
    Usart2_Rx_Buff                           0x200003a8   Data          64  usart.o(.bss)
    __initial_sp                             0x200007e8   Data           0  startup_gd32c10x.o(STACK)



==============================================================================

Memory Map of the image

  Image Entry point : 0x08000151

  Load Region LR_IROM1 (Base: 0x08000000, Size: 0x000025dc, Max: 0x00020000, ABSOLUTE)

    Execution Region ER_IROM1 (Exec base: 0x08000000, Load base: 0x08000000, Size: 0x000025c4, Max: 0x00020000, ABSOLUTE)

    Exec Addr    Load Addr    Size         Type   Attr      Idx    E Section Name        Object

    0x08000000   0x08000000   0x00000150   Data   RO            3    RESET               startup_gd32c10x.o
    0x08000150   0x08000150   0x00000000   Code   RO         4875  * .ARM.Collect$$$$00000000  mc_w.l(entry.o)
    0x08000150   0x08000150   0x00000004   Code   RO         4890    .ARM.Collect$$$$00000001  mc_w.l(entry2.o)
    0x08000154   0x08000154   0x00000004   Code   RO         4893    .ARM.Collect$$$$00000004  mc_w.l(entry5.o)
    0x08000158   0x08000158   0x00000000   Code   RO         4895    .ARM.Collect$$$$00000008  mc_w.l(entry7b.o)
    0x08000158   0x08000158   0x00000000   Code   RO         4897    .ARM.Collect$$$$0000000A  mc_w.l(entry8b.o)
    0x08000158   0x08000158   0x00000008   Code   RO         4898    .ARM.Collect$$$$0000000B  mc_w.l(entry9a.o)
    0x08000160   0x08000160   0x00000004   Code   RO         4905    .ARM.Collect$$$$0000000E  mc_w.l(entry12b.o)
    0x08000164   0x08000164   0x00000000   Code   RO         4900    .ARM.Collect$$$$0000000F  mc_w.l(entry10a.o)
    0x08000164   0x08000164   0x00000000   Code   RO         4902    .ARM.Collect$$$$00000011  mc_w.l(entry11a.o)
    0x08000164   0x08000164   0x00000004   Code   RO         4891    .ARM.Collect$$$$00002712  mc_w.l(entry2.o)
    0x08000168   0x08000168   0x00000024   Code   RO            4    .text               startup_gd32c10x.o
    0x0800018c   0x0800018c   0x00000024   Code   RO         4932    .text               mc_w.l(init.o)
    0x080001b0   0x080001b0   0x00000010   Code   RO          189    i.ADC0_1_IRQHandler  gd32c10x_it.o
    0x080001c0   0x080001c0   0x00000036   Code   RO          296    i.BSP_Init          system_board.o
    0x080001f6   0x080001f6   0x00000002   Code   RO          190    i.BusFault_Handler  gd32c10x_it.o
    0x080001f8   0x080001f8   0x00000002   Code   RO          191    i.DMA0_Channel2_IRQHandler  gd32c10x_it.o
    0x080001fa   0x080001fa   0x00000002   Code   RO          192    i.DMA0_Channel4_IRQHandler  gd32c10x_it.o
    0x080001fc   0x080001fc   0x00000002   Code   RO          193    i.DebugMon_Handler  gd32c10x_it.o
    0x080001fe   0x080001fe   0x00000002   PAD
    0x08000200   0x08000200   0x00000064   Code   RO          549    i.Encoder_Init      encoder.o
    0x08000264   0x08000264   0x000001d4   Code   RO          550    i.Encoder_sample    encoder.o
    0x08000438   0x08000438   0x00000040   Code   RO          714    i.FOC_arm           foc.o
    0x08000478   0x08000478   0x00000038   Code   RO          716    i.FOC_disarm        foc.o
    0x080004b0   0x080004b0   0x0000003c   Code   RO          717    i.FOC_init          foc.o
    0x080004ec   0x080004ec   0x0000003c   Code   RO          718    i.FOC_update_current_ctrl_gain  foc.o
    0x08000528   0x08000528   0x00000028   Code   RO          644    i.FSM_init          fsm_task.o
    0x08000550   0x08000550   0x000000d8   Code   RO          646    i.FSM_set_state     fsm_task.o
    0x08000628   0x08000628   0x00000002   Code   RO          194    i.HardFault_Handler  gd32c10x_it.o
    0x0800062a   0x0800062a   0x00000002   PAD
    0x0800062c   0x0800062c   0x00000010   Code   RO          551    i.MT6816_Init       encoder.o
    0x0800063c   0x0800063c   0x00000002   Code   RO          195    i.MemManage_Handler  gd32c10x_it.o
    0x0800063e   0x0800063e   0x00000002   Code   RO          196    i.NMI_Handler       gd32c10x_it.o
    0x08000640   0x08000640   0x000000a0   Code   RO          591    i.PWMC_CurrentReadingPolarization  pwm_curr.o
    0x080006e0   0x080006e0   0x00000064   Code   RO          592    i.PWMC_SwitchOffPWM  pwm_curr.o
    0x08000744   0x08000744   0x00000078   Code   RO          593    i.PWMC_SwitchOnPWM  pwm_curr.o
    0x080007bc   0x080007bc   0x00000074   Code   RO          594    i.PWMC_TurnOnLowSides  pwm_curr.o
    0x08000830   0x08000830   0x000000d0   Code   RO          595    i.PWMC_init         pwm_curr.o
    0x08000900   0x08000900   0x00000002   Code   RO          197    i.PendSV_Handler    gd32c10x_it.o
    0x08000902   0x08000902   0x00000002   Code   RO          198    i.SVC_Handler       gd32c10x_it.o
    0x08000904   0x08000904   0x00000002   Code   RO          199    i.SysTick_Handler   gd32c10x_it.o
    0x08000906   0x08000906   0x00000002   PAD
    0x08000908   0x08000908   0x000000c0   Code   RO         1168    i.SystemInit        system_gd32c10x.o
    0x080009c8   0x080009c8   0x00000004   Code   RO          200    i.TIMER5_IRQHandler  gd32c10x_it.o
    0x080009cc   0x080009cc   0x00000004   Code   RO          201    i.USART0_IRQHandler  gd32c10x_it.o
    0x080009d0   0x080009d0   0x00000004   Code   RO          202    i.USART2_IRQHandler  gd32c10x_it.o
    0x080009d4   0x080009d4   0x00000110   Code   RO          947    i.USR_CONFIG_set_default_config  user_config.o
    0x08000ae4   0x08000ae4   0x0000002c   Code   RO          499    i.Update_TimerTick  delay_timer.o
    0x08000b10   0x08000b10   0x00000002   Code   RO          203    i.UsageFault_Handler  gd32c10x_it.o
    0x08000b12   0x08000b12   0x0000000e   Code   RO         4942    i.__scatterload_copy  mc_w.l(handlers.o)
    0x08000b20   0x08000b20   0x00000002   Code   RO         4943    i.__scatterload_null  mc_w.l(handlers.o)
    0x08000b22   0x08000b22   0x0000000e   Code   RO         4944    i.__scatterload_zeroinit  mc_w.l(handlers.o)
    0x08000b30   0x08000b30   0x0000001e   Code   RO         1294    i.adc_calibration_enable  gd32c10x_adc.o
    0x08000b4e   0x08000b4e   0x0000003a   Code   RO         1295    i.adc_channel_length_config  gd32c10x_adc.o
    0x08000b88   0x08000b88   0x00000018   Code   RO         1296    i.adc_data_alignment_config  gd32c10x_adc.o
    0x08000ba0   0x08000ba0   0x0000003c   Code   RO         1297    i.adc_deinit        gd32c10x_adc.o
    0x08000bdc   0x08000bdc   0x00000010   Code   RO         1302    i.adc_enable        gd32c10x_adc.o
    0x08000bec   0x08000bec   0x00000038   Code   RO         1303    i.adc_external_trigger_config  gd32c10x_adc.o
    0x08000c24   0x08000c24   0x00000028   Code   RO         1304    i.adc_external_trigger_source_config  gd32c10x_adc.o
    0x08000c4c   0x08000c4c   0x00000050   Code   RO         1307    i.adc_inserted_channel_config  gd32c10x_adc.o
    0x08000c9c   0x08000c9c   0x00000026   Code   RO         1311    i.adc_interrupt_disable  gd32c10x_adc.o
    0x08000cc2   0x08000cc2   0x00000026   Code   RO         1312    i.adc_interrupt_enable  gd32c10x_adc.o
    0x08000ce8   0x08000ce8   0x00000008   Code   RO         1313    i.adc_interrupt_flag_clear  gd32c10x_adc.o
    0x08000cf0   0x08000cf0   0x00000018   Code   RO         1315    i.adc_mode_config   gd32c10x_adc.o
    0x08000d08   0x08000d08   0x0000007e   Code   RO         1319    i.adc_regular_channel_config  gd32c10x_adc.o
    0x08000d86   0x08000d86   0x0000001a   Code   RO         1323    i.adc_software_trigger_enable  gd32c10x_adc.o
    0x08000da0   0x08000da0   0x00000050   Code   RO         1324    i.adc_special_function_config  gd32c10x_adc.o
    0x08000df0   0x08000df0   0x00000098   Code   RO          297    i.bsp_adc0_Init     system_board.o
    0x08000e88   0x08000e88   0x00000044   Code   RO          298    i.bsp_adc1_Init     system_board.o
    0x08000ecc   0x08000ecc   0x000001b0   Code   RO          299    i.bsp_dma0_Init     system_board.o
    0x0800107c   0x0800107c   0x00000108   Code   RO          300    i.bsp_gpio_Init     system_board.o
    0x08001184   0x08001184   0x000000a8   Code   RO          301    i.bsp_gpio_lock     system_board.o
    0x0800122c   0x0800122c   0x00000054   Code   RO          302    i.bsp_nvic_Init     system_board.o
    0x08001280   0x08001280   0x0000006c   Code   RO          303    i.bsp_rcu_Init      system_board.o
    0x080012ec   0x080012ec   0x00000044   Code   RO          304    i.bsp_spi0_Init     system_board.o
    0x08001330   0x08001330   0x00000130   Code   RO          305    i.bsp_timer0_Init   system_board.o
    0x08001460   0x08001460   0x00000038   Code   RO          306    i.bsp_timer5_Init   system_board.o
    0x08001498   0x08001498   0x00000054   Code   RO          307    i.bsp_usart0_Init   system_board.o
    0x080014ec   0x080014ec   0x00000018   Code   RO           12    i.delay_ms          main.o
    0x08001504   0x08001504   0x0000000c   Code   RO          501    i.delay_timer_Init  delay_timer.o
    0x08001510   0x08001510   0x00000024   Code   RO         2293    i.dma_channel_disable  gd32c10x_dma.o
    0x08001534   0x08001534   0x00000024   Code   RO         2294    i.dma_channel_enable  gd32c10x_dma.o
    0x08001558   0x08001558   0x00000024   Code   RO         2295    i.dma_circulation_disable  gd32c10x_dma.o
    0x0800157c   0x0800157c   0x00000024   Code   RO         2296    i.dma_circulation_enable  gd32c10x_dma.o
    0x080015a0   0x080015a0   0x0000003a   Code   RO         2297    i.dma_deinit        gd32c10x_dma.o
    0x080015da   0x080015da   0x00000086   Code   RO         2300    i.dma_init          gd32c10x_dma.o
    0x08001660   0x08001660   0x00000020   Code   RO         2305    i.dma_memory_address_config  gd32c10x_dma.o
    0x08001680   0x08001680   0x00000024   Code   RO         2308    i.dma_memory_to_memory_disable  gd32c10x_dma.o
    0x080016a4   0x080016a4   0x00000018   Code   RO         2312    i.dma_periph_and_channel_check  gd32c10x_dma.o
    0x080016bc   0x080016bc   0x0000001c   Code   RO         2317    i.dma_struct_para_init  gd32c10x_dma.o
    0x080016d8   0x080016d8   0x00000022   Code   RO         2319    i.dma_transfer_number_config  gd32c10x_dma.o
    0x080016fa   0x080016fa   0x0000001e   Code   RO         2320    i.dma_transfer_number_get  gd32c10x_dma.o
    0x08001718   0x08001718   0x00000004   Code   RO         2899    i.gpio_bit_reset    gd32c10x_gpio.o
    0x0800171c   0x0800171c   0x00000004   Code   RO         2900    i.gpio_bit_set      gd32c10x_gpio.o
    0x08001720   0x08001720   0x000000a4   Code   RO         2909    i.gpio_init         gd32c10x_gpio.o
    0x080017c4   0x080017c4   0x00000010   Code   RO         2914    i.gpio_pin_lock     gd32c10x_gpio.o
    0x080017d4   0x080017d4   0x0000005c   Code   RO         2915    i.gpio_pin_remap_config  gd32c10x_gpio.o
    0x08001830   0x08001830   0x000000a4   Code   RO           13    i.main              main.o
    0x080018d4   0x080018d4   0x00000090   Code   RO         3251    i.nvic_irq_enable   gd32c10x_misc.o
    0x08001964   0x08001964   0x00000014   Code   RO         3252    i.nvic_priority_group_set  gd32c10x_misc.o
    0x08001978   0x08001978   0x00000018   Code   RO         3253    i.nvic_vector_table_set  gd32c10x_misc.o
    0x08001990   0x08001990   0x00000054   Code   RO         3399    i.rcu_adc_clock_config  gd32c10x_rcu.o
    0x080019e4   0x080019e4   0x00000120   Code   RO         3408    i.rcu_clock_freq_get  gd32c10x_rcu.o
    0x08001b04   0x08001b04   0x0000001c   Code   RO         3428    i.rcu_periph_clock_enable  gd32c10x_rcu.o
    0x08001b20   0x08001b20   0x0000001c   Code   RO         3431    i.rcu_periph_reset_disable  gd32c10x_rcu.o
    0x08001b3c   0x08001b3c   0x0000001c   Code   RO         3432    i.rcu_periph_reset_enable  gd32c10x_rcu.o
    0x08001b58   0x08001b58   0x0000000a   Code   RO         3796    i.spi_enable        gd32c10x_spi.o
    0x08001b62   0x08001b62   0x00000006   Code   RO         3798    i.spi_i2s_data_receive  gd32c10x_spi.o
    0x08001b68   0x08001b68   0x00000004   Code   RO         3799    i.spi_i2s_data_transmit  gd32c10x_spi.o
    0x08001b6c   0x08001b6c   0x00000058   Code   RO         3800    i.spi_i2s_deinit    gd32c10x_spi.o
    0x08001bc4   0x08001bc4   0x0000000e   Code   RO         3801    i.spi_i2s_flag_get  gd32c10x_spi.o
    0x08001bd2   0x08001bd2   0x0000002e   Code   RO         3806    i.spi_init          gd32c10x_spi.o
    0x08001c00   0x08001c00   0x00000012   Code   RO         3819    i.spi_struct_para_init  gd32c10x_spi.o
    0x08001c12   0x08001c12   0x00000002   PAD
    0x08001c14   0x08001c14   0x000000b0   Code   RO         1169    i.system_clock_120m_hxtal  system_gd32c10x.o
    0x08001cc4   0x08001cc4   0x00000004   Code   RO         1170    i.system_clock_config  system_gd32c10x.o
    0x08001cc8   0x08001cc8   0x0000000a   Code   RO         4042    i.timer_auto_reload_shadow_enable  gd32c10x_timer.o
    0x08001cd2   0x08001cd2   0x00000020   Code   RO         4046    i.timer_break_config  gd32c10x_timer.o
    0x08001cf2   0x08001cf2   0x00000012   Code   RO         4049    i.timer_break_struct_para_init  gd32c10x_timer.o
    0x08001d04   0x08001d04   0x00000040   Code   RO         4052    i.timer_channel_complementary_output_state_config  gd32c10x_timer.o
    0x08001d44   0x08001d44   0x000001d8   Code   RO         4059    i.timer_channel_output_config  gd32c10x_timer.o
    0x08001f1c   0x08001f1c   0x00000054   Code   RO         4061    i.timer_channel_output_mode_config  gd32c10x_timer.o
    0x08001f70   0x08001f70   0x00000020   Code   RO         4063    i.timer_channel_output_pulse_value_config  gd32c10x_timer.o
    0x08001f90   0x08001f90   0x00000054   Code   RO         4064    i.timer_channel_output_shadow_config  gd32c10x_timer.o
    0x08001fe4   0x08001fe4   0x00000056   Code   RO         4065    i.timer_channel_output_state_config  gd32c10x_timer.o
    0x0800203a   0x0800203a   0x00000010   Code   RO         4066    i.timer_channel_output_struct_para_init  gd32c10x_timer.o
    0x0800204a   0x0800204a   0x00000002   PAD
    0x0800204c   0x0800204c   0x00000188   Code   RO         4072    i.timer_deinit      gd32c10x_timer.o
    0x080021d4   0x080021d4   0x0000000a   Code   RO         4077    i.timer_enable      gd32c10x_timer.o
    0x080021de   0x080021de   0x00000006   Code   RO         4084    i.timer_flag_clear  gd32c10x_timer.o
    0x080021e4   0x080021e4   0x0000000e   Code   RO         4085    i.timer_flag_get    gd32c10x_timer.o
    0x080021f2   0x080021f2   0x00000002   PAD
    0x080021f4   0x080021f4   0x000000a0   Code   RO         4087    i.timer_init        gd32c10x_timer.o
    0x08002294   0x08002294   0x00000008   Code   RO         4094    i.timer_interrupt_enable  gd32c10x_timer.o
    0x0800229c   0x0800229c   0x00000006   Code   RO         4095    i.timer_interrupt_flag_clear  gd32c10x_timer.o
    0x080022a2   0x080022a2   0x00000014   Code   RO         4096    i.timer_interrupt_flag_get  gd32c10x_timer.o
    0x080022b6   0x080022b6   0x00000018   Code   RO         4102    i.timer_primary_output_config  gd32c10x_timer.o
    0x080022ce   0x080022ce   0x00000004   Code   RO         4104    i.timer_repetition_value_config  gd32c10x_timer.o
    0x080022d2   0x080022d2   0x00000014   Code   RO         4107    i.timer_struct_para_init  gd32c10x_timer.o
    0x080022e6   0x080022e6   0x00000002   PAD
    0x080022e8   0x080022e8   0x00000070   Code   RO          993    i.usart0_call_back  usart.o
    0x08002358   0x08002358   0x00000070   Code   RO          994    i.usart2_call_back  usart.o
    0x080023c8   0x080023c8   0x00000070   Code   RO         4482    i.usart_baudrate_set  gd32c10x_usart.o
    0x08002438   0x08002438   0x00000008   Code   RO         4485    i.usart_data_receive  gd32c10x_usart.o
    0x08002440   0x08002440   0x00000090   Code   RO         4487    i.usart_deinit      gd32c10x_usart.o
    0x080024d0   0x080024d0   0x00000014   Code   RO         4489    i.usart_dma_receive_config  gd32c10x_usart.o
    0x080024e4   0x080024e4   0x00000014   Code   RO         4490    i.usart_dma_transmit_config  gd32c10x_usart.o
    0x080024f8   0x080024f8   0x0000000a   Code   RO         4491    i.usart_enable      gd32c10x_usart.o
    0x08002502   0x08002502   0x00000014   Code   RO         4501    i.usart_interrupt_enable  gd32c10x_usart.o
    0x08002516   0x08002516   0x00000012   Code   RO         4502    i.usart_interrupt_flag_clear  gd32c10x_usart.o
    0x08002528   0x08002528   0x00000032   Code   RO         4503    i.usart_interrupt_flag_get  gd32c10x_usart.o
    0x0800255a   0x0800255a   0x00000014   Code   RO         4516    i.usart_receive_config  gd32c10x_usart.o
    0x0800256e   0x0800256e   0x00000010   Code   RO         4526    i.usart_stop_bit_set  gd32c10x_usart.o
    0x0800257e   0x0800257e   0x00000014   Code   RO         4530    i.usart_transmit_config  gd32c10x_usart.o
    0x08002592   0x08002592   0x00000010   Code   RO         4531    i.usart_word_length_set  gd32c10x_usart.o
    0x080025a2   0x080025a2   0x00000002   PAD
    0x080025a4   0x080025a4   0x00000020   Data   RO         4940    Region$$Table       anon$$obj.o


    Execution Region RW_IRAM1 (Exec base: 0x20000000, Load base: 0x080025c4, Size: 0x000007e8, Max: 0x00008000, ABSOLUTE)

    Exec Addr    Load Addr    Size         Type   Attr      Idx    E Section Name        Object

    0x20000000   0x080025c4   0x00000001   Data   RW           15    .data               main.o
    0x20000001   0x080025c5   0x00000003   PAD
    0x20000004   0x080025c8   0x00000004   Data   RW          503    .data               delay_timer.o
    0x20000008   0x080025cc   0x00000002   Data   RW          596    .data               pwm_curr.o
    0x2000000a   0x080025ce   0x00000004   Data   RW          597    .data               pwm_curr.o
    0x2000000e   0x080025d2   0x00000005   Data   RW          650    .data               fsm_task.o
    0x20000013   0x080025d7   0x00000001   PAD
    0x20000014   0x080025d8   0x00000004   Data   RW          996    .data               usart.o
    0x20000018        -       0x00000050   Zero   RW          552    .bss                encoder.o
    0x20000068        -       0x00000018   Zero   RW          649    .bss                fsm_task.o
    0x20000080        -       0x00000050   Zero   RW          720    .bss                foc.o
    0x200000d0        -       0x00000298   Zero   RW          948    .bss                user_config.o
    0x20000368        -       0x00000080   Zero   RW          995    .bss                usart.o
    0x200003e8        -       0x00000400   Zero   RW            1    STACK               startup_gd32c10x.o


==============================================================================

Image component sizes


      Code (inc. data)   RO Data    RW Data    ZI Data      Debug   Object Name

        56         16          0          4          0       1517   delay_timer.o
       584         38          0          0         80       3637   encoder.o
       240         44          0          0         80       2899   foc.o
       256         22          0          5         24       3041   fsm_task.o
       704         10          0          0          0      10921   gd32c10x_adc.o
       520          6          0          0          0       9079   gd32c10x_dma.o
       280          6          0          0          0       3840   gd32c10x_gpio.o
        50          4          0          0          0       7064   gd32c10x_it.o
       188         24          0          0          0       2220   gd32c10x_misc.o
       456         72          0          0          0       4267   gd32c10x_rcu.o
       186          6          0          0          0       5398   gd32c10x_spi.o
      1562         50          0          0          0      15915   gd32c10x_timer.o
       474         18          0          0          0       8928   gd32c10x_usart.o
       188         12          0          1          0      32515   main.o
       704         46          0          6          0       5002   pwm_curr.o
        36          8        336          0       1024        840   startup_gd32c10x.o
      1842         90          0          0          0       6871   system_board.o
       372         40          0          0          0      55641   system_gd32c10x.o
       224         40          0          4        128       2338   usart.o
       272         56          0          0        664       2668   user_config.o

    ----------------------------------------------------------------------
      9210        608        368         24       2000     184601   Object Totals
         0          0         32          0          0          0   (incl. Generated)
        16          0          0          4          0          0   (incl. Padding)

    ----------------------------------------------------------------------

      Code (inc. data)   RO Data    RW Data    ZI Data      Debug   Library Member Name

         0          0          0          0          0          0   entry.o
         0          0          0          0          0          0   entry10a.o
         0          0          0          0          0          0   entry11a.o
         4          0          0          0          0          0   entry12b.o
         8          4          0          0          0          0   entry2.o
         4          0          0          0          0          0   entry5.o
         0          0          0          0          0          0   entry7b.o
         0          0          0          0          0          0   entry8b.o
         8          4          0          0          0          0   entry9a.o
        30          0          0          0          0          0   handlers.o
        36          8          0          0          0         68   init.o

    ----------------------------------------------------------------------
        90         16          0          0          0         68   Library Totals
         0          0          0          0          0          0   (incl. Padding)

    ----------------------------------------------------------------------

      Code (inc. data)   RO Data    RW Data    ZI Data      Debug   Library Name

        90         16          0          0          0         68   mc_w.l

    ----------------------------------------------------------------------
        90         16          0          0          0         68   Library Totals

    ----------------------------------------------------------------------

==============================================================================


      Code (inc. data)   RO Data    RW Data    ZI Data      Debug   

      9300        624        368         24       2000     172573   Grand Totals
      9300        624        368         24       2000     172573   ELF Image Totals
      9300        624        368         24          0          0   ROM Totals

==============================================================================

    Total RO  Size (Code + RO Data)                 9668 (   9.44kB)
    Total RW  Size (RW Data + ZI Data)              2024 (   1.98kB)
    Total ROM Size (Code + RO Data + RW Data)       9692 (   9.46kB)

==============================================================================

