<!doctype html public "-//w3c//dtd html 4.0 transitional//en">
<html><head>
<title>Static Call Graph - [.\Objects\my_foc.axf]</title></head>
<body><HR>
<H1>Static Call Graph for image .\Objects\my_foc.axf</H1><HR>
<BR><P>#&#060CALLGRAPH&#062# ARM Linker, 5060960: Last Updated: Mon Nov 13 16:34:30 2023
<BR><P>
<H3>Maximum Stack Usage =         88 bytes + Unknown(Cycles, Untraceable Function Pointers)</H3><H3>
Call chain for Maximum Stack Depth:</H3>
main &rArr; BSP_Init &rArr; bsp_usart0_Init &rArr; usart_baudrate_set &rArr; rcu_clock_freq_get
<P>
<H3>
Mutually Recursive functions
</H3> <LI><a href="#[20]">CAN0_EWMC_IRQHandler</a>&nbsp;&nbsp;&nbsp;&rArr;&nbsp;&nbsp;&nbsp;<a href="#[20]">CAN0_EWMC_IRQHandler</a><BR>
 <LI><a href="#[4]">BusFault_Handler</a>&nbsp;&nbsp;&nbsp;&rArr;&nbsp;&nbsp;&nbsp;<a href="#[4]">BusFault_Handler</a><BR>
 <LI><a href="#[2]">HardFault_Handler</a>&nbsp;&nbsp;&nbsp;&rArr;&nbsp;&nbsp;&nbsp;<a href="#[2]">HardFault_Handler</a><BR>
 <LI><a href="#[3]">MemManage_Handler</a>&nbsp;&nbsp;&nbsp;&rArr;&nbsp;&nbsp;&nbsp;<a href="#[3]">MemManage_Handler</a><BR>
 <LI><a href="#[5]">UsageFault_Handler</a>&nbsp;&nbsp;&nbsp;&rArr;&nbsp;&nbsp;&nbsp;<a href="#[5]">UsageFault_Handler</a><BR>
</UL>
<P>
<H3>
Function Pointers
</H3><UL>
 <LI><a href="#[1c]">ADC0_1_IRQHandler</a> from gd32c10x_it.o(i.ADC0_1_IRQHandler) referenced from startup_gd32c10x.o(RESET)
 <LI><a href="#[4]">BusFault_Handler</a> from gd32c10x_it.o(i.BusFault_Handler) referenced from startup_gd32c10x.o(RESET)
 <LI><a href="#[20]">CAN0_EWMC_IRQHandler</a> from startup_gd32c10x.o(.text) referenced from startup_gd32c10x.o(RESET)
 <LI><a href="#[1e]">CAN0_RX0_IRQHandler</a> from startup_gd32c10x.o(.text) referenced from startup_gd32c10x.o(RESET)
 <LI><a href="#[1f]">CAN0_RX1_IRQHandler</a> from startup_gd32c10x.o(.text) referenced from startup_gd32c10x.o(RESET)
 <LI><a href="#[1d]">CAN0_TX_IRQHandler</a> from startup_gd32c10x.o(.text) referenced from startup_gd32c10x.o(RESET)
 <LI><a href="#[48]">CAN1_EWMC_IRQHandler</a> from startup_gd32c10x.o(.text) referenced from startup_gd32c10x.o(RESET)
 <LI><a href="#[46]">CAN1_RX0_IRQHandler</a> from startup_gd32c10x.o(.text) referenced from startup_gd32c10x.o(RESET)
 <LI><a href="#[47]">CAN1_RX1_IRQHandler</a> from startup_gd32c10x.o(.text) referenced from startup_gd32c10x.o(RESET)
 <LI><a href="#[45]">CAN1_TX_IRQHandler</a> from startup_gd32c10x.o(.text) referenced from startup_gd32c10x.o(RESET)
 <LI><a href="#[15]">DMA0_Channel0_IRQHandler</a> from startup_gd32c10x.o(.text) referenced from startup_gd32c10x.o(RESET)
 <LI><a href="#[16]">DMA0_Channel1_IRQHandler</a> from startup_gd32c10x.o(.text) referenced from startup_gd32c10x.o(RESET)
 <LI><a href="#[17]">DMA0_Channel2_IRQHandler</a> from gd32c10x_it.o(i.DMA0_Channel2_IRQHandler) referenced from startup_gd32c10x.o(RESET)
 <LI><a href="#[18]">DMA0_Channel3_IRQHandler</a> from startup_gd32c10x.o(.text) referenced from startup_gd32c10x.o(RESET)
 <LI><a href="#[19]">DMA0_Channel4_IRQHandler</a> from gd32c10x_it.o(i.DMA0_Channel4_IRQHandler) referenced from startup_gd32c10x.o(RESET)
 <LI><a href="#[1a]">DMA0_Channel5_IRQHandler</a> from startup_gd32c10x.o(.text) referenced from startup_gd32c10x.o(RESET)
 <LI><a href="#[1b]">DMA0_Channel6_IRQHandler</a> from startup_gd32c10x.o(.text) referenced from startup_gd32c10x.o(RESET)
 <LI><a href="#[40]">DMA1_Channel0_IRQHandler</a> from startup_gd32c10x.o(.text) referenced from startup_gd32c10x.o(RESET)
 <LI><a href="#[41]">DMA1_Channel1_IRQHandler</a> from startup_gd32c10x.o(.text) referenced from startup_gd32c10x.o(RESET)
 <LI><a href="#[42]">DMA1_Channel2_IRQHandler</a> from startup_gd32c10x.o(.text) referenced from startup_gd32c10x.o(RESET)
 <LI><a href="#[43]">DMA1_Channel3_IRQHandler</a> from startup_gd32c10x.o(.text) referenced from startup_gd32c10x.o(RESET)
 <LI><a href="#[44]">DMA1_Channel4_IRQHandler</a> from startup_gd32c10x.o(.text) referenced from startup_gd32c10x.o(RESET)
 <LI><a href="#[7]">DebugMon_Handler</a> from gd32c10x_it.o(i.DebugMon_Handler) referenced from startup_gd32c10x.o(RESET)
 <LI><a href="#[39]">EXMC_IRQHandler</a> from startup_gd32c10x.o(.text) referenced from startup_gd32c10x.o(RESET)
 <LI><a href="#[10]">EXTI0_IRQHandler</a> from startup_gd32c10x.o(.text) referenced from startup_gd32c10x.o(RESET)
 <LI><a href="#[32]">EXTI10_15_IRQHandler</a> from startup_gd32c10x.o(.text) referenced from startup_gd32c10x.o(RESET)
 <LI><a href="#[11]">EXTI1_IRQHandler</a> from startup_gd32c10x.o(.text) referenced from startup_gd32c10x.o(RESET)
 <LI><a href="#[12]">EXTI2_IRQHandler</a> from startup_gd32c10x.o(.text) referenced from startup_gd32c10x.o(RESET)
 <LI><a href="#[13]">EXTI3_IRQHandler</a> from startup_gd32c10x.o(.text) referenced from startup_gd32c10x.o(RESET)
 <LI><a href="#[14]">EXTI4_IRQHandler</a> from startup_gd32c10x.o(.text) referenced from startup_gd32c10x.o(RESET)
 <LI><a href="#[21]">EXTI5_9_IRQHandler</a> from startup_gd32c10x.o(.text) referenced from startup_gd32c10x.o(RESET)
 <LI><a href="#[e]">FMC_IRQHandler</a> from startup_gd32c10x.o(.text) referenced from startup_gd32c10x.o(RESET)
 <LI><a href="#[2]">HardFault_Handler</a> from gd32c10x_it.o(i.HardFault_Handler) referenced from startup_gd32c10x.o(RESET)
 <LI><a href="#[2a]">I2C0_ER_IRQHandler</a> from startup_gd32c10x.o(.text) referenced from startup_gd32c10x.o(RESET)
 <LI><a href="#[29]">I2C0_EV_IRQHandler</a> from startup_gd32c10x.o(.text) referenced from startup_gd32c10x.o(RESET)
 <LI><a href="#[2c]">I2C1_ER_IRQHandler</a> from startup_gd32c10x.o(.text) referenced from startup_gd32c10x.o(RESET)
 <LI><a href="#[2b]">I2C1_EV_IRQHandler</a> from startup_gd32c10x.o(.text) referenced from startup_gd32c10x.o(RESET)
 <LI><a href="#[b]">LVD_IRQHandler</a> from startup_gd32c10x.o(.text) referenced from startup_gd32c10x.o(RESET)
 <LI><a href="#[3]">MemManage_Handler</a> from gd32c10x_it.o(i.MemManage_Handler) referenced from startup_gd32c10x.o(RESET)
 <LI><a href="#[1]">NMI_Handler</a> from gd32c10x_it.o(i.NMI_Handler) referenced from startup_gd32c10x.o(RESET)
 <LI><a href="#[8]">PendSV_Handler</a> from gd32c10x_it.o(i.PendSV_Handler) referenced from startup_gd32c10x.o(RESET)
 <LI><a href="#[f]">RCU_CTC_IRQHandler</a> from startup_gd32c10x.o(.text) referenced from startup_gd32c10x.o(RESET)
 <LI><a href="#[33]">RTC_Alarm_IRQHandler</a> from startup_gd32c10x.o(.text) referenced from startup_gd32c10x.o(RESET)
 <LI><a href="#[d]">RTC_IRQHandler</a> from startup_gd32c10x.o(.text) referenced from startup_gd32c10x.o(RESET)
 <LI><a href="#[0]">Reset_Handler</a> from startup_gd32c10x.o(.text) referenced from startup_gd32c10x.o(RESET)
 <LI><a href="#[2d]">SPI0_IRQHandler</a> from startup_gd32c10x.o(.text) referenced from startup_gd32c10x.o(RESET)
 <LI><a href="#[2e]">SPI1_IRQHandler</a> from startup_gd32c10x.o(.text) referenced from startup_gd32c10x.o(RESET)
 <LI><a href="#[3b]">SPI2_IRQHandler</a> from startup_gd32c10x.o(.text) referenced from startup_gd32c10x.o(RESET)
 <LI><a href="#[6]">SVC_Handler</a> from gd32c10x_it.o(i.SVC_Handler) referenced from startup_gd32c10x.o(RESET)
 <LI><a href="#[9]">SysTick_Handler</a> from gd32c10x_it.o(i.SysTick_Handler) referenced from startup_gd32c10x.o(RESET)
 <LI><a href="#[4b]">SystemInit</a> from system_gd32c10x.o(i.SystemInit) referenced from startup_gd32c10x.o(.text)
 <LI><a href="#[c]">TAMPER_IRQHandler</a> from startup_gd32c10x.o(.text) referenced from startup_gd32c10x.o(RESET)
 <LI><a href="#[22]">TIMER0_BRK_TIMER8_IRQHandler</a> from startup_gd32c10x.o(.text) referenced from startup_gd32c10x.o(RESET)
 <LI><a href="#[25]">TIMER0_Channel_IRQHandler</a> from startup_gd32c10x.o(.text) referenced from startup_gd32c10x.o(RESET)
 <LI><a href="#[24]">TIMER0_TRG_CMT_TIMER10_IRQHandler</a> from startup_gd32c10x.o(.text) referenced from startup_gd32c10x.o(RESET)
 <LI><a href="#[23]">TIMER0_UP_TIMER9_IRQHandler</a> from startup_gd32c10x.o(.text) referenced from startup_gd32c10x.o(RESET)
 <LI><a href="#[26]">TIMER1_IRQHandler</a> from startup_gd32c10x.o(.text) referenced from startup_gd32c10x.o(RESET)
 <LI><a href="#[27]">TIMER2_IRQHandler</a> from startup_gd32c10x.o(.text) referenced from startup_gd32c10x.o(RESET)
 <LI><a href="#[28]">TIMER3_IRQHandler</a> from startup_gd32c10x.o(.text) referenced from startup_gd32c10x.o(RESET)
 <LI><a href="#[3a]">TIMER4_IRQHandler</a> from startup_gd32c10x.o(.text) referenced from startup_gd32c10x.o(RESET)
 <LI><a href="#[3e]">TIMER5_IRQHandler</a> from gd32c10x_it.o(i.TIMER5_IRQHandler) referenced from startup_gd32c10x.o(RESET)
 <LI><a href="#[3f]">TIMER6_IRQHandler</a> from startup_gd32c10x.o(.text) referenced from startup_gd32c10x.o(RESET)
 <LI><a href="#[35]">TIMER7_BRK_TIMER11_IRQHandler</a> from startup_gd32c10x.o(.text) referenced from startup_gd32c10x.o(RESET)
 <LI><a href="#[38]">TIMER7_Channel_IRQHandler</a> from startup_gd32c10x.o(.text) referenced from startup_gd32c10x.o(RESET)
 <LI><a href="#[37]">TIMER7_TRG_CMT_TIMER13_IRQHandler</a> from startup_gd32c10x.o(.text) referenced from startup_gd32c10x.o(RESET)
 <LI><a href="#[36]">TIMER7_UP_TIMER12_IRQHandler</a> from startup_gd32c10x.o(.text) referenced from startup_gd32c10x.o(RESET)
 <LI><a href="#[3c]">UART3_IRQHandler</a> from startup_gd32c10x.o(.text) referenced from startup_gd32c10x.o(RESET)
 <LI><a href="#[3d]">UART4_IRQHandler</a> from startup_gd32c10x.o(.text) referenced from startup_gd32c10x.o(RESET)
 <LI><a href="#[2f]">USART0_IRQHandler</a> from gd32c10x_it.o(i.USART0_IRQHandler) referenced from startup_gd32c10x.o(RESET)
 <LI><a href="#[30]">USART1_IRQHandler</a> from startup_gd32c10x.o(.text) referenced from startup_gd32c10x.o(RESET)
 <LI><a href="#[31]">USART2_IRQHandler</a> from gd32c10x_it.o(i.USART2_IRQHandler) referenced from startup_gd32c10x.o(RESET)
 <LI><a href="#[49]">USBFS_IRQHandler</a> from startup_gd32c10x.o(.text) referenced from startup_gd32c10x.o(RESET)
 <LI><a href="#[34]">USBFS_WKUP_IRQHandler</a> from startup_gd32c10x.o(.text) referenced from startup_gd32c10x.o(RESET)
 <LI><a href="#[5]">UsageFault_Handler</a> from gd32c10x_it.o(i.UsageFault_Handler) referenced from startup_gd32c10x.o(RESET)
 <LI><a href="#[a]">WWDGT_IRQHandler</a> from startup_gd32c10x.o(.text) referenced from startup_gd32c10x.o(RESET)
 <LI><a href="#[4c]">__main</a> from entry.o(.ARM.Collect$$$$00000000) referenced from startup_gd32c10x.o(.text)
 <LI><a href="#[4a]">main</a> from main.o(i.main) referenced from entry9a.o(.ARM.Collect$$$$0000000B)
</UL>
<P>
<H3>
Global Symbols
</H3>
<P><STRONG><a name="[4c]"></a>__main</STRONG> (Thumb, 0 bytes, Stack size unknown bytes, entry.o(.ARM.Collect$$$$00000000))
<BR>[Address Reference Count : 1]<UL><LI> startup_gd32c10x.o(.text)
</UL>
<P><STRONG><a name="[c3]"></a>_main_stk</STRONG> (Thumb, 0 bytes, Stack size unknown bytes, entry2.o(.ARM.Collect$$$$00000001))

<P><STRONG><a name="[4d]"></a>_main_scatterload</STRONG> (Thumb, 0 bytes, Stack size unknown bytes, entry5.o(.ARM.Collect$$$$00000004))
<BR><BR>[Calls]<UL><LI><a href="#[4e]">&gt;&gt;</a>&nbsp;&nbsp;&nbsp;__scatterload
</UL>

<P><STRONG><a name="[4f]"></a>__main_after_scatterload</STRONG> (Thumb, 0 bytes, Stack size unknown bytes, entry5.o(.ARM.Collect$$$$00000004))
<BR><BR>[Called By]<UL><LI><a href="#[4e]">&gt;&gt;</a>&nbsp;&nbsp;&nbsp;__scatterload
</UL>

<P><STRONG><a name="[c4]"></a>_main_clock</STRONG> (Thumb, 0 bytes, Stack size unknown bytes, entry7b.o(.ARM.Collect$$$$00000008))

<P><STRONG><a name="[c5]"></a>_main_cpp_init</STRONG> (Thumb, 0 bytes, Stack size unknown bytes, entry8b.o(.ARM.Collect$$$$0000000A))

<P><STRONG><a name="[c6]"></a>_main_init</STRONG> (Thumb, 0 bytes, Stack size unknown bytes, entry9a.o(.ARM.Collect$$$$0000000B))

<P><STRONG><a name="[c7]"></a>__rt_lib_shutdown_fini</STRONG> (Thumb, 0 bytes, Stack size unknown bytes, entry12b.o(.ARM.Collect$$$$0000000E))

<P><STRONG><a name="[c8]"></a>__rt_final_cpp</STRONG> (Thumb, 0 bytes, Stack size unknown bytes, entry10a.o(.ARM.Collect$$$$0000000F))

<P><STRONG><a name="[c9]"></a>__rt_final_exit</STRONG> (Thumb, 0 bytes, Stack size unknown bytes, entry11a.o(.ARM.Collect$$$$00000011))

<P><STRONG><a name="[0]"></a>Reset_Handler</STRONG> (Thumb, 8 bytes, Stack size 0 bytes, startup_gd32c10x.o(.text))
<BR>[Address Reference Count : 1]<UL><LI> startup_gd32c10x.o(RESET)
</UL>
<P><STRONG><a name="[20]"></a>CAN0_EWMC_IRQHandler</STRONG> (Thumb, 0 bytes, Stack size 0 bytes, startup_gd32c10x.o(.text))
<BR><BR>[Calls]<UL><LI><a href="#[20]">&gt;&gt;</a>&nbsp;&nbsp;&nbsp;CAN0_EWMC_IRQHandler
</UL>
<BR>[Called By]<UL><LI><a href="#[20]">&gt;&gt;</a>&nbsp;&nbsp;&nbsp;CAN0_EWMC_IRQHandler
</UL>
<BR>[Address Reference Count : 1]<UL><LI> startup_gd32c10x.o(RESET)
</UL>
<P><STRONG><a name="[1e]"></a>CAN0_RX0_IRQHandler</STRONG> (Thumb, 0 bytes, Stack size 0 bytes, startup_gd32c10x.o(.text))
<BR>[Address Reference Count : 1]<UL><LI> startup_gd32c10x.o(RESET)
</UL>
<P><STRONG><a name="[1f]"></a>CAN0_RX1_IRQHandler</STRONG> (Thumb, 0 bytes, Stack size 0 bytes, startup_gd32c10x.o(.text))
<BR>[Address Reference Count : 1]<UL><LI> startup_gd32c10x.o(RESET)
</UL>
<P><STRONG><a name="[1d]"></a>CAN0_TX_IRQHandler</STRONG> (Thumb, 0 bytes, Stack size 0 bytes, startup_gd32c10x.o(.text))
<BR>[Address Reference Count : 1]<UL><LI> startup_gd32c10x.o(RESET)
</UL>
<P><STRONG><a name="[48]"></a>CAN1_EWMC_IRQHandler</STRONG> (Thumb, 0 bytes, Stack size 0 bytes, startup_gd32c10x.o(.text))
<BR>[Address Reference Count : 1]<UL><LI> startup_gd32c10x.o(RESET)
</UL>
<P><STRONG><a name="[46]"></a>CAN1_RX0_IRQHandler</STRONG> (Thumb, 0 bytes, Stack size 0 bytes, startup_gd32c10x.o(.text))
<BR>[Address Reference Count : 1]<UL><LI> startup_gd32c10x.o(RESET)
</UL>
<P><STRONG><a name="[47]"></a>CAN1_RX1_IRQHandler</STRONG> (Thumb, 0 bytes, Stack size 0 bytes, startup_gd32c10x.o(.text))
<BR>[Address Reference Count : 1]<UL><LI> startup_gd32c10x.o(RESET)
</UL>
<P><STRONG><a name="[45]"></a>CAN1_TX_IRQHandler</STRONG> (Thumb, 0 bytes, Stack size 0 bytes, startup_gd32c10x.o(.text))
<BR>[Address Reference Count : 1]<UL><LI> startup_gd32c10x.o(RESET)
</UL>
<P><STRONG><a name="[15]"></a>DMA0_Channel0_IRQHandler</STRONG> (Thumb, 0 bytes, Stack size 0 bytes, startup_gd32c10x.o(.text))
<BR>[Address Reference Count : 1]<UL><LI> startup_gd32c10x.o(RESET)
</UL>
<P><STRONG><a name="[16]"></a>DMA0_Channel1_IRQHandler</STRONG> (Thumb, 0 bytes, Stack size 0 bytes, startup_gd32c10x.o(.text))
<BR>[Address Reference Count : 1]<UL><LI> startup_gd32c10x.o(RESET)
</UL>
<P><STRONG><a name="[18]"></a>DMA0_Channel3_IRQHandler</STRONG> (Thumb, 0 bytes, Stack size 0 bytes, startup_gd32c10x.o(.text))
<BR>[Address Reference Count : 1]<UL><LI> startup_gd32c10x.o(RESET)
</UL>
<P><STRONG><a name="[1a]"></a>DMA0_Channel5_IRQHandler</STRONG> (Thumb, 0 bytes, Stack size 0 bytes, startup_gd32c10x.o(.text))
<BR>[Address Reference Count : 1]<UL><LI> startup_gd32c10x.o(RESET)
</UL>
<P><STRONG><a name="[1b]"></a>DMA0_Channel6_IRQHandler</STRONG> (Thumb, 0 bytes, Stack size 0 bytes, startup_gd32c10x.o(.text))
<BR>[Address Reference Count : 1]<UL><LI> startup_gd32c10x.o(RESET)
</UL>
<P><STRONG><a name="[40]"></a>DMA1_Channel0_IRQHandler</STRONG> (Thumb, 0 bytes, Stack size 0 bytes, startup_gd32c10x.o(.text))
<BR>[Address Reference Count : 1]<UL><LI> startup_gd32c10x.o(RESET)
</UL>
<P><STRONG><a name="[41]"></a>DMA1_Channel1_IRQHandler</STRONG> (Thumb, 0 bytes, Stack size 0 bytes, startup_gd32c10x.o(.text))
<BR>[Address Reference Count : 1]<UL><LI> startup_gd32c10x.o(RESET)
</UL>
<P><STRONG><a name="[42]"></a>DMA1_Channel2_IRQHandler</STRONG> (Thumb, 0 bytes, Stack size 0 bytes, startup_gd32c10x.o(.text))
<BR>[Address Reference Count : 1]<UL><LI> startup_gd32c10x.o(RESET)
</UL>
<P><STRONG><a name="[43]"></a>DMA1_Channel3_IRQHandler</STRONG> (Thumb, 0 bytes, Stack size 0 bytes, startup_gd32c10x.o(.text))
<BR>[Address Reference Count : 1]<UL><LI> startup_gd32c10x.o(RESET)
</UL>
<P><STRONG><a name="[44]"></a>DMA1_Channel4_IRQHandler</STRONG> (Thumb, 0 bytes, Stack size 0 bytes, startup_gd32c10x.o(.text))
<BR>[Address Reference Count : 1]<UL><LI> startup_gd32c10x.o(RESET)
</UL>
<P><STRONG><a name="[39]"></a>EXMC_IRQHandler</STRONG> (Thumb, 0 bytes, Stack size 0 bytes, startup_gd32c10x.o(.text))
<BR>[Address Reference Count : 1]<UL><LI> startup_gd32c10x.o(RESET)
</UL>
<P><STRONG><a name="[10]"></a>EXTI0_IRQHandler</STRONG> (Thumb, 0 bytes, Stack size 0 bytes, startup_gd32c10x.o(.text))
<BR>[Address Reference Count : 1]<UL><LI> startup_gd32c10x.o(RESET)
</UL>
<P><STRONG><a name="[32]"></a>EXTI10_15_IRQHandler</STRONG> (Thumb, 0 bytes, Stack size 0 bytes, startup_gd32c10x.o(.text))
<BR>[Address Reference Count : 1]<UL><LI> startup_gd32c10x.o(RESET)
</UL>
<P><STRONG><a name="[11]"></a>EXTI1_IRQHandler</STRONG> (Thumb, 0 bytes, Stack size 0 bytes, startup_gd32c10x.o(.text))
<BR>[Address Reference Count : 1]<UL><LI> startup_gd32c10x.o(RESET)
</UL>
<P><STRONG><a name="[12]"></a>EXTI2_IRQHandler</STRONG> (Thumb, 0 bytes, Stack size 0 bytes, startup_gd32c10x.o(.text))
<BR>[Address Reference Count : 1]<UL><LI> startup_gd32c10x.o(RESET)
</UL>
<P><STRONG><a name="[13]"></a>EXTI3_IRQHandler</STRONG> (Thumb, 0 bytes, Stack size 0 bytes, startup_gd32c10x.o(.text))
<BR>[Address Reference Count : 1]<UL><LI> startup_gd32c10x.o(RESET)
</UL>
<P><STRONG><a name="[14]"></a>EXTI4_IRQHandler</STRONG> (Thumb, 0 bytes, Stack size 0 bytes, startup_gd32c10x.o(.text))
<BR>[Address Reference Count : 1]<UL><LI> startup_gd32c10x.o(RESET)
</UL>
<P><STRONG><a name="[21]"></a>EXTI5_9_IRQHandler</STRONG> (Thumb, 0 bytes, Stack size 0 bytes, startup_gd32c10x.o(.text))
<BR>[Address Reference Count : 1]<UL><LI> startup_gd32c10x.o(RESET)
</UL>
<P><STRONG><a name="[e]"></a>FMC_IRQHandler</STRONG> (Thumb, 0 bytes, Stack size 0 bytes, startup_gd32c10x.o(.text))
<BR>[Address Reference Count : 1]<UL><LI> startup_gd32c10x.o(RESET)
</UL>
<P><STRONG><a name="[2a]"></a>I2C0_ER_IRQHandler</STRONG> (Thumb, 0 bytes, Stack size 0 bytes, startup_gd32c10x.o(.text))
<BR>[Address Reference Count : 1]<UL><LI> startup_gd32c10x.o(RESET)
</UL>
<P><STRONG><a name="[29]"></a>I2C0_EV_IRQHandler</STRONG> (Thumb, 0 bytes, Stack size 0 bytes, startup_gd32c10x.o(.text))
<BR>[Address Reference Count : 1]<UL><LI> startup_gd32c10x.o(RESET)
</UL>
<P><STRONG><a name="[2c]"></a>I2C1_ER_IRQHandler</STRONG> (Thumb, 0 bytes, Stack size 0 bytes, startup_gd32c10x.o(.text))
<BR>[Address Reference Count : 1]<UL><LI> startup_gd32c10x.o(RESET)
</UL>
<P><STRONG><a name="[2b]"></a>I2C1_EV_IRQHandler</STRONG> (Thumb, 0 bytes, Stack size 0 bytes, startup_gd32c10x.o(.text))
<BR>[Address Reference Count : 1]<UL><LI> startup_gd32c10x.o(RESET)
</UL>
<P><STRONG><a name="[b]"></a>LVD_IRQHandler</STRONG> (Thumb, 0 bytes, Stack size 0 bytes, startup_gd32c10x.o(.text))
<BR>[Address Reference Count : 1]<UL><LI> startup_gd32c10x.o(RESET)
</UL>
<P><STRONG><a name="[f]"></a>RCU_CTC_IRQHandler</STRONG> (Thumb, 0 bytes, Stack size 0 bytes, startup_gd32c10x.o(.text))
<BR>[Address Reference Count : 1]<UL><LI> startup_gd32c10x.o(RESET)
</UL>
<P><STRONG><a name="[33]"></a>RTC_Alarm_IRQHandler</STRONG> (Thumb, 0 bytes, Stack size 0 bytes, startup_gd32c10x.o(.text))
<BR>[Address Reference Count : 1]<UL><LI> startup_gd32c10x.o(RESET)
</UL>
<P><STRONG><a name="[d]"></a>RTC_IRQHandler</STRONG> (Thumb, 0 bytes, Stack size 0 bytes, startup_gd32c10x.o(.text))
<BR>[Address Reference Count : 1]<UL><LI> startup_gd32c10x.o(RESET)
</UL>
<P><STRONG><a name="[2d]"></a>SPI0_IRQHandler</STRONG> (Thumb, 0 bytes, Stack size 0 bytes, startup_gd32c10x.o(.text))
<BR>[Address Reference Count : 1]<UL><LI> startup_gd32c10x.o(RESET)
</UL>
<P><STRONG><a name="[2e]"></a>SPI1_IRQHandler</STRONG> (Thumb, 0 bytes, Stack size 0 bytes, startup_gd32c10x.o(.text))
<BR>[Address Reference Count : 1]<UL><LI> startup_gd32c10x.o(RESET)
</UL>
<P><STRONG><a name="[3b]"></a>SPI2_IRQHandler</STRONG> (Thumb, 0 bytes, Stack size 0 bytes, startup_gd32c10x.o(.text))
<BR>[Address Reference Count : 1]<UL><LI> startup_gd32c10x.o(RESET)
</UL>
<P><STRONG><a name="[c]"></a>TAMPER_IRQHandler</STRONG> (Thumb, 0 bytes, Stack size 0 bytes, startup_gd32c10x.o(.text))
<BR>[Address Reference Count : 1]<UL><LI> startup_gd32c10x.o(RESET)
</UL>
<P><STRONG><a name="[22]"></a>TIMER0_BRK_TIMER8_IRQHandler</STRONG> (Thumb, 0 bytes, Stack size 0 bytes, startup_gd32c10x.o(.text))
<BR>[Address Reference Count : 1]<UL><LI> startup_gd32c10x.o(RESET)
</UL>
<P><STRONG><a name="[25]"></a>TIMER0_Channel_IRQHandler</STRONG> (Thumb, 0 bytes, Stack size 0 bytes, startup_gd32c10x.o(.text))
<BR>[Address Reference Count : 1]<UL><LI> startup_gd32c10x.o(RESET)
</UL>
<P><STRONG><a name="[24]"></a>TIMER0_TRG_CMT_TIMER10_IRQHandler</STRONG> (Thumb, 0 bytes, Stack size 0 bytes, startup_gd32c10x.o(.text))
<BR>[Address Reference Count : 1]<UL><LI> startup_gd32c10x.o(RESET)
</UL>
<P><STRONG><a name="[23]"></a>TIMER0_UP_TIMER9_IRQHandler</STRONG> (Thumb, 0 bytes, Stack size 0 bytes, startup_gd32c10x.o(.text))
<BR>[Address Reference Count : 1]<UL><LI> startup_gd32c10x.o(RESET)
</UL>
<P><STRONG><a name="[26]"></a>TIMER1_IRQHandler</STRONG> (Thumb, 0 bytes, Stack size 0 bytes, startup_gd32c10x.o(.text))
<BR>[Address Reference Count : 1]<UL><LI> startup_gd32c10x.o(RESET)
</UL>
<P><STRONG><a name="[27]"></a>TIMER2_IRQHandler</STRONG> (Thumb, 0 bytes, Stack size 0 bytes, startup_gd32c10x.o(.text))
<BR>[Address Reference Count : 1]<UL><LI> startup_gd32c10x.o(RESET)
</UL>
<P><STRONG><a name="[28]"></a>TIMER3_IRQHandler</STRONG> (Thumb, 0 bytes, Stack size 0 bytes, startup_gd32c10x.o(.text))
<BR>[Address Reference Count : 1]<UL><LI> startup_gd32c10x.o(RESET)
</UL>
<P><STRONG><a name="[3a]"></a>TIMER4_IRQHandler</STRONG> (Thumb, 0 bytes, Stack size 0 bytes, startup_gd32c10x.o(.text))
<BR>[Address Reference Count : 1]<UL><LI> startup_gd32c10x.o(RESET)
</UL>
<P><STRONG><a name="[3f]"></a>TIMER6_IRQHandler</STRONG> (Thumb, 0 bytes, Stack size 0 bytes, startup_gd32c10x.o(.text))
<BR>[Address Reference Count : 1]<UL><LI> startup_gd32c10x.o(RESET)
</UL>
<P><STRONG><a name="[35]"></a>TIMER7_BRK_TIMER11_IRQHandler</STRONG> (Thumb, 0 bytes, Stack size 0 bytes, startup_gd32c10x.o(.text))
<BR>[Address Reference Count : 1]<UL><LI> startup_gd32c10x.o(RESET)
</UL>
<P><STRONG><a name="[38]"></a>TIMER7_Channel_IRQHandler</STRONG> (Thumb, 0 bytes, Stack size 0 bytes, startup_gd32c10x.o(.text))
<BR>[Address Reference Count : 1]<UL><LI> startup_gd32c10x.o(RESET)
</UL>
<P><STRONG><a name="[37]"></a>TIMER7_TRG_CMT_TIMER13_IRQHandler</STRONG> (Thumb, 0 bytes, Stack size 0 bytes, startup_gd32c10x.o(.text))
<BR>[Address Reference Count : 1]<UL><LI> startup_gd32c10x.o(RESET)
</UL>
<P><STRONG><a name="[36]"></a>TIMER7_UP_TIMER12_IRQHandler</STRONG> (Thumb, 0 bytes, Stack size 0 bytes, startup_gd32c10x.o(.text))
<BR>[Address Reference Count : 1]<UL><LI> startup_gd32c10x.o(RESET)
</UL>
<P><STRONG><a name="[3c]"></a>UART3_IRQHandler</STRONG> (Thumb, 0 bytes, Stack size 0 bytes, startup_gd32c10x.o(.text))
<BR>[Address Reference Count : 1]<UL><LI> startup_gd32c10x.o(RESET)
</UL>
<P><STRONG><a name="[3d]"></a>UART4_IRQHandler</STRONG> (Thumb, 0 bytes, Stack size 0 bytes, startup_gd32c10x.o(.text))
<BR>[Address Reference Count : 1]<UL><LI> startup_gd32c10x.o(RESET)
</UL>
<P><STRONG><a name="[30]"></a>USART1_IRQHandler</STRONG> (Thumb, 0 bytes, Stack size 0 bytes, startup_gd32c10x.o(.text))
<BR>[Address Reference Count : 1]<UL><LI> startup_gd32c10x.o(RESET)
</UL>
<P><STRONG><a name="[49]"></a>USBFS_IRQHandler</STRONG> (Thumb, 0 bytes, Stack size 0 bytes, startup_gd32c10x.o(.text))
<BR>[Address Reference Count : 1]<UL><LI> startup_gd32c10x.o(RESET)
</UL>
<P><STRONG><a name="[34]"></a>USBFS_WKUP_IRQHandler</STRONG> (Thumb, 0 bytes, Stack size 0 bytes, startup_gd32c10x.o(.text))
<BR>[Address Reference Count : 1]<UL><LI> startup_gd32c10x.o(RESET)
</UL>
<P><STRONG><a name="[a]"></a>WWDGT_IRQHandler</STRONG> (Thumb, 0 bytes, Stack size 0 bytes, startup_gd32c10x.o(.text))
<BR>[Address Reference Count : 1]<UL><LI> startup_gd32c10x.o(RESET)
</UL>
<P><STRONG><a name="[4e]"></a>__scatterload</STRONG> (Thumb, 28 bytes, Stack size 0 bytes, init.o(.text))
<BR><BR>[Calls]<UL><LI><a href="#[4f]">&gt;&gt;</a>&nbsp;&nbsp;&nbsp;__main_after_scatterload
</UL>
<BR>[Called By]<UL><LI><a href="#[4d]">&gt;&gt;</a>&nbsp;&nbsp;&nbsp;_main_scatterload
</UL>

<P><STRONG><a name="[ca]"></a>__scatterload_rt2</STRONG> (Thumb, 0 bytes, Stack size 0 bytes, init.o(.text), UNUSED)

<P><STRONG><a name="[1c]"></a>ADC0_1_IRQHandler</STRONG> (Thumb, 12 bytes, Stack size 0 bytes, gd32c10x_it.o(i.ADC0_1_IRQHandler))
<BR>[Address Reference Count : 1]<UL><LI> startup_gd32c10x.o(RESET)
</UL>
<P><STRONG><a name="[50]"></a>BSP_Init</STRONG> (Thumb, 54 bytes, Stack size 8 bytes, system_board.o(i.BSP_Init))
<BR><BR>[Stack]<UL><LI>Max Depth = 88<LI>Call Chain = BSP_Init &rArr; bsp_usart0_Init &rArr; usart_baudrate_set &rArr; rcu_clock_freq_get
</UL>
<BR>[Calls]<UL><LI><a href="#[57]">&gt;&gt;</a>&nbsp;&nbsp;&nbsp;bsp_usart0_Init
<LI><a href="#[58]">&gt;&gt;</a>&nbsp;&nbsp;&nbsp;bsp_timer5_Init
<LI><a href="#[59]">&gt;&gt;</a>&nbsp;&nbsp;&nbsp;bsp_timer0_Init
<LI><a href="#[56]">&gt;&gt;</a>&nbsp;&nbsp;&nbsp;bsp_spi0_Init
<LI><a href="#[51]">&gt;&gt;</a>&nbsp;&nbsp;&nbsp;bsp_rcu_Init
<LI><a href="#[5b]">&gt;&gt;</a>&nbsp;&nbsp;&nbsp;bsp_nvic_Init
<LI><a href="#[5a]">&gt;&gt;</a>&nbsp;&nbsp;&nbsp;bsp_gpio_lock
<LI><a href="#[52]">&gt;&gt;</a>&nbsp;&nbsp;&nbsp;bsp_gpio_Init
<LI><a href="#[55]">&gt;&gt;</a>&nbsp;&nbsp;&nbsp;bsp_dma0_Init
<LI><a href="#[54]">&gt;&gt;</a>&nbsp;&nbsp;&nbsp;bsp_adc1_Init
<LI><a href="#[53]">&gt;&gt;</a>&nbsp;&nbsp;&nbsp;bsp_adc0_Init
</UL>
<BR>[Called By]<UL><LI><a href="#[4a]">&gt;&gt;</a>&nbsp;&nbsp;&nbsp;main
</UL>

<P><STRONG><a name="[4]"></a>BusFault_Handler</STRONG> (Thumb, 2 bytes, Stack size 0 bytes, gd32c10x_it.o(i.BusFault_Handler))
<BR><BR>[Calls]<UL><LI><a href="#[4]">&gt;&gt;</a>&nbsp;&nbsp;&nbsp;BusFault_Handler
</UL>
<BR>[Called By]<UL><LI><a href="#[4]">&gt;&gt;</a>&nbsp;&nbsp;&nbsp;BusFault_Handler
</UL>
<BR>[Address Reference Count : 1]<UL><LI> startup_gd32c10x.o(RESET)
</UL>
<P><STRONG><a name="[17]"></a>DMA0_Channel2_IRQHandler</STRONG> (Thumb, 2 bytes, Stack size 0 bytes, gd32c10x_it.o(i.DMA0_Channel2_IRQHandler))
<BR>[Address Reference Count : 1]<UL><LI> startup_gd32c10x.o(RESET)
</UL>
<P><STRONG><a name="[19]"></a>DMA0_Channel4_IRQHandler</STRONG> (Thumb, 2 bytes, Stack size 0 bytes, gd32c10x_it.o(i.DMA0_Channel4_IRQHandler))
<BR>[Address Reference Count : 1]<UL><LI> startup_gd32c10x.o(RESET)
</UL>
<P><STRONG><a name="[7]"></a>DebugMon_Handler</STRONG> (Thumb, 2 bytes, Stack size 0 bytes, gd32c10x_it.o(i.DebugMon_Handler))
<BR>[Address Reference Count : 1]<UL><LI> startup_gd32c10x.o(RESET)
</UL>
<P><STRONG><a name="[5c]"></a>Encoder_Init</STRONG> (Thumb, 80 bytes, Stack size 8 bytes, encoder.o(i.Encoder_Init))
<BR><BR>[Stack]<UL><LI>Max Depth = 8<LI>Call Chain = Encoder_Init
</UL>
<BR>[Calls]<UL><LI><a href="#[5d]">&gt;&gt;</a>&nbsp;&nbsp;&nbsp;MT6816_Init
</UL>
<BR>[Called By]<UL><LI><a href="#[4a]">&gt;&gt;</a>&nbsp;&nbsp;&nbsp;main
</UL>

<P><STRONG><a name="[5e]"></a>Encoder_sample</STRONG> (Thumb, 456 bytes, Stack size 40 bytes, encoder.o(i.Encoder_sample))
<BR><BR>[Stack]<UL><LI>Max Depth = 40<LI>Call Chain = Encoder_sample
</UL>
<BR>[Calls]<UL><LI><a href="#[5f]">&gt;&gt;</a>&nbsp;&nbsp;&nbsp;spi_i2s_flag_get
<LI><a href="#[60]">&gt;&gt;</a>&nbsp;&nbsp;&nbsp;spi_i2s_data_transmit
<LI><a href="#[61]">&gt;&gt;</a>&nbsp;&nbsp;&nbsp;spi_i2s_data_receive
</UL>
<BR>[Called By]<UL><LI><a href="#[4a]">&gt;&gt;</a>&nbsp;&nbsp;&nbsp;main
</UL>

<P><STRONG><a name="[62]"></a>FOC_arm</STRONG> (Thumb, 56 bytes, Stack size 8 bytes, foc.o(i.FOC_arm))
<BR><BR>[Stack]<UL><LI>Max Depth = 16<LI>Call Chain = FOC_arm &rArr; PWMC_TurnOnLowSides
</UL>
<BR>[Calls]<UL><LI><a href="#[63]">&gt;&gt;</a>&nbsp;&nbsp;&nbsp;PWMC_TurnOnLowSides
</UL>
<BR>[Called By]<UL><LI><a href="#[68]">&gt;&gt;</a>&nbsp;&nbsp;&nbsp;FSM_set_state
</UL>

<P><STRONG><a name="[64]"></a>FOC_disarm</STRONG> (Thumb, 48 bytes, Stack size 8 bytes, foc.o(i.FOC_disarm))
<BR><BR>[Stack]<UL><LI>Max Depth = 16<LI>Call Chain = FOC_disarm &rArr; PWMC_SwitchOffPWM
</UL>
<BR>[Calls]<UL><LI><a href="#[65]">&gt;&gt;</a>&nbsp;&nbsp;&nbsp;PWMC_SwitchOffPWM
</UL>
<BR>[Called By]<UL><LI><a href="#[68]">&gt;&gt;</a>&nbsp;&nbsp;&nbsp;FSM_set_state
</UL>

<P><STRONG><a name="[66]"></a>FOC_init</STRONG> (Thumb, 48 bytes, Stack size 0 bytes, foc.o(i.FOC_init))
<BR><BR>[Calls]<UL><LI><a href="#[67]">&gt;&gt;</a>&nbsp;&nbsp;&nbsp;FOC_update_current_ctrl_gain
</UL>
<BR>[Called By]<UL><LI><a href="#[4a]">&gt;&gt;</a>&nbsp;&nbsp;&nbsp;main
</UL>

<P><STRONG><a name="[67]"></a>FOC_update_current_ctrl_gain</STRONG> (Thumb, 44 bytes, Stack size 0 bytes, foc.o(i.FOC_update_current_ctrl_gain))
<BR><BR>[Called By]<UL><LI><a href="#[66]">&gt;&gt;</a>&nbsp;&nbsp;&nbsp;FOC_init
</UL>

<P><STRONG><a name="[bd]"></a>FSM_init</STRONG> (Thumb, 32 bytes, Stack size 0 bytes, fsm_task.o(i.FSM_init))
<BR><BR>[Called By]<UL><LI><a href="#[4a]">&gt;&gt;</a>&nbsp;&nbsp;&nbsp;main
</UL>

<P><STRONG><a name="[68]"></a>FSM_set_state</STRONG> (Thumb, 202 bytes, Stack size 32 bytes, fsm_task.o(i.FSM_set_state))
<BR><BR>[Stack]<UL><LI>Max Depth = 48<LI>Call Chain = FSM_set_state &rArr; FOC_disarm &rArr; PWMC_SwitchOffPWM
</UL>
<BR>[Calls]<UL><LI><a href="#[64]">&gt;&gt;</a>&nbsp;&nbsp;&nbsp;FOC_disarm
<LI><a href="#[62]">&gt;&gt;</a>&nbsp;&nbsp;&nbsp;FOC_arm
</UL>
<BR>[Called By]<UL><LI><a href="#[4a]">&gt;&gt;</a>&nbsp;&nbsp;&nbsp;main
</UL>

<P><STRONG><a name="[2]"></a>HardFault_Handler</STRONG> (Thumb, 2 bytes, Stack size 0 bytes, gd32c10x_it.o(i.HardFault_Handler))
<BR><BR>[Calls]<UL><LI><a href="#[2]">&gt;&gt;</a>&nbsp;&nbsp;&nbsp;HardFault_Handler
</UL>
<BR>[Called By]<UL><LI><a href="#[2]">&gt;&gt;</a>&nbsp;&nbsp;&nbsp;HardFault_Handler
</UL>
<BR>[Address Reference Count : 1]<UL><LI> startup_gd32c10x.o(RESET)
</UL>
<P><STRONG><a name="[3]"></a>MemManage_Handler</STRONG> (Thumb, 2 bytes, Stack size 0 bytes, gd32c10x_it.o(i.MemManage_Handler))
<BR><BR>[Calls]<UL><LI><a href="#[3]">&gt;&gt;</a>&nbsp;&nbsp;&nbsp;MemManage_Handler
</UL>
<BR>[Called By]<UL><LI><a href="#[3]">&gt;&gt;</a>&nbsp;&nbsp;&nbsp;MemManage_Handler
</UL>
<BR>[Address Reference Count : 1]<UL><LI> startup_gd32c10x.o(RESET)
</UL>
<P><STRONG><a name="[1]"></a>NMI_Handler</STRONG> (Thumb, 2 bytes, Stack size 0 bytes, gd32c10x_it.o(i.NMI_Handler))
<BR>[Address Reference Count : 1]<UL><LI> startup_gd32c10x.o(RESET)
</UL>
<P><STRONG><a name="[69]"></a>PWMC_CurrentReadingPolarization</STRONG> (Thumb, 142 bytes, Stack size 32 bytes, pwm_curr.o(i.PWMC_CurrentReadingPolarization))
<BR><BR>[Stack]<UL><LI>Max Depth = 32<LI>Call Chain = PWMC_CurrentReadingPolarization
</UL>
<BR>[Calls]<UL><LI><a href="#[6b]">&gt;&gt;</a>&nbsp;&nbsp;&nbsp;timer_flag_get
<LI><a href="#[6a]">&gt;&gt;</a>&nbsp;&nbsp;&nbsp;timer_flag_clear
</UL>
<BR>[Called By]<UL><LI><a href="#[4a]">&gt;&gt;</a>&nbsp;&nbsp;&nbsp;main
</UL>

<P><STRONG><a name="[65]"></a>PWMC_SwitchOffPWM</STRONG> (Thumb, 96 bytes, Stack size 8 bytes, pwm_curr.o(i.PWMC_SwitchOffPWM))
<BR><BR>[Stack]<UL><LI>Max Depth = 8<LI>Call Chain = PWMC_SwitchOffPWM
</UL>
<BR>[Calls]<UL><LI><a href="#[6b]">&gt;&gt;</a>&nbsp;&nbsp;&nbsp;timer_flag_get
<LI><a href="#[6a]">&gt;&gt;</a>&nbsp;&nbsp;&nbsp;timer_flag_clear
<LI><a href="#[6c]">&gt;&gt;</a>&nbsp;&nbsp;&nbsp;timer_channel_output_state_config
<LI><a href="#[6d]">&gt;&gt;</a>&nbsp;&nbsp;&nbsp;timer_channel_complementary_output_state_config
</UL>
<BR>[Called By]<UL><LI><a href="#[64]">&gt;&gt;</a>&nbsp;&nbsp;&nbsp;FOC_disarm
</UL>

<P><STRONG><a name="[6e]"></a>PWMC_SwitchOnPWM</STRONG> (Thumb, 114 bytes, Stack size 8 bytes, pwm_curr.o(i.PWMC_SwitchOnPWM))
<BR><BR>[Stack]<UL><LI>Max Depth = 8<LI>Call Chain = PWMC_SwitchOnPWM
</UL>
<BR>[Calls]<UL><LI><a href="#[6b]">&gt;&gt;</a>&nbsp;&nbsp;&nbsp;timer_flag_get
<LI><a href="#[6a]">&gt;&gt;</a>&nbsp;&nbsp;&nbsp;timer_flag_clear
<LI><a href="#[6c]">&gt;&gt;</a>&nbsp;&nbsp;&nbsp;timer_channel_output_state_config
<LI><a href="#[6d]">&gt;&gt;</a>&nbsp;&nbsp;&nbsp;timer_channel_complementary_output_state_config
</UL>
<BR>[Called By]<UL><LI><a href="#[4a]">&gt;&gt;</a>&nbsp;&nbsp;&nbsp;main
</UL>

<P><STRONG><a name="[63]"></a>PWMC_TurnOnLowSides</STRONG> (Thumb, 112 bytes, Stack size 8 bytes, pwm_curr.o(i.PWMC_TurnOnLowSides))
<BR><BR>[Stack]<UL><LI>Max Depth = 8<LI>Call Chain = PWMC_TurnOnLowSides
</UL>
<BR>[Calls]<UL><LI><a href="#[6b]">&gt;&gt;</a>&nbsp;&nbsp;&nbsp;timer_flag_get
<LI><a href="#[6a]">&gt;&gt;</a>&nbsp;&nbsp;&nbsp;timer_flag_clear
<LI><a href="#[6c]">&gt;&gt;</a>&nbsp;&nbsp;&nbsp;timer_channel_output_state_config
<LI><a href="#[6d]">&gt;&gt;</a>&nbsp;&nbsp;&nbsp;timer_channel_complementary_output_state_config
</UL>
<BR>[Called By]<UL><LI><a href="#[62]">&gt;&gt;</a>&nbsp;&nbsp;&nbsp;FOC_arm
</UL>

<P><STRONG><a name="[6f]"></a>PWMC_init</STRONG> (Thumb, 194 bytes, Stack size 8 bytes, pwm_curr.o(i.PWMC_init))
<BR><BR>[Stack]<UL><LI>Max Depth = 16<LI>Call Chain = PWMC_init &rArr; delay_ms
</UL>
<BR>[Calls]<UL><LI><a href="#[78]">&gt;&gt;</a>&nbsp;&nbsp;&nbsp;timer_repetition_value_config
<LI><a href="#[79]">&gt;&gt;</a>&nbsp;&nbsp;&nbsp;timer_primary_output_config
<LI><a href="#[6c]">&gt;&gt;</a>&nbsp;&nbsp;&nbsp;timer_channel_output_state_config
<LI><a href="#[6d]">&gt;&gt;</a>&nbsp;&nbsp;&nbsp;timer_channel_complementary_output_state_config
<LI><a href="#[7a]">&gt;&gt;</a>&nbsp;&nbsp;&nbsp;timer_auto_reload_shadow_enable
<LI><a href="#[75]">&gt;&gt;</a>&nbsp;&nbsp;&nbsp;adc_software_trigger_enable
<LI><a href="#[71]">&gt;&gt;</a>&nbsp;&nbsp;&nbsp;adc_interrupt_flag_clear
<LI><a href="#[70]">&gt;&gt;</a>&nbsp;&nbsp;&nbsp;adc_interrupt_disable
<LI><a href="#[72]">&gt;&gt;</a>&nbsp;&nbsp;&nbsp;adc_enable
<LI><a href="#[74]">&gt;&gt;</a>&nbsp;&nbsp;&nbsp;adc_calibration_enable
<LI><a href="#[77]">&gt;&gt;</a>&nbsp;&nbsp;&nbsp;timer_enable
<LI><a href="#[76]">&gt;&gt;</a>&nbsp;&nbsp;&nbsp;adc_interrupt_enable
<LI><a href="#[73]">&gt;&gt;</a>&nbsp;&nbsp;&nbsp;delay_ms
</UL>
<BR>[Called By]<UL><LI><a href="#[4a]">&gt;&gt;</a>&nbsp;&nbsp;&nbsp;main
</UL>

<P><STRONG><a name="[8]"></a>PendSV_Handler</STRONG> (Thumb, 2 bytes, Stack size 0 bytes, gd32c10x_it.o(i.PendSV_Handler))
<BR>[Address Reference Count : 1]<UL><LI> startup_gd32c10x.o(RESET)
</UL>
<P><STRONG><a name="[6]"></a>SVC_Handler</STRONG> (Thumb, 2 bytes, Stack size 0 bytes, gd32c10x_it.o(i.SVC_Handler))
<BR>[Address Reference Count : 1]<UL><LI> startup_gd32c10x.o(RESET)
</UL>
<P><STRONG><a name="[9]"></a>SysTick_Handler</STRONG> (Thumb, 2 bytes, Stack size 0 bytes, gd32c10x_it.o(i.SysTick_Handler))
<BR>[Address Reference Count : 1]<UL><LI> startup_gd32c10x.o(RESET)
</UL>
<P><STRONG><a name="[4b]"></a>SystemInit</STRONG> (Thumb, 178 bytes, Stack size 8 bytes, system_gd32c10x.o(i.SystemInit))
<BR><BR>[Stack]<UL><LI>Max Depth = 8<LI>Call Chain = SystemInit
</UL>
<BR>[Calls]<UL><LI><a href="#[7c]">&gt;&gt;</a>&nbsp;&nbsp;&nbsp;nvic_vector_table_set
<LI><a href="#[7b]">&gt;&gt;</a>&nbsp;&nbsp;&nbsp;system_clock_config
</UL>
<BR>[Address Reference Count : 1]<UL><LI> startup_gd32c10x.o(.text)
</UL>
<P><STRONG><a name="[3e]"></a>TIMER5_IRQHandler</STRONG> (Thumb, 4 bytes, Stack size 0 bytes, gd32c10x_it.o(i.TIMER5_IRQHandler))
<BR><BR>[Stack]<UL><LI>Max Depth = 8<LI>Call Chain = TIMER5_IRQHandler &rArr; Update_TimerTick
</UL>
<BR>[Calls]<UL><LI><a href="#[7d]">&gt;&gt;</a>&nbsp;&nbsp;&nbsp;Update_TimerTick
</UL>
<BR>[Address Reference Count : 1]<UL><LI> startup_gd32c10x.o(RESET)
</UL>
<P><STRONG><a name="[2f]"></a>USART0_IRQHandler</STRONG> (Thumb, 4 bytes, Stack size 0 bytes, gd32c10x_it.o(i.USART0_IRQHandler))
<BR><BR>[Stack]<UL><LI>Max Depth = 32<LI>Call Chain = USART0_IRQHandler &rArr; usart0_call_back &rArr; dma_channel_enable
</UL>
<BR>[Calls]<UL><LI><a href="#[7e]">&gt;&gt;</a>&nbsp;&nbsp;&nbsp;usart0_call_back
</UL>
<BR>[Address Reference Count : 1]<UL><LI> startup_gd32c10x.o(RESET)
</UL>
<P><STRONG><a name="[31]"></a>USART2_IRQHandler</STRONG> (Thumb, 4 bytes, Stack size 0 bytes, gd32c10x_it.o(i.USART2_IRQHandler))
<BR><BR>[Stack]<UL><LI>Max Depth = 32<LI>Call Chain = USART2_IRQHandler &rArr; usart2_call_back &rArr; dma_channel_enable
</UL>
<BR>[Calls]<UL><LI><a href="#[7f]">&gt;&gt;</a>&nbsp;&nbsp;&nbsp;usart2_call_back
</UL>
<BR>[Address Reference Count : 1]<UL><LI> startup_gd32c10x.o(RESET)
</UL>
<P><STRONG><a name="[bc]"></a>USR_CONFIG_set_default_config</STRONG> (Thumb, 216 bytes, Stack size 0 bytes, user_config.o(i.USR_CONFIG_set_default_config))
<BR><BR>[Called By]<UL><LI><a href="#[4a]">&gt;&gt;</a>&nbsp;&nbsp;&nbsp;main
</UL>

<P><STRONG><a name="[7d]"></a>Update_TimerTick</STRONG> (Thumb, 34 bytes, Stack size 8 bytes, delay_timer.o(i.Update_TimerTick))
<BR><BR>[Stack]<UL><LI>Max Depth = 8<LI>Call Chain = Update_TimerTick
</UL>
<BR>[Calls]<UL><LI><a href="#[80]">&gt;&gt;</a>&nbsp;&nbsp;&nbsp;timer_interrupt_flag_get
<LI><a href="#[81]">&gt;&gt;</a>&nbsp;&nbsp;&nbsp;timer_interrupt_flag_clear
</UL>
<BR>[Called By]<UL><LI><a href="#[3e]">&gt;&gt;</a>&nbsp;&nbsp;&nbsp;TIMER5_IRQHandler
</UL>

<P><STRONG><a name="[5]"></a>UsageFault_Handler</STRONG> (Thumb, 2 bytes, Stack size 0 bytes, gd32c10x_it.o(i.UsageFault_Handler))
<BR><BR>[Calls]<UL><LI><a href="#[5]">&gt;&gt;</a>&nbsp;&nbsp;&nbsp;UsageFault_Handler
</UL>
<BR>[Called By]<UL><LI><a href="#[5]">&gt;&gt;</a>&nbsp;&nbsp;&nbsp;UsageFault_Handler
</UL>
<BR>[Address Reference Count : 1]<UL><LI> startup_gd32c10x.o(RESET)
</UL>
<P><STRONG><a name="[cb]"></a>__scatterload_copy</STRONG> (Thumb, 14 bytes, Stack size unknown bytes, handlers.o(i.__scatterload_copy), UNUSED)

<P><STRONG><a name="[cc]"></a>__scatterload_null</STRONG> (Thumb, 2 bytes, Stack size unknown bytes, handlers.o(i.__scatterload_null), UNUSED)

<P><STRONG><a name="[cd]"></a>__scatterload_zeroinit</STRONG> (Thumb, 14 bytes, Stack size unknown bytes, handlers.o(i.__scatterload_zeroinit), UNUSED)

<P><STRONG><a name="[74]"></a>adc_calibration_enable</STRONG> (Thumb, 30 bytes, Stack size 0 bytes, gd32c10x_adc.o(i.adc_calibration_enable))
<BR><BR>[Called By]<UL><LI><a href="#[6f]">&gt;&gt;</a>&nbsp;&nbsp;&nbsp;PWMC_init
</UL>

<P><STRONG><a name="[88]"></a>adc_channel_length_config</STRONG> (Thumb, 58 bytes, Stack size 0 bytes, gd32c10x_adc.o(i.adc_channel_length_config))
<BR><BR>[Called By]<UL><LI><a href="#[54]">&gt;&gt;</a>&nbsp;&nbsp;&nbsp;bsp_adc1_Init
<LI><a href="#[53]">&gt;&gt;</a>&nbsp;&nbsp;&nbsp;bsp_adc0_Init
</UL>

<P><STRONG><a name="[87]"></a>adc_data_alignment_config</STRONG> (Thumb, 24 bytes, Stack size 0 bytes, gd32c10x_adc.o(i.adc_data_alignment_config))
<BR><BR>[Called By]<UL><LI><a href="#[54]">&gt;&gt;</a>&nbsp;&nbsp;&nbsp;bsp_adc1_Init
<LI><a href="#[53]">&gt;&gt;</a>&nbsp;&nbsp;&nbsp;bsp_adc0_Init
</UL>

<P><STRONG><a name="[82]"></a>adc_deinit</STRONG> (Thumb, 56 bytes, Stack size 8 bytes, gd32c10x_adc.o(i.adc_deinit))
<BR><BR>[Stack]<UL><LI>Max Depth = 8<LI>Call Chain = adc_deinit
</UL>
<BR>[Calls]<UL><LI><a href="#[83]">&gt;&gt;</a>&nbsp;&nbsp;&nbsp;rcu_periph_reset_enable
<LI><a href="#[84]">&gt;&gt;</a>&nbsp;&nbsp;&nbsp;rcu_periph_reset_disable
</UL>
<BR>[Called By]<UL><LI><a href="#[54]">&gt;&gt;</a>&nbsp;&nbsp;&nbsp;bsp_adc1_Init
<LI><a href="#[53]">&gt;&gt;</a>&nbsp;&nbsp;&nbsp;bsp_adc0_Init
</UL>

<P><STRONG><a name="[72]"></a>adc_enable</STRONG> (Thumb, 16 bytes, Stack size 0 bytes, gd32c10x_adc.o(i.adc_enable))
<BR><BR>[Called By]<UL><LI><a href="#[6f]">&gt;&gt;</a>&nbsp;&nbsp;&nbsp;PWMC_init
</UL>

<P><STRONG><a name="[8c]"></a>adc_external_trigger_config</STRONG> (Thumb, 56 bytes, Stack size 0 bytes, gd32c10x_adc.o(i.adc_external_trigger_config))
<BR><BR>[Called By]<UL><LI><a href="#[54]">&gt;&gt;</a>&nbsp;&nbsp;&nbsp;bsp_adc1_Init
<LI><a href="#[53]">&gt;&gt;</a>&nbsp;&nbsp;&nbsp;bsp_adc0_Init
</UL>

<P><STRONG><a name="[8b]"></a>adc_external_trigger_source_config</STRONG> (Thumb, 40 bytes, Stack size 0 bytes, gd32c10x_adc.o(i.adc_external_trigger_source_config))
<BR><BR>[Called By]<UL><LI><a href="#[54]">&gt;&gt;</a>&nbsp;&nbsp;&nbsp;bsp_adc1_Init
<LI><a href="#[53]">&gt;&gt;</a>&nbsp;&nbsp;&nbsp;bsp_adc0_Init
</UL>

<P><STRONG><a name="[8a]"></a>adc_inserted_channel_config</STRONG> (Thumb, 80 bytes, Stack size 12 bytes, gd32c10x_adc.o(i.adc_inserted_channel_config))
<BR><BR>[Stack]<UL><LI>Max Depth = 12<LI>Call Chain = adc_inserted_channel_config
</UL>
<BR>[Called By]<UL><LI><a href="#[54]">&gt;&gt;</a>&nbsp;&nbsp;&nbsp;bsp_adc1_Init
<LI><a href="#[53]">&gt;&gt;</a>&nbsp;&nbsp;&nbsp;bsp_adc0_Init
</UL>

<P><STRONG><a name="[70]"></a>adc_interrupt_disable</STRONG> (Thumb, 38 bytes, Stack size 0 bytes, gd32c10x_adc.o(i.adc_interrupt_disable))
<BR><BR>[Called By]<UL><LI><a href="#[6f]">&gt;&gt;</a>&nbsp;&nbsp;&nbsp;PWMC_init
</UL>

<P><STRONG><a name="[76]"></a>adc_interrupt_enable</STRONG> (Thumb, 38 bytes, Stack size 0 bytes, gd32c10x_adc.o(i.adc_interrupt_enable))
<BR><BR>[Called By]<UL><LI><a href="#[5b]">&gt;&gt;</a>&nbsp;&nbsp;&nbsp;bsp_nvic_Init
<LI><a href="#[6f]">&gt;&gt;</a>&nbsp;&nbsp;&nbsp;PWMC_init
</UL>

<P><STRONG><a name="[71]"></a>adc_interrupt_flag_clear</STRONG> (Thumb, 8 bytes, Stack size 0 bytes, gd32c10x_adc.o(i.adc_interrupt_flag_clear))
<BR><BR>[Called By]<UL><LI><a href="#[6f]">&gt;&gt;</a>&nbsp;&nbsp;&nbsp;PWMC_init
</UL>

<P><STRONG><a name="[85]"></a>adc_mode_config</STRONG> (Thumb, 18 bytes, Stack size 0 bytes, gd32c10x_adc.o(i.adc_mode_config))
<BR><BR>[Called By]<UL><LI><a href="#[53]">&gt;&gt;</a>&nbsp;&nbsp;&nbsp;bsp_adc0_Init
</UL>

<P><STRONG><a name="[89]"></a>adc_regular_channel_config</STRONG> (Thumb, 126 bytes, Stack size 12 bytes, gd32c10x_adc.o(i.adc_regular_channel_config))
<BR><BR>[Stack]<UL><LI>Max Depth = 12<LI>Call Chain = adc_regular_channel_config
</UL>
<BR>[Called By]<UL><LI><a href="#[53]">&gt;&gt;</a>&nbsp;&nbsp;&nbsp;bsp_adc0_Init
</UL>

<P><STRONG><a name="[75]"></a>adc_software_trigger_enable</STRONG> (Thumb, 26 bytes, Stack size 0 bytes, gd32c10x_adc.o(i.adc_software_trigger_enable))
<BR><BR>[Called By]<UL><LI><a href="#[6f]">&gt;&gt;</a>&nbsp;&nbsp;&nbsp;PWMC_init
</UL>

<P><STRONG><a name="[86]"></a>adc_special_function_config</STRONG> (Thumb, 80 bytes, Stack size 0 bytes, gd32c10x_adc.o(i.adc_special_function_config))
<BR><BR>[Called By]<UL><LI><a href="#[53]">&gt;&gt;</a>&nbsp;&nbsp;&nbsp;bsp_adc0_Init
</UL>

<P><STRONG><a name="[73]"></a>delay_ms</STRONG> (Thumb, 24 bytes, Stack size 8 bytes, main.o(i.delay_ms))
<BR><BR>[Stack]<UL><LI>Max Depth = 8<LI>Call Chain = delay_ms
</UL>
<BR>[Called By]<UL><LI><a href="#[6f]">&gt;&gt;</a>&nbsp;&nbsp;&nbsp;PWMC_init
<LI><a href="#[4a]">&gt;&gt;</a>&nbsp;&nbsp;&nbsp;main
</UL>

<P><STRONG><a name="[b7]"></a>delay_timer_Init</STRONG> (Thumb, 6 bytes, Stack size 0 bytes, delay_timer.o(i.delay_timer_Init))
<BR><BR>[Calls]<UL><LI><a href="#[77]">&gt;&gt;</a>&nbsp;&nbsp;&nbsp;timer_enable
</UL>
<BR>[Called By]<UL><LI><a href="#[4a]">&gt;&gt;</a>&nbsp;&nbsp;&nbsp;main
</UL>

<P><STRONG><a name="[94]"></a>dma_channel_disable</STRONG> (Thumb, 36 bytes, Stack size 16 bytes, gd32c10x_dma.o(i.dma_channel_disable))
<BR><BR>[Stack]<UL><LI>Max Depth = 16<LI>Call Chain = dma_channel_disable
</UL>
<BR>[Calls]<UL><LI><a href="#[b8]">&gt;&gt;</a>&nbsp;&nbsp;&nbsp;dma_periph_and_channel_check
</UL>
<BR>[Called By]<UL><LI><a href="#[55]">&gt;&gt;</a>&nbsp;&nbsp;&nbsp;bsp_dma0_Init
<LI><a href="#[7f]">&gt;&gt;</a>&nbsp;&nbsp;&nbsp;usart2_call_back
<LI><a href="#[7e]">&gt;&gt;</a>&nbsp;&nbsp;&nbsp;usart0_call_back
</UL>

<P><STRONG><a name="[91]"></a>dma_channel_enable</STRONG> (Thumb, 36 bytes, Stack size 16 bytes, gd32c10x_dma.o(i.dma_channel_enable))
<BR><BR>[Stack]<UL><LI>Max Depth = 16<LI>Call Chain = dma_channel_enable
</UL>
<BR>[Calls]<UL><LI><a href="#[b8]">&gt;&gt;</a>&nbsp;&nbsp;&nbsp;dma_periph_and_channel_check
</UL>
<BR>[Called By]<UL><LI><a href="#[55]">&gt;&gt;</a>&nbsp;&nbsp;&nbsp;bsp_dma0_Init
<LI><a href="#[7f]">&gt;&gt;</a>&nbsp;&nbsp;&nbsp;usart2_call_back
<LI><a href="#[7e]">&gt;&gt;</a>&nbsp;&nbsp;&nbsp;usart0_call_back
</UL>

<P><STRONG><a name="[92]"></a>dma_circulation_disable</STRONG> (Thumb, 36 bytes, Stack size 16 bytes, gd32c10x_dma.o(i.dma_circulation_disable))
<BR><BR>[Stack]<UL><LI>Max Depth = 16<LI>Call Chain = dma_circulation_disable
</UL>
<BR>[Calls]<UL><LI><a href="#[b8]">&gt;&gt;</a>&nbsp;&nbsp;&nbsp;dma_periph_and_channel_check
</UL>
<BR>[Called By]<UL><LI><a href="#[55]">&gt;&gt;</a>&nbsp;&nbsp;&nbsp;bsp_dma0_Init
</UL>

<P><STRONG><a name="[90]"></a>dma_circulation_enable</STRONG> (Thumb, 36 bytes, Stack size 16 bytes, gd32c10x_dma.o(i.dma_circulation_enable))
<BR><BR>[Stack]<UL><LI>Max Depth = 16<LI>Call Chain = dma_circulation_enable
</UL>
<BR>[Calls]<UL><LI><a href="#[b8]">&gt;&gt;</a>&nbsp;&nbsp;&nbsp;dma_periph_and_channel_check
</UL>
<BR>[Called By]<UL><LI><a href="#[55]">&gt;&gt;</a>&nbsp;&nbsp;&nbsp;bsp_dma0_Init
</UL>

<P><STRONG><a name="[8d]"></a>dma_deinit</STRONG> (Thumb, 58 bytes, Stack size 16 bytes, gd32c10x_dma.o(i.dma_deinit))
<BR><BR>[Stack]<UL><LI>Max Depth = 16<LI>Call Chain = dma_deinit
</UL>
<BR>[Calls]<UL><LI><a href="#[b8]">&gt;&gt;</a>&nbsp;&nbsp;&nbsp;dma_periph_and_channel_check
</UL>
<BR>[Called By]<UL><LI><a href="#[55]">&gt;&gt;</a>&nbsp;&nbsp;&nbsp;bsp_dma0_Init
</UL>

<P><STRONG><a name="[8f]"></a>dma_init</STRONG> (Thumb, 134 bytes, Stack size 16 bytes, gd32c10x_dma.o(i.dma_init))
<BR><BR>[Stack]<UL><LI>Max Depth = 16<LI>Call Chain = dma_init
</UL>
<BR>[Calls]<UL><LI><a href="#[b8]">&gt;&gt;</a>&nbsp;&nbsp;&nbsp;dma_periph_and_channel_check
</UL>
<BR>[Called By]<UL><LI><a href="#[55]">&gt;&gt;</a>&nbsp;&nbsp;&nbsp;bsp_dma0_Init
</UL>

<P><STRONG><a name="[b9]"></a>dma_memory_address_config</STRONG> (Thumb, 32 bytes, Stack size 16 bytes, gd32c10x_dma.o(i.dma_memory_address_config))
<BR><BR>[Stack]<UL><LI>Max Depth = 16<LI>Call Chain = dma_memory_address_config
</UL>
<BR>[Calls]<UL><LI><a href="#[b8]">&gt;&gt;</a>&nbsp;&nbsp;&nbsp;dma_periph_and_channel_check
</UL>
<BR>[Called By]<UL><LI><a href="#[7f]">&gt;&gt;</a>&nbsp;&nbsp;&nbsp;usart2_call_back
<LI><a href="#[7e]">&gt;&gt;</a>&nbsp;&nbsp;&nbsp;usart0_call_back
</UL>

<P><STRONG><a name="[93]"></a>dma_memory_to_memory_disable</STRONG> (Thumb, 36 bytes, Stack size 16 bytes, gd32c10x_dma.o(i.dma_memory_to_memory_disable))
<BR><BR>[Stack]<UL><LI>Max Depth = 16<LI>Call Chain = dma_memory_to_memory_disable
</UL>
<BR>[Calls]<UL><LI><a href="#[b8]">&gt;&gt;</a>&nbsp;&nbsp;&nbsp;dma_periph_and_channel_check
</UL>
<BR>[Called By]<UL><LI><a href="#[55]">&gt;&gt;</a>&nbsp;&nbsp;&nbsp;bsp_dma0_Init
</UL>

<P><STRONG><a name="[8e]"></a>dma_struct_para_init</STRONG> (Thumb, 28 bytes, Stack size 0 bytes, gd32c10x_dma.o(i.dma_struct_para_init))
<BR><BR>[Called By]<UL><LI><a href="#[55]">&gt;&gt;</a>&nbsp;&nbsp;&nbsp;bsp_dma0_Init
</UL>

<P><STRONG><a name="[ba]"></a>dma_transfer_number_config</STRONG> (Thumb, 34 bytes, Stack size 16 bytes, gd32c10x_dma.o(i.dma_transfer_number_config))
<BR><BR>[Stack]<UL><LI>Max Depth = 16<LI>Call Chain = dma_transfer_number_config
</UL>
<BR>[Calls]<UL><LI><a href="#[b8]">&gt;&gt;</a>&nbsp;&nbsp;&nbsp;dma_periph_and_channel_check
</UL>
<BR>[Called By]<UL><LI><a href="#[7f]">&gt;&gt;</a>&nbsp;&nbsp;&nbsp;usart2_call_back
<LI><a href="#[7e]">&gt;&gt;</a>&nbsp;&nbsp;&nbsp;usart0_call_back
</UL>

<P><STRONG><a name="[bb]"></a>dma_transfer_number_get</STRONG> (Thumb, 30 bytes, Stack size 16 bytes, gd32c10x_dma.o(i.dma_transfer_number_get))
<BR><BR>[Stack]<UL><LI>Max Depth = 16<LI>Call Chain = dma_transfer_number_get
</UL>
<BR>[Calls]<UL><LI><a href="#[b8]">&gt;&gt;</a>&nbsp;&nbsp;&nbsp;dma_periph_and_channel_check
</UL>
<BR>[Called By]<UL><LI><a href="#[7f]">&gt;&gt;</a>&nbsp;&nbsp;&nbsp;usart2_call_back
<LI><a href="#[7e]">&gt;&gt;</a>&nbsp;&nbsp;&nbsp;usart0_call_back
</UL>

<P><STRONG><a name="[96]"></a>gpio_bit_reset</STRONG> (Thumb, 4 bytes, Stack size 0 bytes, gd32c10x_gpio.o(i.gpio_bit_reset))
<BR><BR>[Called By]<UL><LI><a href="#[52]">&gt;&gt;</a>&nbsp;&nbsp;&nbsp;bsp_gpio_Init
</UL>

<P><STRONG><a name="[98]"></a>gpio_bit_set</STRONG> (Thumb, 4 bytes, Stack size 0 bytes, gd32c10x_gpio.o(i.gpio_bit_set))
<BR><BR>[Called By]<UL><LI><a href="#[52]">&gt;&gt;</a>&nbsp;&nbsp;&nbsp;bsp_gpio_Init
</UL>

<P><STRONG><a name="[95]"></a>gpio_init</STRONG> (Thumb, 164 bytes, Stack size 28 bytes, gd32c10x_gpio.o(i.gpio_init))
<BR><BR>[Stack]<UL><LI>Max Depth = 28<LI>Call Chain = gpio_init
</UL>
<BR>[Called By]<UL><LI><a href="#[52]">&gt;&gt;</a>&nbsp;&nbsp;&nbsp;bsp_gpio_Init
</UL>

<P><STRONG><a name="[99]"></a>gpio_pin_lock</STRONG> (Thumb, 16 bytes, Stack size 0 bytes, gd32c10x_gpio.o(i.gpio_pin_lock))
<BR><BR>[Called By]<UL><LI><a href="#[5a]">&gt;&gt;</a>&nbsp;&nbsp;&nbsp;bsp_gpio_lock
</UL>

<P><STRONG><a name="[97]"></a>gpio_pin_remap_config</STRONG> (Thumb, 86 bytes, Stack size 20 bytes, gd32c10x_gpio.o(i.gpio_pin_remap_config))
<BR><BR>[Stack]<UL><LI>Max Depth = 20<LI>Call Chain = gpio_pin_remap_config
</UL>
<BR>[Called By]<UL><LI><a href="#[52]">&gt;&gt;</a>&nbsp;&nbsp;&nbsp;bsp_gpio_Init
</UL>

<P><STRONG><a name="[4a]"></a>main</STRONG> (Thumb, 152 bytes, Stack size 0 bytes, main.o(i.main))
<BR><BR>[Stack]<UL><LI>Max Depth = 88<LI>Call Chain = main &rArr; BSP_Init &rArr; bsp_usart0_Init &rArr; usart_baudrate_set &rArr; rcu_clock_freq_get
</UL>
<BR>[Calls]<UL><LI><a href="#[b7]">&gt;&gt;</a>&nbsp;&nbsp;&nbsp;delay_timer_Init
<LI><a href="#[bc]">&gt;&gt;</a>&nbsp;&nbsp;&nbsp;USR_CONFIG_set_default_config
<LI><a href="#[6f]">&gt;&gt;</a>&nbsp;&nbsp;&nbsp;PWMC_init
<LI><a href="#[6e]">&gt;&gt;</a>&nbsp;&nbsp;&nbsp;PWMC_SwitchOnPWM
<LI><a href="#[69]">&gt;&gt;</a>&nbsp;&nbsp;&nbsp;PWMC_CurrentReadingPolarization
<LI><a href="#[68]">&gt;&gt;</a>&nbsp;&nbsp;&nbsp;FSM_set_state
<LI><a href="#[bd]">&gt;&gt;</a>&nbsp;&nbsp;&nbsp;FSM_init
<LI><a href="#[66]">&gt;&gt;</a>&nbsp;&nbsp;&nbsp;FOC_init
<LI><a href="#[5e]">&gt;&gt;</a>&nbsp;&nbsp;&nbsp;Encoder_sample
<LI><a href="#[5c]">&gt;&gt;</a>&nbsp;&nbsp;&nbsp;Encoder_Init
<LI><a href="#[50]">&gt;&gt;</a>&nbsp;&nbsp;&nbsp;BSP_Init
<LI><a href="#[73]">&gt;&gt;</a>&nbsp;&nbsp;&nbsp;delay_ms
</UL>
<BR>[Address Reference Count : 1]<UL><LI> entry9a.o(.ARM.Collect$$$$0000000B)
</UL>
<P><STRONG><a name="[9b]"></a>nvic_irq_enable</STRONG> (Thumb, 138 bytes, Stack size 20 bytes, gd32c10x_misc.o(i.nvic_irq_enable))
<BR><BR>[Stack]<UL><LI>Max Depth = 20<LI>Call Chain = nvic_irq_enable
</UL>
<BR>[Calls]<UL><LI><a href="#[9a]">&gt;&gt;</a>&nbsp;&nbsp;&nbsp;nvic_priority_group_set
</UL>
<BR>[Called By]<UL><LI><a href="#[5b]">&gt;&gt;</a>&nbsp;&nbsp;&nbsp;bsp_nvic_Init
</UL>

<P><STRONG><a name="[9a]"></a>nvic_priority_group_set</STRONG> (Thumb, 10 bytes, Stack size 0 bytes, gd32c10x_misc.o(i.nvic_priority_group_set))
<BR><BR>[Called By]<UL><LI><a href="#[9b]">&gt;&gt;</a>&nbsp;&nbsp;&nbsp;nvic_irq_enable
<LI><a href="#[5b]">&gt;&gt;</a>&nbsp;&nbsp;&nbsp;bsp_nvic_Init
</UL>

<P><STRONG><a name="[7c]"></a>nvic_vector_table_set</STRONG> (Thumb, 16 bytes, Stack size 0 bytes, gd32c10x_misc.o(i.nvic_vector_table_set))
<BR><BR>[Called By]<UL><LI><a href="#[4b]">&gt;&gt;</a>&nbsp;&nbsp;&nbsp;SystemInit
</UL>

<P><STRONG><a name="[9f]"></a>rcu_adc_clock_config</STRONG> (Thumb, 74 bytes, Stack size 8 bytes, gd32c10x_rcu.o(i.rcu_adc_clock_config))
<BR><BR>[Stack]<UL><LI>Max Depth = 8<LI>Call Chain = rcu_adc_clock_config
</UL>
<BR>[Called By]<UL><LI><a href="#[51]">&gt;&gt;</a>&nbsp;&nbsp;&nbsp;bsp_rcu_Init
</UL>

<P><STRONG><a name="[c2]"></a>rcu_clock_freq_get</STRONG> (Thumb, 256 bytes, Stack size 48 bytes, gd32c10x_rcu.o(i.rcu_clock_freq_get))
<BR><BR>[Stack]<UL><LI>Max Depth = 48<LI>Call Chain = rcu_clock_freq_get
</UL>
<BR>[Called By]<UL><LI><a href="#[af]">&gt;&gt;</a>&nbsp;&nbsp;&nbsp;usart_baudrate_set
</UL>

<P><STRONG><a name="[9e]"></a>rcu_periph_clock_enable</STRONG> (Thumb, 22 bytes, Stack size 0 bytes, gd32c10x_rcu.o(i.rcu_periph_clock_enable))
<BR><BR>[Called By]<UL><LI><a href="#[51]">&gt;&gt;</a>&nbsp;&nbsp;&nbsp;bsp_rcu_Init
</UL>

<P><STRONG><a name="[84]"></a>rcu_periph_reset_disable</STRONG> (Thumb, 22 bytes, Stack size 0 bytes, gd32c10x_rcu.o(i.rcu_periph_reset_disable))
<BR><BR>[Called By]<UL><LI><a href="#[ae]">&gt;&gt;</a>&nbsp;&nbsp;&nbsp;usart_deinit
<LI><a href="#[a4]">&gt;&gt;</a>&nbsp;&nbsp;&nbsp;timer_deinit
<LI><a href="#[a0]">&gt;&gt;</a>&nbsp;&nbsp;&nbsp;spi_i2s_deinit
<LI><a href="#[82]">&gt;&gt;</a>&nbsp;&nbsp;&nbsp;adc_deinit
</UL>

<P><STRONG><a name="[83]"></a>rcu_periph_reset_enable</STRONG> (Thumb, 22 bytes, Stack size 0 bytes, gd32c10x_rcu.o(i.rcu_periph_reset_enable))
<BR><BR>[Called By]<UL><LI><a href="#[ae]">&gt;&gt;</a>&nbsp;&nbsp;&nbsp;usart_deinit
<LI><a href="#[a4]">&gt;&gt;</a>&nbsp;&nbsp;&nbsp;timer_deinit
<LI><a href="#[a0]">&gt;&gt;</a>&nbsp;&nbsp;&nbsp;spi_i2s_deinit
<LI><a href="#[82]">&gt;&gt;</a>&nbsp;&nbsp;&nbsp;adc_deinit
</UL>

<P><STRONG><a name="[a3]"></a>spi_enable</STRONG> (Thumb, 10 bytes, Stack size 0 bytes, gd32c10x_spi.o(i.spi_enable))
<BR><BR>[Called By]<UL><LI><a href="#[56]">&gt;&gt;</a>&nbsp;&nbsp;&nbsp;bsp_spi0_Init
</UL>

<P><STRONG><a name="[61]"></a>spi_i2s_data_receive</STRONG> (Thumb, 6 bytes, Stack size 0 bytes, gd32c10x_spi.o(i.spi_i2s_data_receive))
<BR><BR>[Called By]<UL><LI><a href="#[5e]">&gt;&gt;</a>&nbsp;&nbsp;&nbsp;Encoder_sample
</UL>

<P><STRONG><a name="[60]"></a>spi_i2s_data_transmit</STRONG> (Thumb, 4 bytes, Stack size 0 bytes, gd32c10x_spi.o(i.spi_i2s_data_transmit))
<BR><BR>[Called By]<UL><LI><a href="#[5e]">&gt;&gt;</a>&nbsp;&nbsp;&nbsp;Encoder_sample
</UL>

<P><STRONG><a name="[a0]"></a>spi_i2s_deinit</STRONG> (Thumb, 82 bytes, Stack size 8 bytes, gd32c10x_spi.o(i.spi_i2s_deinit))
<BR><BR>[Stack]<UL><LI>Max Depth = 8<LI>Call Chain = spi_i2s_deinit
</UL>
<BR>[Calls]<UL><LI><a href="#[83]">&gt;&gt;</a>&nbsp;&nbsp;&nbsp;rcu_periph_reset_enable
<LI><a href="#[84]">&gt;&gt;</a>&nbsp;&nbsp;&nbsp;rcu_periph_reset_disable
</UL>
<BR>[Called By]<UL><LI><a href="#[56]">&gt;&gt;</a>&nbsp;&nbsp;&nbsp;bsp_spi0_Init
</UL>

<P><STRONG><a name="[5f]"></a>spi_i2s_flag_get</STRONG> (Thumb, 14 bytes, Stack size 0 bytes, gd32c10x_spi.o(i.spi_i2s_flag_get))
<BR><BR>[Called By]<UL><LI><a href="#[5e]">&gt;&gt;</a>&nbsp;&nbsp;&nbsp;Encoder_sample
</UL>

<P><STRONG><a name="[a2]"></a>spi_init</STRONG> (Thumb, 46 bytes, Stack size 0 bytes, gd32c10x_spi.o(i.spi_init))
<BR><BR>[Called By]<UL><LI><a href="#[56]">&gt;&gt;</a>&nbsp;&nbsp;&nbsp;bsp_spi0_Init
</UL>

<P><STRONG><a name="[a1]"></a>spi_struct_para_init</STRONG> (Thumb, 18 bytes, Stack size 0 bytes, gd32c10x_spi.o(i.spi_struct_para_init))
<BR><BR>[Called By]<UL><LI><a href="#[56]">&gt;&gt;</a>&nbsp;&nbsp;&nbsp;bsp_spi0_Init
</UL>

<P><STRONG><a name="[7a]"></a>timer_auto_reload_shadow_enable</STRONG> (Thumb, 10 bytes, Stack size 0 bytes, gd32c10x_timer.o(i.timer_auto_reload_shadow_enable))
<BR><BR>[Called By]<UL><LI><a href="#[6f]">&gt;&gt;</a>&nbsp;&nbsp;&nbsp;PWMC_init
</UL>

<P><STRONG><a name="[ad]"></a>timer_break_config</STRONG> (Thumb, 32 bytes, Stack size 8 bytes, gd32c10x_timer.o(i.timer_break_config))
<BR><BR>[Stack]<UL><LI>Max Depth = 8<LI>Call Chain = timer_break_config
</UL>
<BR>[Called By]<UL><LI><a href="#[59]">&gt;&gt;</a>&nbsp;&nbsp;&nbsp;bsp_timer0_Init
</UL>

<P><STRONG><a name="[ac]"></a>timer_break_struct_para_init</STRONG> (Thumb, 18 bytes, Stack size 0 bytes, gd32c10x_timer.o(i.timer_break_struct_para_init))
<BR><BR>[Called By]<UL><LI><a href="#[59]">&gt;&gt;</a>&nbsp;&nbsp;&nbsp;bsp_timer0_Init
</UL>

<P><STRONG><a name="[6d]"></a>timer_channel_complementary_output_state_config</STRONG> (Thumb, 64 bytes, Stack size 0 bytes, gd32c10x_timer.o(i.timer_channel_complementary_output_state_config))
<BR><BR>[Called By]<UL><LI><a href="#[63]">&gt;&gt;</a>&nbsp;&nbsp;&nbsp;PWMC_TurnOnLowSides
<LI><a href="#[65]">&gt;&gt;</a>&nbsp;&nbsp;&nbsp;PWMC_SwitchOffPWM
<LI><a href="#[6f]">&gt;&gt;</a>&nbsp;&nbsp;&nbsp;PWMC_init
<LI><a href="#[6e]">&gt;&gt;</a>&nbsp;&nbsp;&nbsp;PWMC_SwitchOnPWM
</UL>

<P><STRONG><a name="[a8]"></a>timer_channel_output_config</STRONG> (Thumb, 464 bytes, Stack size 12 bytes, gd32c10x_timer.o(i.timer_channel_output_config))
<BR><BR>[Stack]<UL><LI>Max Depth = 12<LI>Call Chain = timer_channel_output_config
</UL>
<BR>[Called By]<UL><LI><a href="#[59]">&gt;&gt;</a>&nbsp;&nbsp;&nbsp;bsp_timer0_Init
</UL>

<P><STRONG><a name="[aa]"></a>timer_channel_output_mode_config</STRONG> (Thumb, 84 bytes, Stack size 0 bytes, gd32c10x_timer.o(i.timer_channel_output_mode_config))
<BR><BR>[Called By]<UL><LI><a href="#[59]">&gt;&gt;</a>&nbsp;&nbsp;&nbsp;bsp_timer0_Init
</UL>

<P><STRONG><a name="[a9]"></a>timer_channel_output_pulse_value_config</STRONG> (Thumb, 32 bytes, Stack size 0 bytes, gd32c10x_timer.o(i.timer_channel_output_pulse_value_config))
<BR><BR>[Called By]<UL><LI><a href="#[59]">&gt;&gt;</a>&nbsp;&nbsp;&nbsp;bsp_timer0_Init
</UL>

<P><STRONG><a name="[ab]"></a>timer_channel_output_shadow_config</STRONG> (Thumb, 84 bytes, Stack size 0 bytes, gd32c10x_timer.o(i.timer_channel_output_shadow_config))
<BR><BR>[Called By]<UL><LI><a href="#[59]">&gt;&gt;</a>&nbsp;&nbsp;&nbsp;bsp_timer0_Init
</UL>

<P><STRONG><a name="[6c]"></a>timer_channel_output_state_config</STRONG> (Thumb, 86 bytes, Stack size 0 bytes, gd32c10x_timer.o(i.timer_channel_output_state_config))
<BR><BR>[Called By]<UL><LI><a href="#[63]">&gt;&gt;</a>&nbsp;&nbsp;&nbsp;PWMC_TurnOnLowSides
<LI><a href="#[65]">&gt;&gt;</a>&nbsp;&nbsp;&nbsp;PWMC_SwitchOffPWM
<LI><a href="#[6f]">&gt;&gt;</a>&nbsp;&nbsp;&nbsp;PWMC_init
<LI><a href="#[6e]">&gt;&gt;</a>&nbsp;&nbsp;&nbsp;PWMC_SwitchOnPWM
</UL>

<P><STRONG><a name="[a7]"></a>timer_channel_output_struct_para_init</STRONG> (Thumb, 16 bytes, Stack size 0 bytes, gd32c10x_timer.o(i.timer_channel_output_struct_para_init))
<BR><BR>[Called By]<UL><LI><a href="#[59]">&gt;&gt;</a>&nbsp;&nbsp;&nbsp;bsp_timer0_Init
</UL>

<P><STRONG><a name="[a4]"></a>timer_deinit</STRONG> (Thumb, 378 bytes, Stack size 8 bytes, gd32c10x_timer.o(i.timer_deinit))
<BR><BR>[Stack]<UL><LI>Max Depth = 8<LI>Call Chain = timer_deinit
</UL>
<BR>[Calls]<UL><LI><a href="#[83]">&gt;&gt;</a>&nbsp;&nbsp;&nbsp;rcu_periph_reset_enable
<LI><a href="#[84]">&gt;&gt;</a>&nbsp;&nbsp;&nbsp;rcu_periph_reset_disable
</UL>
<BR>[Called By]<UL><LI><a href="#[58]">&gt;&gt;</a>&nbsp;&nbsp;&nbsp;bsp_timer5_Init
<LI><a href="#[59]">&gt;&gt;</a>&nbsp;&nbsp;&nbsp;bsp_timer0_Init
</UL>

<P><STRONG><a name="[77]"></a>timer_enable</STRONG> (Thumb, 10 bytes, Stack size 0 bytes, gd32c10x_timer.o(i.timer_enable))
<BR><BR>[Called By]<UL><LI><a href="#[b7]">&gt;&gt;</a>&nbsp;&nbsp;&nbsp;delay_timer_Init
<LI><a href="#[6f]">&gt;&gt;</a>&nbsp;&nbsp;&nbsp;PWMC_init
</UL>

<P><STRONG><a name="[6a]"></a>timer_flag_clear</STRONG> (Thumb, 6 bytes, Stack size 0 bytes, gd32c10x_timer.o(i.timer_flag_clear))
<BR><BR>[Called By]<UL><LI><a href="#[63]">&gt;&gt;</a>&nbsp;&nbsp;&nbsp;PWMC_TurnOnLowSides
<LI><a href="#[65]">&gt;&gt;</a>&nbsp;&nbsp;&nbsp;PWMC_SwitchOffPWM
<LI><a href="#[6e]">&gt;&gt;</a>&nbsp;&nbsp;&nbsp;PWMC_SwitchOnPWM
<LI><a href="#[69]">&gt;&gt;</a>&nbsp;&nbsp;&nbsp;PWMC_CurrentReadingPolarization
</UL>

<P><STRONG><a name="[6b]"></a>timer_flag_get</STRONG> (Thumb, 14 bytes, Stack size 0 bytes, gd32c10x_timer.o(i.timer_flag_get))
<BR><BR>[Called By]<UL><LI><a href="#[63]">&gt;&gt;</a>&nbsp;&nbsp;&nbsp;PWMC_TurnOnLowSides
<LI><a href="#[65]">&gt;&gt;</a>&nbsp;&nbsp;&nbsp;PWMC_SwitchOffPWM
<LI><a href="#[6e]">&gt;&gt;</a>&nbsp;&nbsp;&nbsp;PWMC_SwitchOnPWM
<LI><a href="#[69]">&gt;&gt;</a>&nbsp;&nbsp;&nbsp;PWMC_CurrentReadingPolarization
</UL>

<P><STRONG><a name="[a6]"></a>timer_init</STRONG> (Thumb, 132 bytes, Stack size 12 bytes, gd32c10x_timer.o(i.timer_init))
<BR><BR>[Stack]<UL><LI>Max Depth = 12<LI>Call Chain = timer_init
</UL>
<BR>[Called By]<UL><LI><a href="#[58]">&gt;&gt;</a>&nbsp;&nbsp;&nbsp;bsp_timer5_Init
<LI><a href="#[59]">&gt;&gt;</a>&nbsp;&nbsp;&nbsp;bsp_timer0_Init
</UL>

<P><STRONG><a name="[9c]"></a>timer_interrupt_enable</STRONG> (Thumb, 8 bytes, Stack size 0 bytes, gd32c10x_timer.o(i.timer_interrupt_enable))
<BR><BR>[Called By]<UL><LI><a href="#[5b]">&gt;&gt;</a>&nbsp;&nbsp;&nbsp;bsp_nvic_Init
</UL>

<P><STRONG><a name="[81]"></a>timer_interrupt_flag_clear</STRONG> (Thumb, 6 bytes, Stack size 0 bytes, gd32c10x_timer.o(i.timer_interrupt_flag_clear))
<BR><BR>[Called By]<UL><LI><a href="#[7d]">&gt;&gt;</a>&nbsp;&nbsp;&nbsp;Update_TimerTick
</UL>

<P><STRONG><a name="[80]"></a>timer_interrupt_flag_get</STRONG> (Thumb, 20 bytes, Stack size 0 bytes, gd32c10x_timer.o(i.timer_interrupt_flag_get))
<BR><BR>[Called By]<UL><LI><a href="#[7d]">&gt;&gt;</a>&nbsp;&nbsp;&nbsp;Update_TimerTick
</UL>

<P><STRONG><a name="[79]"></a>timer_primary_output_config</STRONG> (Thumb, 24 bytes, Stack size 0 bytes, gd32c10x_timer.o(i.timer_primary_output_config))
<BR><BR>[Called By]<UL><LI><a href="#[6f]">&gt;&gt;</a>&nbsp;&nbsp;&nbsp;PWMC_init
</UL>

<P><STRONG><a name="[78]"></a>timer_repetition_value_config</STRONG> (Thumb, 4 bytes, Stack size 0 bytes, gd32c10x_timer.o(i.timer_repetition_value_config))
<BR><BR>[Called By]<UL><LI><a href="#[6f]">&gt;&gt;</a>&nbsp;&nbsp;&nbsp;PWMC_init
</UL>

<P><STRONG><a name="[a5]"></a>timer_struct_para_init</STRONG> (Thumb, 20 bytes, Stack size 0 bytes, gd32c10x_timer.o(i.timer_struct_para_init))
<BR><BR>[Called By]<UL><LI><a href="#[58]">&gt;&gt;</a>&nbsp;&nbsp;&nbsp;bsp_timer5_Init
<LI><a href="#[59]">&gt;&gt;</a>&nbsp;&nbsp;&nbsp;bsp_timer0_Init
</UL>

<P><STRONG><a name="[7e]"></a>usart0_call_back</STRONG> (Thumb, 92 bytes, Stack size 16 bytes, usart.o(i.usart0_call_back))
<BR><BR>[Stack]<UL><LI>Max Depth = 32<LI>Call Chain = usart0_call_back &rArr; dma_channel_enable
</UL>
<BR>[Calls]<UL><LI><a href="#[91]">&gt;&gt;</a>&nbsp;&nbsp;&nbsp;dma_channel_enable
<LI><a href="#[94]">&gt;&gt;</a>&nbsp;&nbsp;&nbsp;dma_channel_disable
<LI><a href="#[bf]">&gt;&gt;</a>&nbsp;&nbsp;&nbsp;usart_interrupt_flag_get
<LI><a href="#[c0]">&gt;&gt;</a>&nbsp;&nbsp;&nbsp;usart_interrupt_flag_clear
<LI><a href="#[c1]">&gt;&gt;</a>&nbsp;&nbsp;&nbsp;usart_data_receive
<LI><a href="#[bb]">&gt;&gt;</a>&nbsp;&nbsp;&nbsp;dma_transfer_number_get
<LI><a href="#[ba]">&gt;&gt;</a>&nbsp;&nbsp;&nbsp;dma_transfer_number_config
<LI><a href="#[b9]">&gt;&gt;</a>&nbsp;&nbsp;&nbsp;dma_memory_address_config
</UL>
<BR>[Called By]<UL><LI><a href="#[2f]">&gt;&gt;</a>&nbsp;&nbsp;&nbsp;USART0_IRQHandler
</UL>

<P><STRONG><a name="[7f]"></a>usart2_call_back</STRONG> (Thumb, 92 bytes, Stack size 16 bytes, usart.o(i.usart2_call_back))
<BR><BR>[Stack]<UL><LI>Max Depth = 32<LI>Call Chain = usart2_call_back &rArr; dma_channel_enable
</UL>
<BR>[Calls]<UL><LI><a href="#[91]">&gt;&gt;</a>&nbsp;&nbsp;&nbsp;dma_channel_enable
<LI><a href="#[94]">&gt;&gt;</a>&nbsp;&nbsp;&nbsp;dma_channel_disable
<LI><a href="#[bf]">&gt;&gt;</a>&nbsp;&nbsp;&nbsp;usart_interrupt_flag_get
<LI><a href="#[c0]">&gt;&gt;</a>&nbsp;&nbsp;&nbsp;usart_interrupt_flag_clear
<LI><a href="#[c1]">&gt;&gt;</a>&nbsp;&nbsp;&nbsp;usart_data_receive
<LI><a href="#[bb]">&gt;&gt;</a>&nbsp;&nbsp;&nbsp;dma_transfer_number_get
<LI><a href="#[ba]">&gt;&gt;</a>&nbsp;&nbsp;&nbsp;dma_transfer_number_config
<LI><a href="#[b9]">&gt;&gt;</a>&nbsp;&nbsp;&nbsp;dma_memory_address_config
</UL>
<BR>[Called By]<UL><LI><a href="#[31]">&gt;&gt;</a>&nbsp;&nbsp;&nbsp;USART2_IRQHandler
</UL>

<P><STRONG><a name="[af]"></a>usart_baudrate_set</STRONG> (Thumb, 102 bytes, Stack size 16 bytes, gd32c10x_usart.o(i.usart_baudrate_set))
<BR><BR>[Stack]<UL><LI>Max Depth = 64<LI>Call Chain = usart_baudrate_set &rArr; rcu_clock_freq_get
</UL>
<BR>[Calls]<UL><LI><a href="#[c2]">&gt;&gt;</a>&nbsp;&nbsp;&nbsp;rcu_clock_freq_get
</UL>
<BR>[Called By]<UL><LI><a href="#[57]">&gt;&gt;</a>&nbsp;&nbsp;&nbsp;bsp_usart0_Init
</UL>

<P><STRONG><a name="[c1]"></a>usart_data_receive</STRONG> (Thumb, 8 bytes, Stack size 0 bytes, gd32c10x_usart.o(i.usart_data_receive))
<BR><BR>[Called By]<UL><LI><a href="#[7f]">&gt;&gt;</a>&nbsp;&nbsp;&nbsp;usart2_call_back
<LI><a href="#[7e]">&gt;&gt;</a>&nbsp;&nbsp;&nbsp;usart0_call_back
</UL>

<P><STRONG><a name="[ae]"></a>usart_deinit</STRONG> (Thumb, 136 bytes, Stack size 8 bytes, gd32c10x_usart.o(i.usart_deinit))
<BR><BR>[Stack]<UL><LI>Max Depth = 8<LI>Call Chain = usart_deinit
</UL>
<BR>[Calls]<UL><LI><a href="#[83]">&gt;&gt;</a>&nbsp;&nbsp;&nbsp;rcu_periph_reset_enable
<LI><a href="#[84]">&gt;&gt;</a>&nbsp;&nbsp;&nbsp;rcu_periph_reset_disable
</UL>
<BR>[Called By]<UL><LI><a href="#[57]">&gt;&gt;</a>&nbsp;&nbsp;&nbsp;bsp_usart0_Init
</UL>

<P><STRONG><a name="[b4]"></a>usart_dma_receive_config</STRONG> (Thumb, 20 bytes, Stack size 0 bytes, gd32c10x_usart.o(i.usart_dma_receive_config))
<BR><BR>[Called By]<UL><LI><a href="#[57]">&gt;&gt;</a>&nbsp;&nbsp;&nbsp;bsp_usart0_Init
</UL>

<P><STRONG><a name="[b5]"></a>usart_dma_transmit_config</STRONG> (Thumb, 20 bytes, Stack size 0 bytes, gd32c10x_usart.o(i.usart_dma_transmit_config))
<BR><BR>[Called By]<UL><LI><a href="#[57]">&gt;&gt;</a>&nbsp;&nbsp;&nbsp;bsp_usart0_Init
</UL>

<P><STRONG><a name="[b6]"></a>usart_enable</STRONG> (Thumb, 10 bytes, Stack size 0 bytes, gd32c10x_usart.o(i.usart_enable))
<BR><BR>[Called By]<UL><LI><a href="#[57]">&gt;&gt;</a>&nbsp;&nbsp;&nbsp;bsp_usart0_Init
</UL>

<P><STRONG><a name="[9d]"></a>usart_interrupt_enable</STRONG> (Thumb, 20 bytes, Stack size 0 bytes, gd32c10x_usart.o(i.usart_interrupt_enable))
<BR><BR>[Called By]<UL><LI><a href="#[5b]">&gt;&gt;</a>&nbsp;&nbsp;&nbsp;bsp_nvic_Init
</UL>

<P><STRONG><a name="[c0]"></a>usart_interrupt_flag_clear</STRONG> (Thumb, 18 bytes, Stack size 0 bytes, gd32c10x_usart.o(i.usart_interrupt_flag_clear))
<BR><BR>[Called By]<UL><LI><a href="#[7f]">&gt;&gt;</a>&nbsp;&nbsp;&nbsp;usart2_call_back
<LI><a href="#[7e]">&gt;&gt;</a>&nbsp;&nbsp;&nbsp;usart0_call_back
</UL>

<P><STRONG><a name="[bf]"></a>usart_interrupt_flag_get</STRONG> (Thumb, 50 bytes, Stack size 12 bytes, gd32c10x_usart.o(i.usart_interrupt_flag_get))
<BR><BR>[Stack]<UL><LI>Max Depth = 12<LI>Call Chain = usart_interrupt_flag_get
</UL>
<BR>[Called By]<UL><LI><a href="#[7f]">&gt;&gt;</a>&nbsp;&nbsp;&nbsp;usart2_call_back
<LI><a href="#[7e]">&gt;&gt;</a>&nbsp;&nbsp;&nbsp;usart0_call_back
</UL>

<P><STRONG><a name="[b2]"></a>usart_receive_config</STRONG> (Thumb, 20 bytes, Stack size 0 bytes, gd32c10x_usart.o(i.usart_receive_config))
<BR><BR>[Called By]<UL><LI><a href="#[57]">&gt;&gt;</a>&nbsp;&nbsp;&nbsp;bsp_usart0_Init
</UL>

<P><STRONG><a name="[b1]"></a>usart_stop_bit_set</STRONG> (Thumb, 16 bytes, Stack size 0 bytes, gd32c10x_usart.o(i.usart_stop_bit_set))
<BR><BR>[Called By]<UL><LI><a href="#[57]">&gt;&gt;</a>&nbsp;&nbsp;&nbsp;bsp_usart0_Init
</UL>

<P><STRONG><a name="[b3]"></a>usart_transmit_config</STRONG> (Thumb, 20 bytes, Stack size 0 bytes, gd32c10x_usart.o(i.usart_transmit_config))
<BR><BR>[Called By]<UL><LI><a href="#[57]">&gt;&gt;</a>&nbsp;&nbsp;&nbsp;bsp_usart0_Init
</UL>

<P><STRONG><a name="[b0]"></a>usart_word_length_set</STRONG> (Thumb, 16 bytes, Stack size 0 bytes, gd32c10x_usart.o(i.usart_word_length_set))
<BR><BR>[Called By]<UL><LI><a href="#[57]">&gt;&gt;</a>&nbsp;&nbsp;&nbsp;bsp_usart0_Init
</UL>
<P>
<H3>
Local Symbols
</H3>
<P><STRONG><a name="[53]"></a>bsp_adc0_Init</STRONG> (Thumb, 148 bytes, Stack size 8 bytes, system_board.o(i.bsp_adc0_Init))
<BR><BR>[Stack]<UL><LI>Max Depth = 20<LI>Call Chain = bsp_adc0_Init &rArr; adc_regular_channel_config
</UL>
<BR>[Calls]<UL><LI><a href="#[86]">&gt;&gt;</a>&nbsp;&nbsp;&nbsp;adc_special_function_config
<LI><a href="#[89]">&gt;&gt;</a>&nbsp;&nbsp;&nbsp;adc_regular_channel_config
<LI><a href="#[85]">&gt;&gt;</a>&nbsp;&nbsp;&nbsp;adc_mode_config
<LI><a href="#[8a]">&gt;&gt;</a>&nbsp;&nbsp;&nbsp;adc_inserted_channel_config
<LI><a href="#[8b]">&gt;&gt;</a>&nbsp;&nbsp;&nbsp;adc_external_trigger_source_config
<LI><a href="#[8c]">&gt;&gt;</a>&nbsp;&nbsp;&nbsp;adc_external_trigger_config
<LI><a href="#[82]">&gt;&gt;</a>&nbsp;&nbsp;&nbsp;adc_deinit
<LI><a href="#[87]">&gt;&gt;</a>&nbsp;&nbsp;&nbsp;adc_data_alignment_config
<LI><a href="#[88]">&gt;&gt;</a>&nbsp;&nbsp;&nbsp;adc_channel_length_config
</UL>
<BR>[Called By]<UL><LI><a href="#[50]">&gt;&gt;</a>&nbsp;&nbsp;&nbsp;BSP_Init
</UL>

<P><STRONG><a name="[54]"></a>bsp_adc1_Init</STRONG> (Thumb, 64 bytes, Stack size 8 bytes, system_board.o(i.bsp_adc1_Init))
<BR><BR>[Stack]<UL><LI>Max Depth = 20<LI>Call Chain = bsp_adc1_Init &rArr; adc_inserted_channel_config
</UL>
<BR>[Calls]<UL><LI><a href="#[8a]">&gt;&gt;</a>&nbsp;&nbsp;&nbsp;adc_inserted_channel_config
<LI><a href="#[8b]">&gt;&gt;</a>&nbsp;&nbsp;&nbsp;adc_external_trigger_source_config
<LI><a href="#[8c]">&gt;&gt;</a>&nbsp;&nbsp;&nbsp;adc_external_trigger_config
<LI><a href="#[82]">&gt;&gt;</a>&nbsp;&nbsp;&nbsp;adc_deinit
<LI><a href="#[87]">&gt;&gt;</a>&nbsp;&nbsp;&nbsp;adc_data_alignment_config
<LI><a href="#[88]">&gt;&gt;</a>&nbsp;&nbsp;&nbsp;adc_channel_length_config
</UL>
<BR>[Called By]<UL><LI><a href="#[50]">&gt;&gt;</a>&nbsp;&nbsp;&nbsp;BSP_Init
</UL>

<P><STRONG><a name="[55]"></a>bsp_dma0_Init</STRONG> (Thumb, 404 bytes, Stack size 64 bytes, system_board.o(i.bsp_dma0_Init))
<BR><BR>[Stack]<UL><LI>Max Depth = 80<LI>Call Chain = bsp_dma0_Init &rArr; dma_memory_to_memory_disable
</UL>
<BR>[Calls]<UL><LI><a href="#[8e]">&gt;&gt;</a>&nbsp;&nbsp;&nbsp;dma_struct_para_init
<LI><a href="#[93]">&gt;&gt;</a>&nbsp;&nbsp;&nbsp;dma_memory_to_memory_disable
<LI><a href="#[8f]">&gt;&gt;</a>&nbsp;&nbsp;&nbsp;dma_init
<LI><a href="#[8d]">&gt;&gt;</a>&nbsp;&nbsp;&nbsp;dma_deinit
<LI><a href="#[90]">&gt;&gt;</a>&nbsp;&nbsp;&nbsp;dma_circulation_enable
<LI><a href="#[92]">&gt;&gt;</a>&nbsp;&nbsp;&nbsp;dma_circulation_disable
<LI><a href="#[91]">&gt;&gt;</a>&nbsp;&nbsp;&nbsp;dma_channel_enable
<LI><a href="#[94]">&gt;&gt;</a>&nbsp;&nbsp;&nbsp;dma_channel_disable
</UL>
<BR>[Called By]<UL><LI><a href="#[50]">&gt;&gt;</a>&nbsp;&nbsp;&nbsp;BSP_Init
</UL>

<P><STRONG><a name="[52]"></a>bsp_gpio_Init</STRONG> (Thumb, 254 bytes, Stack size 16 bytes, system_board.o(i.bsp_gpio_Init))
<BR><BR>[Stack]<UL><LI>Max Depth = 44<LI>Call Chain = bsp_gpio_Init &rArr; gpio_init
</UL>
<BR>[Calls]<UL><LI><a href="#[97]">&gt;&gt;</a>&nbsp;&nbsp;&nbsp;gpio_pin_remap_config
<LI><a href="#[95]">&gt;&gt;</a>&nbsp;&nbsp;&nbsp;gpio_init
<LI><a href="#[98]">&gt;&gt;</a>&nbsp;&nbsp;&nbsp;gpio_bit_set
<LI><a href="#[96]">&gt;&gt;</a>&nbsp;&nbsp;&nbsp;gpio_bit_reset
</UL>
<BR>[Called By]<UL><LI><a href="#[50]">&gt;&gt;</a>&nbsp;&nbsp;&nbsp;BSP_Init
</UL>

<P><STRONG><a name="[5a]"></a>bsp_gpio_lock</STRONG> (Thumb, 158 bytes, Stack size 16 bytes, system_board.o(i.bsp_gpio_lock))
<BR><BR>[Stack]<UL><LI>Max Depth = 16<LI>Call Chain = bsp_gpio_lock
</UL>
<BR>[Calls]<UL><LI><a href="#[99]">&gt;&gt;</a>&nbsp;&nbsp;&nbsp;gpio_pin_lock
</UL>
<BR>[Called By]<UL><LI><a href="#[50]">&gt;&gt;</a>&nbsp;&nbsp;&nbsp;BSP_Init
</UL>

<P><STRONG><a name="[5b]"></a>bsp_nvic_Init</STRONG> (Thumb, 70 bytes, Stack size 8 bytes, system_board.o(i.bsp_nvic_Init))
<BR><BR>[Stack]<UL><LI>Max Depth = 28<LI>Call Chain = bsp_nvic_Init &rArr; nvic_irq_enable
</UL>
<BR>[Calls]<UL><LI><a href="#[9d]">&gt;&gt;</a>&nbsp;&nbsp;&nbsp;usart_interrupt_enable
<LI><a href="#[9c]">&gt;&gt;</a>&nbsp;&nbsp;&nbsp;timer_interrupt_enable
<LI><a href="#[9a]">&gt;&gt;</a>&nbsp;&nbsp;&nbsp;nvic_priority_group_set
<LI><a href="#[9b]">&gt;&gt;</a>&nbsp;&nbsp;&nbsp;nvic_irq_enable
<LI><a href="#[76]">&gt;&gt;</a>&nbsp;&nbsp;&nbsp;adc_interrupt_enable
</UL>
<BR>[Called By]<UL><LI><a href="#[50]">&gt;&gt;</a>&nbsp;&nbsp;&nbsp;BSP_Init
</UL>

<P><STRONG><a name="[51]"></a>bsp_rcu_Init</STRONG> (Thumb, 108 bytes, Stack size 8 bytes, system_board.o(i.bsp_rcu_Init))
<BR><BR>[Stack]<UL><LI>Max Depth = 16<LI>Call Chain = bsp_rcu_Init &rArr; rcu_adc_clock_config
</UL>
<BR>[Calls]<UL><LI><a href="#[9e]">&gt;&gt;</a>&nbsp;&nbsp;&nbsp;rcu_periph_clock_enable
<LI><a href="#[9f]">&gt;&gt;</a>&nbsp;&nbsp;&nbsp;rcu_adc_clock_config
</UL>
<BR>[Called By]<UL><LI><a href="#[50]">&gt;&gt;</a>&nbsp;&nbsp;&nbsp;BSP_Init
</UL>

<P><STRONG><a name="[56]"></a>bsp_spi0_Init</STRONG> (Thumb, 64 bytes, Stack size 40 bytes, system_board.o(i.bsp_spi0_Init))
<BR><BR>[Stack]<UL><LI>Max Depth = 48<LI>Call Chain = bsp_spi0_Init &rArr; spi_i2s_deinit
</UL>
<BR>[Calls]<UL><LI><a href="#[a1]">&gt;&gt;</a>&nbsp;&nbsp;&nbsp;spi_struct_para_init
<LI><a href="#[a2]">&gt;&gt;</a>&nbsp;&nbsp;&nbsp;spi_init
<LI><a href="#[a0]">&gt;&gt;</a>&nbsp;&nbsp;&nbsp;spi_i2s_deinit
<LI><a href="#[a3]">&gt;&gt;</a>&nbsp;&nbsp;&nbsp;spi_enable
</UL>
<BR>[Called By]<UL><LI><a href="#[50]">&gt;&gt;</a>&nbsp;&nbsp;&nbsp;BSP_Init
</UL>

<P><STRONG><a name="[59]"></a>bsp_timer0_Init</STRONG> (Thumb, 298 bytes, Stack size 56 bytes, system_board.o(i.bsp_timer0_Init))
<BR><BR>[Stack]<UL><LI>Max Depth = 68<LI>Call Chain = bsp_timer0_Init &rArr; timer_init
</UL>
<BR>[Calls]<UL><LI><a href="#[a5]">&gt;&gt;</a>&nbsp;&nbsp;&nbsp;timer_struct_para_init
<LI><a href="#[a6]">&gt;&gt;</a>&nbsp;&nbsp;&nbsp;timer_init
<LI><a href="#[a4]">&gt;&gt;</a>&nbsp;&nbsp;&nbsp;timer_deinit
<LI><a href="#[a7]">&gt;&gt;</a>&nbsp;&nbsp;&nbsp;timer_channel_output_struct_para_init
<LI><a href="#[ab]">&gt;&gt;</a>&nbsp;&nbsp;&nbsp;timer_channel_output_shadow_config
<LI><a href="#[a9]">&gt;&gt;</a>&nbsp;&nbsp;&nbsp;timer_channel_output_pulse_value_config
<LI><a href="#[aa]">&gt;&gt;</a>&nbsp;&nbsp;&nbsp;timer_channel_output_mode_config
<LI><a href="#[a8]">&gt;&gt;</a>&nbsp;&nbsp;&nbsp;timer_channel_output_config
<LI><a href="#[ac]">&gt;&gt;</a>&nbsp;&nbsp;&nbsp;timer_break_struct_para_init
<LI><a href="#[ad]">&gt;&gt;</a>&nbsp;&nbsp;&nbsp;timer_break_config
</UL>
<BR>[Called By]<UL><LI><a href="#[50]">&gt;&gt;</a>&nbsp;&nbsp;&nbsp;BSP_Init
</UL>

<P><STRONG><a name="[58]"></a>bsp_timer5_Init</STRONG> (Thumb, 52 bytes, Stack size 24 bytes, system_board.o(i.bsp_timer5_Init))
<BR><BR>[Stack]<UL><LI>Max Depth = 36<LI>Call Chain = bsp_timer5_Init &rArr; timer_init
</UL>
<BR>[Calls]<UL><LI><a href="#[a5]">&gt;&gt;</a>&nbsp;&nbsp;&nbsp;timer_struct_para_init
<LI><a href="#[a6]">&gt;&gt;</a>&nbsp;&nbsp;&nbsp;timer_init
<LI><a href="#[a4]">&gt;&gt;</a>&nbsp;&nbsp;&nbsp;timer_deinit
</UL>
<BR>[Called By]<UL><LI><a href="#[50]">&gt;&gt;</a>&nbsp;&nbsp;&nbsp;BSP_Init
</UL>

<P><STRONG><a name="[57]"></a>bsp_usart0_Init</STRONG> (Thumb, 78 bytes, Stack size 16 bytes, system_board.o(i.bsp_usart0_Init))
<BR><BR>[Stack]<UL><LI>Max Depth = 80<LI>Call Chain = bsp_usart0_Init &rArr; usart_baudrate_set &rArr; rcu_clock_freq_get
</UL>
<BR>[Calls]<UL><LI><a href="#[b0]">&gt;&gt;</a>&nbsp;&nbsp;&nbsp;usart_word_length_set
<LI><a href="#[b3]">&gt;&gt;</a>&nbsp;&nbsp;&nbsp;usart_transmit_config
<LI><a href="#[b1]">&gt;&gt;</a>&nbsp;&nbsp;&nbsp;usart_stop_bit_set
<LI><a href="#[b2]">&gt;&gt;</a>&nbsp;&nbsp;&nbsp;usart_receive_config
<LI><a href="#[b6]">&gt;&gt;</a>&nbsp;&nbsp;&nbsp;usart_enable
<LI><a href="#[b5]">&gt;&gt;</a>&nbsp;&nbsp;&nbsp;usart_dma_transmit_config
<LI><a href="#[b4]">&gt;&gt;</a>&nbsp;&nbsp;&nbsp;usart_dma_receive_config
<LI><a href="#[ae]">&gt;&gt;</a>&nbsp;&nbsp;&nbsp;usart_deinit
<LI><a href="#[af]">&gt;&gt;</a>&nbsp;&nbsp;&nbsp;usart_baudrate_set
</UL>
<BR>[Called By]<UL><LI><a href="#[50]">&gt;&gt;</a>&nbsp;&nbsp;&nbsp;BSP_Init
</UL>

<P><STRONG><a name="[5d]"></a>MT6816_Init</STRONG> (Thumb, 10 bytes, Stack size 0 bytes, encoder.o(i.MT6816_Init))
<BR><BR>[Called By]<UL><LI><a href="#[5c]">&gt;&gt;</a>&nbsp;&nbsp;&nbsp;Encoder_Init
</UL>

<P><STRONG><a name="[be]"></a>system_clock_120m_hxtal</STRONG> (Thumb, 150 bytes, Stack size 0 bytes, system_gd32c10x.o(i.system_clock_120m_hxtal))
<BR><BR>[Called By]<UL><LI><a href="#[7b]">&gt;&gt;</a>&nbsp;&nbsp;&nbsp;system_clock_config
</UL>

<P><STRONG><a name="[7b]"></a>system_clock_config</STRONG> (Thumb, 4 bytes, Stack size 0 bytes, system_gd32c10x.o(i.system_clock_config))
<BR><BR>[Calls]<UL><LI><a href="#[be]">&gt;&gt;</a>&nbsp;&nbsp;&nbsp;system_clock_120m_hxtal
</UL>
<BR>[Called By]<UL><LI><a href="#[4b]">&gt;&gt;</a>&nbsp;&nbsp;&nbsp;SystemInit
</UL>

<P><STRONG><a name="[b8]"></a>dma_periph_and_channel_check</STRONG> (Thumb, 18 bytes, Stack size 0 bytes, gd32c10x_dma.o(i.dma_periph_and_channel_check))
<BR><BR>[Called By]<UL><LI><a href="#[93]">&gt;&gt;</a>&nbsp;&nbsp;&nbsp;dma_memory_to_memory_disable
<LI><a href="#[8f]">&gt;&gt;</a>&nbsp;&nbsp;&nbsp;dma_init
<LI><a href="#[8d]">&gt;&gt;</a>&nbsp;&nbsp;&nbsp;dma_deinit
<LI><a href="#[90]">&gt;&gt;</a>&nbsp;&nbsp;&nbsp;dma_circulation_enable
<LI><a href="#[92]">&gt;&gt;</a>&nbsp;&nbsp;&nbsp;dma_circulation_disable
<LI><a href="#[91]">&gt;&gt;</a>&nbsp;&nbsp;&nbsp;dma_channel_enable
<LI><a href="#[94]">&gt;&gt;</a>&nbsp;&nbsp;&nbsp;dma_channel_disable
<LI><a href="#[bb]">&gt;&gt;</a>&nbsp;&nbsp;&nbsp;dma_transfer_number_get
<LI><a href="#[ba]">&gt;&gt;</a>&nbsp;&nbsp;&nbsp;dma_transfer_number_config
<LI><a href="#[b9]">&gt;&gt;</a>&nbsp;&nbsp;&nbsp;dma_memory_address_config
</UL>
<P>
<H3>
Undefined Global Symbols
</H3><HR></body></html>
