<html>
<body>
<pre>
<h1>µVision Build Log</h1>
<h2>Tool Versions:</h2>
IDE-Version: ¦ÌVision V5.33.0.0
Copyright (C) 2020 ARM Ltd and ARM Germany GmbH. All rights reserved.
License Information: G sx, Sneek2023, LIC=WHYH9-46VTA-UHM8H-W4XV6-J5CIE-LTTHE
 
Tool Versions:
Toolchain:       MDK-ARM Plus  Version: 5.33.0.0
Toolchain Path:  D:\Apps\Keil5_v5\ARM\ARMCLANG\Bin
C Compiler:      ArmClang.exe V6.15
Assembler:       Armasm.exe V6.15
Linker/Locator:  ArmLink.exe V6.15
Library Manager: ArmAr.exe V6.15
Hex Converter:   FromElf.exe V6.15
CPU DLL:         SARMCM3.DLL V5.33.0.0
Dialog DLL:      DCM.DLL V1.17.3.0
Target DLL:      STLink\ST-LINKIII-KEIL_SWO.dll V3.0.8.0
Dialog DLL:      TCM.DLL V1.48.0.0
 
<h2>Project:</h2>
D:\workspace\RC_2024\RC_2024_steer_chassis_code\405+IMU\MDK-ARM\stm32_template_cpp.uvprojx
Project File Date:  11/30/2023

<h2>Output:</h2>
*** Using Compiler 'V6.15', folder: 'D:\Apps\Keil5_v5\ARM\ARMCLANG\Bin'
Rebuild target 'stm32_template_cpp'
compiling stm32f4xx_hal_flash_ramfunc.c...
compiling stm32f4xx_hal_can.c...
compiling stm32f4xx_hal_timebase_tim.c...
compiling stm32f4xx_it.c...
compiling stm32f4xx_hal_rcc_ex.c...
compiling stm32f4xx_hal_flash.c...
compiling stm32f4xx_hal_flash_ex.c...
compiling freertos.c...
assembling startup_stm32f405xx.s...
compiling stm32f4xx_hal_rcc.c...
compiling stm32f4xx_hal_msp.c...
compiling main.c...
compiling stm32f4xx_hal_gpio.c...
compiling stm32f4xx_hal_pwr.c...
compiling stm32f4xx_hal_dma.c...
compiling stm32f4xx_hal_dma_ex.c...
compiling stm32f4xx_ll_rcc.c...
compiling stm32f4xx_ll_exti.c...
compiling stm32f4xx_hal.c...
compiling stm32f4xx_hal_exti.c...
compiling stm32f4xx_hal_pwr_ex.c...
compiling stm32f4xx_ll_gpio.c...
compiling stm32f4xx_hal_cortex.c...
compiling stm32f4xx_ll_utils.c...
compiling stm32f4xx_ll_dma.c...
compiling croutine.c...
compiling system_stm32f4xx.c...
compiling event_groups.c...
compiling stm32f4xx_ll_tim.c...
compiling list.c...
compiling stm32f4xx_ll_usart.c...
compiling stm32f4xx_ll_spi.c...
compiling stream_buffer.c...
compiling queue.c...
compiling stm32f4xx_hal_tim_ex.c...
compiling timers.c...
compiling heap_4.c...
compiling port.c...
compiling stm32f4xx_hal_tim.c...
compiling cmsis_os.c...
compiling tasks.c...
compiling bsp_timer.c...
compiling bsp_can.c...
compiling bsp_spi.c...
compiling drv_dr16.c...
compiling drv_motor.c...
compiling bsp_usart.c...
compiling drv_mAK80.c...
compiling math_fifters.c...
compiling drv_PC.c...
compiling kalman.c...
compiling math_my_pid.c...
compiling math_util.c...
compiling system_datapool.c...
compiling tool_vofa.c...
compiling system_start.c...
compiling mod_Chassis.c...
compiling IMU.c...
compiling Smooth_Filter.c...
compiling drv_mpu9250.c...
compiling retarget_io.c...
compiling pid.c...
linking...
Program Size: Code=18008 RO-data=508 RW-data=112 ZI-data=18352  
FromELF: creating hex file...
"stm32_template_cpp\stm32_template_cpp.axf" - 0 Error(s), 0 Warning(s).

<h2>Software Packages used:</h2>

Package Vendor: ARM
                http://www.keil.com/pack/ARM.CMSIS.5.7.0.pack
                ARM.CMSIS.5.7.0
                CMSIS (Cortex Microcontroller Software Interface Standard)
   * Component: CORE Version: 5.4.0

Package Vendor: Keil
                http://www.keil.com/pack/Keil.ARM_Compiler.1.6.3.pack
                Keil.ARM_Compiler.1.6.3
                Keil ARM Compiler extensions for ARM Compiler 5 and ARM Compiler 6
   * Component: STDERR Variant: Breakpoint Version: 1.2.0
   * Component: STDIN Variant: Breakpoint Version: 1.2.0
   * Component: STDOUT Variant: Breakpoint Version: 1.2.0

Package Vendor: Keil
                http://www.keil.com/pack/Keil.STM32F4xx_DFP.2.15.0.pack
                Keil.STM32F4xx_DFP.2.15.0
                STMicroelectronics STM32F4 Series Device Support, Drivers and Examples

<h2>Collection of Component include folders:</h2>
  .\RTE\_stm32_template_cpp
  D:\Apps\Keil5_v5\ARM\PACK\ARM\CMSIS\5.7.0\CMSIS\Core\Include
  D:\Apps\Keil5_v5\ARM\PACK\Keil\STM32F4xx_DFP\2.15.0\Drivers\CMSIS\Device\ST\STM32F4xx\Include

<h2>Collection of Component Files used:</h2>

   * Component: ARM::CMSIS:CORE:5.4.0
      Include file:  CMSIS\Core\Include\tz_context.h

   * Component: Keil.ARM Compiler::Compiler:I/O:STDERR:Breakpoint:1.2.0
      Source file:   Source\retarget_io.c

   * Component: Keil.ARM Compiler::Compiler:I/O:STDIN:Breakpoint:1.2.0
      Source file:   Source\retarget_io.c

   * Component: Keil.ARM Compiler::Compiler:I/O:STDOUT:Breakpoint:1.2.0
      Source file:   Source\retarget_io.c
Build Time Elapsed:  00:00:04
</pre>
</body>
</html>
