Component: ARM Compiler 6.15 Tool: armlink [5dd79300]

==============================================================================

Section Cross References

    startup_stm32f411xe.o(STACK) refers (Special) to heapauxi.o(.text) for __use_two_region_memory
    startup_stm32f411xe.o(HEAP) refers (Special) to heapauxi.o(.text) for __use_two_region_memory
    startup_stm32f411xe.o(RESET) refers (Special) to heapauxi.o(.text) for __use_two_region_memory
    startup_stm32f411xe.o(RESET) refers to startup_stm32f411xe.o(STACK) for __initial_sp
    startup_stm32f411xe.o(RESET) refers to startup_stm32f411xe.o(.text) for Reset_Handler
    startup_stm32f411xe.o(RESET) refers to stm32f4xx_it.o(.text.NMI_Handler) for NMI_Handler
    startup_stm32f411xe.o(RESET) refers to stm32f4xx_it.o(.text.HardFault_Handler) for HardFault_Handler
    startup_stm32f411xe.o(RESET) refers to stm32f4xx_it.o(.text.MemManage_Handler) for MemManage_Handler
    startup_stm32f411xe.o(RESET) refers to stm32f4xx_it.o(.text.BusFault_Handler) for BusFault_Handler
    startup_stm32f411xe.o(RESET) refers to stm32f4xx_it.o(.text.UsageFault_Handler) for UsageFault_Handler
    startup_stm32f411xe.o(RESET) refers to stm32f4xx_it.o(.text.SVC_Handler) for SVC_Handler
    startup_stm32f411xe.o(RESET) refers to stm32f4xx_it.o(.text.DebugMon_Handler) for DebugMon_Handler
    startup_stm32f411xe.o(RESET) refers to stm32f4xx_it.o(.text.PendSV_Handler) for PendSV_Handler
    startup_stm32f411xe.o(RESET) refers to stm32f4xx_it.o(.text.SysTick_Handler) for SysTick_Handler
    startup_stm32f411xe.o(RESET) refers to stm32f4xx_it.o(.text.TIM1_UP_TIM10_IRQHandler) for TIM1_UP_TIM10_IRQHandler
    startup_stm32f411xe.o(RESET) refers to stm32f4xx_it.o(.text.USART1_IRQHandler) for USART1_IRQHandler
    startup_stm32f411xe.o(RESET) refers to stm32f4xx_it.o(.text.DMA2_Stream0_IRQHandler) for DMA2_Stream0_IRQHandler
    startup_stm32f411xe.o(RESET) refers to stm32f4xx_it.o(.text.DMA2_Stream2_IRQHandler) for DMA2_Stream2_IRQHandler
    startup_stm32f411xe.o(RESET) refers to stm32f4xx_it.o(.text.DMA2_Stream5_IRQHandler) for DMA2_Stream5_IRQHandler
    startup_stm32f411xe.o(RESET) refers to stm32f4xx_it.o(.text.DMA2_Stream7_IRQHandler) for DMA2_Stream7_IRQHandler
    startup_stm32f411xe.o(.text) refers (Special) to heapauxi.o(.text) for __use_two_region_memory
    startup_stm32f411xe.o(.text) refers to system_stm32f4xx.o(.text.SystemInit) for SystemInit
    startup_stm32f411xe.o(.text) refers to __main.o(!!!main) for __main
    startup_stm32f411xe.o(.text) refers to startup_stm32f411xe.o(HEAP) for Heap_Mem
    startup_stm32f411xe.o(.text) refers to startup_stm32f411xe.o(STACK) for Stack_Mem
    main.o(.text.main) refers to stm32f4xx_hal.o(.text.HAL_Init) for HAL_Init
    main.o(.text.main) refers to main.o(.text.SystemClock_Config) for SystemClock_Config
    main.o(.text.main) refers to main.o(.text.MX_GPIO_Init) for MX_GPIO_Init
    main.o(.text.main) refers to main.o(.text.MX_DMA_Init) for MX_DMA_Init
    main.o(.text.main) refers to main.o(.text.MX_TIM10_Init) for MX_TIM10_Init
    main.o(.text.main) refers to main.o(.text.MX_ADC1_Init) for MX_ADC1_Init
    main.o(.text.main) refers to main.o(.text.MX_SPI1_Init) for MX_SPI1_Init
    main.o(.text.main) refers to main.o(.text.MX_SPI2_Init) for MX_SPI2_Init
    main.o(.text.main) refers to main.o(.text.MX_USART1_UART_Init) for MX_USART1_UART_Init
    main.o(.text.main) refers to system_start.o(.text.System_Init) for System_Init
    main.o(.text.main) refers to system_start.o(.text.System_Loop) for System_Loop
    main.o(.ARM.exidx.text.main) refers to main.o(.text.main) for [Anonymous Symbol]
    main.o(.text.SystemClock_Config) refers to rt_memclr_w.o(.text) for __aeabi_memclr4
    main.o(.text.SystemClock_Config) refers to stm32f4xx_hal_rcc.o(.text.HAL_RCC_OscConfig) for HAL_RCC_OscConfig
    main.o(.text.SystemClock_Config) refers to stm32f4xx_hal_rcc.o(.text.HAL_RCC_ClockConfig) for HAL_RCC_ClockConfig
    main.o(.text.SystemClock_Config) refers to main.o(.text.Error_Handler) for Error_Handler
    main.o(.ARM.exidx.text.SystemClock_Config) refers to main.o(.text.SystemClock_Config) for [Anonymous Symbol]
    main.o(.text.MX_GPIO_Init) refers to stm32f4xx_hal_gpio.o(.text.HAL_GPIO_WritePin) for HAL_GPIO_WritePin
    main.o(.text.MX_GPIO_Init) refers to stm32f4xx_hal_gpio.o(.text.HAL_GPIO_Init) for HAL_GPIO_Init
    main.o(.ARM.exidx.text.MX_GPIO_Init) refers to main.o(.text.MX_GPIO_Init) for [Anonymous Symbol]
    main.o(.text.MX_DMA_Init) refers to main.o(.text.LL_AHB1_GRP1_EnableClock) for LL_AHB1_GRP1_EnableClock
    main.o(.text.MX_DMA_Init) refers to main.o(.text.__NVIC_GetPriorityGrouping) for __NVIC_GetPriorityGrouping
    main.o(.text.MX_DMA_Init) refers to main.o(.text.NVIC_EncodePriority) for NVIC_EncodePriority
    main.o(.text.MX_DMA_Init) refers to main.o(.text.__NVIC_SetPriority) for __NVIC_SetPriority
    main.o(.text.MX_DMA_Init) refers to main.o(.text.__NVIC_EnableIRQ) for __NVIC_EnableIRQ
[...]
    LL_ADC_IsEnabled                         0x08000fd5   Thumb Code     8  stm32f4xx_ll_adc.o(.text.LL_ADC_IsEnabled)
    [Anonymous Symbol]                       0x08000fd4   Section        0  stm32f4xx_ll_adc.o(.text.LL_ADC_IsEnabled)
    [Anonymous Symbol]                       0x08000fdc   Section        0  stm32f4xx_ll_adc.o(.text.LL_ADC_REG_Init)
    LL_ADC_REG_SetDMATransfer                0x08001029   Thumb Code    18  bsp_adc.o(.text.LL_ADC_REG_SetDMATransfer)
    [Anonymous Symbol]                       0x08001028   Section        0  bsp_adc.o(.text.LL_ADC_REG_SetDMATransfer)
    LL_ADC_REG_SetFlagEndOfConversion        0x0800103d   Thumb Code    18  main.o(.text.LL_ADC_REG_SetFlagEndOfConversion)
    [Anonymous Symbol]                       0x0800103c   Section        0  main.o(.text.LL_ADC_REG_SetFlagEndOfConversion)
    LL_ADC_REG_SetSequencerLength            0x08001051   Thumb Code    12  stm32f4xx_ll_adc.o(.text.LL_ADC_REG_SetSequencerLength)
    [Anonymous Symbol]                       0x08001050   Section        0  stm32f4xx_ll_adc.o(.text.LL_ADC_REG_SetSequencerLength)
    LL_ADC_REG_SetSequencerRanks             0x0800105d   Thumb Code    46  main.o(.text.LL_ADC_REG_SetSequencerRanks)
    [Anonymous Symbol]                       0x0800105c   Section        0  main.o(.text.LL_ADC_REG_SetSequencerRanks)
    LL_ADC_REG_StartConversionSWStart        0x0800108d   Thumb Code    18  bsp_adc.o(.text.LL_ADC_REG_StartConversionSWStart)
    [Anonymous Symbol]                       0x0800108c   Section        0  bsp_adc.o(.text.LL_ADC_REG_StartConversionSWStart)
    LL_ADC_SetChannelSamplingTime            0x080010a1   Thumb Code    36  main.o(.text.LL_ADC_SetChannelSamplingTime)
    [Anonymous Symbol]                       0x080010a0   Section        0  main.o(.text.LL_ADC_SetChannelSamplingTime)
    LL_ADC_SetCommonClock                    0x080010c5   Thumb Code    12  stm32f4xx_ll_adc.o(.text.LL_ADC_SetCommonClock)
    [Anonymous Symbol]                       0x080010c4   Section        0  stm32f4xx_ll_adc.o(.text.LL_ADC_SetCommonClock)
    LL_AHB1_GRP1_EnableClock                 0x080010d1   Thumb Code    28  main.o(.text.LL_AHB1_GRP1_EnableClock)
    [Anonymous Symbol]                       0x080010d0   Section        0  main.o(.text.LL_AHB1_GRP1_EnableClock)
    LL_APB1_GRP1_EnableClock                 0x080010ed   Thumb Code    32  main.o(.text.LL_APB1_GRP1_EnableClock)
    [Anonymous Symbol]                       0x080010ec   Section        0  main.o(.text.LL_APB1_GRP1_EnableClock)
    LL_APB2_GRP1_EnableClock                 0x0800110d   Thumb Code    28  main.o(.text.LL_APB2_GRP1_EnableClock)
    [Anonymous Symbol]                       0x0800110c   Section        0  main.o(.text.LL_APB2_GRP1_EnableClock)
    LL_DMA_ClearFlag_TC5                     0x08001129   Thumb Code    16  drv_lcd.o(.text.LL_DMA_ClearFlag_TC5)
    [Anonymous Symbol]                       0x08001128   Section        0  drv_lcd.o(.text.LL_DMA_ClearFlag_TC5)
    LL_DMA_DisableFifoMode                   0x08001139   Thumb Code    28  main.o(.text.LL_DMA_DisableFifoMode)
    [Anonymous Symbol]                       0x08001138   Section        0  main.o(.text.LL_DMA_DisableFifoMode)
    LL_DMA_DisableStream                     0x08001155   Thumb Code    18  bsp_adc.o(.text.LL_DMA_DisableStream)
    [Anonymous Symbol]                       0x08001154   Section        0  bsp_adc.o(.text.LL_DMA_DisableStream)
    LL_DMA_DisableStream                     0x08001169   Thumb Code    18  drv_lcd.o(.text.LL_DMA_DisableStream)
    [Anonymous Symbol]                       0x08001168   Section        0  drv_lcd.o(.text.LL_DMA_DisableStream)
    LL_DMA_DisableStream                     0x0800117d   Thumb Code    18  drv_lcd_init.o(.text.LL_DMA_DisableStream)
    [Anonymous Symbol]                       0x0800117c   Section        0  drv_lcd_init.o(.text.LL_DMA_DisableStream)
    LL_DMA_EnableStream                      0x08001191   Thumb Code    18  bsp_adc.o(.text.LL_DMA_EnableStream)
    [Anonymous Symbol]                       0x08001190   Section        0  bsp_adc.o(.text.LL_DMA_EnableStream)
    LL_DMA_EnableStream                      0x080011a5   Thumb Code    18  drv_lcd.o(.text.LL_DMA_EnableStream)
    [Anonymous Symbol]                       0x080011a4   Section        0  drv_lcd.o(.text.LL_DMA_EnableStream)
    LL_DMA_IsActiveFlag_TC5                  0x080011b9   Thumb Code    16  drv_lcd.o(.text.LL_DMA_IsActiveFlag_TC5)
    [Anonymous Symbol]                       0x080011b8   Section        0  drv_lcd.o(.text.LL_DMA_IsActiveFlag_TC5)
    LL_DMA_SetChannelSelection               0x080011c9   Thumb Code    30  main.o(.text.LL_DMA_SetChannelSelection)
    [Anonymous Symbol]                       0x080011c8   Section        0  main.o(.text.LL_DMA_SetChannelSelection)
    LL_DMA_SetDataLength                     0x080011e9   Thumb Code    22  bsp_adc.o(.text.LL_DMA_SetDataLength)
    [Anonymous Symbol]                       0x080011e8   Section        0  bsp_adc.o(.text.LL_DMA_SetDataLength)
    LL_DMA_SetDataLength                     0x08001201   Thumb Code    22  drv_lcd.o(.text.LL_DMA_SetDataLength)
    [Anonymous Symbol]                       0x08001200   Section        0  drv_lcd.o(.text.LL_DMA_SetDataLength)
    LL_DMA_SetDataTransferDirection          0x08001219   Thumb Code    30  main.o(.text.LL_DMA_SetDataTransferDirection)
    [Anonymous Symbol]                       0x08001218   Section        0  main.o(.text.LL_DMA_SetDataTransferDirection)
    LL_DMA_SetMemoryAddress                  0x08001239   Thumb Code    12  bsp_adc.o(.text.LL_DMA_SetMemoryAddress)
    [Anonymous Symbol]                       0x08001238   Section        0  bsp_adc.o(.text.LL_DMA_SetMemoryAddress)
    LL_DMA_SetMemoryAddress                  0x08001245   Thumb Code    20  drv_lcd_init.o(.text.LL_DMA_SetMemoryAddress)
    [Anonymous Symbol]                       0x08001244   Section        0  drv_lcd_init.o(.text.LL_DMA_SetMemoryAddress)
    LL_DMA_SetMemoryIncMode                  0x08001259   Thumb Code    28  main.o(.text.LL_DMA_SetMemoryIncMode)
    [Anonymous Symbol]                       0x08001258   Section        0  main.o(.text.LL_DMA_SetMemoryIncMode)
    LL_DMA_SetMemorySize                     0x08001275   Thumb Code    30  main.o(.text.LL_DMA_SetMemorySize)
    [Anonymous Symbol]                       0x08001274   Section        0  main.o(.text.LL_DMA_SetMemorySize)
    LL_DMA_SetMode                           0x08001295   Thumb Code    30  main.o(.text.LL_DMA_SetMode)
    [Anonymous Symbol]                       0x08001294   Section        0  main.o(.text.LL_DMA_SetMode)
    LL_DMA_SetPeriphAddress                  0x080012b5   Thumb Code    20  bsp_adc.o(.text.LL_DMA_SetPeriphAddress)
    [Anonymous Symbol]                       0x080012b4   Section        0  bsp_adc.o(.text.LL_DMA_SetPeriphAddress)
    LL_DMA_SetPeriphAddress                  0x080012c9   Thumb Code    20  drv_lcd_init.o(.text.LL_DMA_SetPeriphAddress)
    [Anonymous Symbol]                       0x080012c8   Section        0  drv_lcd_init.o(.text.LL_DMA_SetPeriphAddress)
    LL_DMA_SetPeriphIncMode                  0x080012dd   Thumb Code    28  main.o(.text.LL_DMA_SetPeriphIncMode)
    [Anonymous Symbol]                       0x080012dc   Section        0  main.o(.text.LL_DMA_SetPeriphIncMode)
    LL_DMA_SetPeriphSize                     0x080012f9   Thumb Code    30  main.o(.text.LL_DMA_SetPeriphSize)
    [Anonymous Symbol]                       0x080012f8   Section        0  main.o(.text.LL_DMA_SetPeriphSize)
    LL_DMA_SetStreamPriorityLevel            0x08001319   Thumb Code    30  main.o(.text.LL_DMA_SetStreamPriorityLevel)
    [Anonymous Symbol]                       0x08001318   Section        0  main.o(.text.LL_DMA_SetStreamPriorityLevel)
    [Anonymous Symbol]                       0x08001338   Section        0  stm32f4xx_ll_gpio.o(.text.LL_GPIO_Init)
    LL_GPIO_SetAFPin_0_7                     0x080013c1   Thumb Code    32  stm32f4xx_ll_gpio.o(.text.LL_GPIO_SetAFPin_0_7)
    [Anonymous Symbol]                       0x080013c0   Section        0  stm32f4xx_ll_gpio.o(.text.LL_GPIO_SetAFPin_0_7)
    LL_GPIO_SetAFPin_8_15                    0x080013e1   Thumb Code    34  stm32f4xx_ll_gpio.o(.text.LL_GPIO_SetAFPin_8_15)
    [Anonymous Symbol]                       0x080013e0   Section        0  stm32f4xx_ll_gpio.o(.text.LL_GPIO_SetAFPin_8_15)
    LL_GPIO_SetPinMode                       0x08001405   Thumb Code    32  stm32f4xx_ll_gpio.o(.text.LL_GPIO_SetPinMode)
    [Anonymous Symbol]                       0x08001404   Section        0  stm32f4xx_ll_gpio.o(.text.LL_GPIO_SetPinMode)
    LL_GPIO_SetPinOutputType                 0x08001425   Thumb Code    12  stm32f4xx_ll_gpio.o(.text.LL_GPIO_SetPinOutputType)
    [Anonymous Symbol]                       0x08001424   Section        0  stm32f4xx_ll_gpio.o(.text.LL_GPIO_SetPinOutputType)
    LL_GPIO_SetPinPull                       0x08001431   Thumb Code    32  stm32f4xx_ll_gpio.o(.text.LL_GPIO_SetPinPull)
    [Anonymous Symbol]                       0x08001430   Section        0  stm32f4xx_ll_gpio.o(.text.LL_GPIO_SetPinPull)
    LL_GPIO_SetPinSpeed                      0x08001451   Thumb Code    32  stm32f4xx_ll_gpio.o(.text.LL_GPIO_SetPinSpeed)
    [Anonymous Symbol]                       0x08001450   Section        0  stm32f4xx_ll_gpio.o(.text.LL_GPIO_SetPinSpeed)
    LL_RCC_GetAHBPrescaler                   0x08001471   Thumb Code    16  stm32f4xx_ll_rcc.o(.text.LL_RCC_GetAHBPrescaler)
    [Anonymous Symbol]                       0x08001470   Section        0  stm32f4xx_ll_rcc.o(.text.LL_RCC_GetAHBPrescaler)
    LL_RCC_GetAPB1Prescaler                  0x08001481   Thumb Code    16  stm32f4xx_ll_rcc.o(.text.LL_RCC_GetAPB1Prescaler)
    [Anonymous Symbol]                       0x08001480   Section        0  stm32f4xx_ll_rcc.o(.text.LL_RCC_GetAPB1Prescaler)
    LL_RCC_GetAPB2Prescaler                  0x08001491   Thumb Code    16  stm32f4xx_ll_rcc.o(.text.LL_RCC_GetAPB2Prescaler)
    [Anonymous Symbol]                       0x08001490   Section        0  stm32f4xx_ll_rcc.o(.text.LL_RCC_GetAPB2Prescaler)
    LL_RCC_GetSysClkSource                   0x080014a1   Thumb Code    16  stm32f4xx_ll_rcc.o(.text.LL_RCC_GetSysClkSource)
    [Anonymous Symbol]                       0x080014a0   Section        0  stm32f4xx_ll_rcc.o(.text.LL_RCC_GetSysClkSource)
    [Anonymous Symbol]                       0x080014b0   Section        0  stm32f4xx_ll_rcc.o(.text.LL_RCC_GetSystemClocksFreq)
    LL_RCC_PLL_GetDivider                    0x080014d5   Thumb Code    16  stm32f4xx_ll_rcc.o(.text.LL_RCC_PLL_GetDivider)
    [Anonymous Symbol]                       0x080014d4   Section        0  stm32f4xx_ll_rcc.o(.text.LL_RCC_PLL_GetDivider)
    LL_RCC_PLL_GetMainSource                 0x080014e5   Thumb Code    16  stm32f4xx_ll_rcc.o(.text.LL_RCC_PLL_GetMainSource)
    [Anonymous Symbol]                       0x080014e4   Section        0  stm32f4xx_ll_rcc.o(.text.LL_RCC_PLL_GetMainSource)
    LL_RCC_PLL_GetN                          0x080014f5   Thumb Code    16  stm32f4xx_ll_rcc.o(.text.LL_RCC_PLL_GetN)
    [Anonymous Symbol]                       0x080014f4   Section        0  stm32f4xx_ll_rcc.o(.text.LL_RCC_PLL_GetN)
    LL_RCC_PLL_GetP                          0x08001505   Thumb Code    16  stm32f4xx_ll_rcc.o(.text.LL_RCC_PLL_GetP)
    [Anonymous Symbol]                       0x08001504   Section        0  stm32f4xx_ll_rcc.o(.text.LL_RCC_PLL_GetP)
    LL_SPI_Enable                            0x08001515   Thumb Code    10  bsp_spi.o(.text.LL_SPI_Enable)
    [Anonymous Symbol]                       0x08001514   Section        0  bsp_spi.o(.text.LL_SPI_Enable)
    LL_SPI_Enable                            0x08001521   Thumb Code    18  drv_24l01.o(.text.LL_SPI_Enable)
    [Anonymous Symbol]                       0x08001520   Section        0  drv_24l01.o(.text.LL_SPI_Enable)
    LL_SPI_Enable                            0x08001535   Thumb Code    18  drv_lcd_init.o(.text.LL_SPI_Enable)
    [Anonymous Symbol]                       0x08001534   Section        0  drv_lcd_init.o(.text.LL_SPI_Enable)
    LL_SPI_EnableDMAReq_TX                   0x08001549   Thumb Code    18  drv_lcd_init.o(.text.LL_SPI_EnableDMAReq_TX)
    [Anonymous Symbol]                       0x08001548   Section        0  drv_lcd_init.o(.text.LL_SPI_EnableDMAReq_TX)
    [Anonymous Symbol]                       0x0800155c   Section        0  stm32f4xx_ll_spi.o(.text.LL_SPI_Init)
    LL_SPI_IsActiveFlag_RXNE                 0x080015d5   Thumb Code     8  bsp_spi.o(.text.LL_SPI_IsActiveFlag_RXNE)
    [Anonymous Symbol]                       0x080015d4   Section        0  bsp_spi.o(.text.LL_SPI_IsActiveFlag_RXNE)
    LL_SPI_IsActiveFlag_TXE                  0x080015dd   Thumb Code     8  bsp_spi.o(.text.LL_SPI_IsActiveFlag_TXE)
    [Anonymous Symbol]                       0x080015dc   Section        0  bsp_spi.o(.text.LL_SPI_IsActiveFlag_TXE)
    LL_SPI_IsEnabled                         0x080015e5   Thumb Code     8  stm32f4xx_ll_spi.o(.text.LL_SPI_IsEnabled)
    [Anonymous Symbol]                       0x080015e4   Section        0  stm32f4xx_ll_spi.o(.text.LL_SPI_IsEnabled)
    LL_SPI_ReceiveData16                     0x080015ed   Thumb Code     6  bsp_spi.o(.text.LL_SPI_ReceiveData16)
    [Anonymous Symbol]                       0x080015ec   Section        0  bsp_spi.o(.text.LL_SPI_ReceiveData16)
    LL_SPI_SetCRCPolynomial                  0x080015f5   Thumb Code     6  stm32f4xx_ll_spi.o(.text.LL_SPI_SetCRCPolynomial)
    [Anonymous Symbol]                       0x080015f4   Section        0  stm32f4xx_ll_spi.o(.text.LL_SPI_SetCRCPolynomial)
    LL_SPI_SetStandard                       0x080015fd   Thumb Code    10  main.o(.text.LL_SPI_SetStandard)
    [Anonymous Symbol]                       0x080015fc   Section        0  main.o(.text.LL_SPI_SetStandard)
    LL_TIM_ClearFlag_UPDATE                  0x08001609   Thumb Code    16  bsp_timer.o(.text.LL_TIM_ClearFlag_UPDATE)
    [Anonymous Symbol]                       0x08001608   Section        0  bsp_timer.o(.text.LL_TIM_ClearFlag_UPDATE)
    LL_TIM_DisableARRPreload                 0x08001619   Thumb Code    18  main.o(.text.LL_TIM_DisableARRPreload)
    [Anonymous Symbol]                       0x08001618   Section        0  main.o(.text.LL_TIM_DisableARRPreload)
    LL_TIM_EnableCounter                     0x0800162d   Thumb Code    18  bsp_timer.o(.text.LL_TIM_EnableCounter)
    [Anonymous Symbol]                       0x0800162c   Section        0  bsp_timer.o(.text.LL_TIM_EnableCounter)
    LL_TIM_EnableIT_UPDATE                   0x08001641   Thumb Code    18  bsp_timer.o(.text.LL_TIM_EnableIT_UPDATE)
    [Anonymous Symbol]                       0x08001640   Section        0  bsp_timer.o(.text.LL_TIM_EnableIT_UPDATE)
    LL_TIM_GenerateEvent_UPDATE              0x08001655   Thumb Code    10  stm32f4xx_ll_tim.o(.text.LL_TIM_GenerateEvent_UPDATE)
    [Anonymous Symbol]                       0x08001654   Section        0  stm32f4xx_ll_tim.o(.text.LL_TIM_GenerateEvent_UPDATE)
    [Anonymous Symbol]                       0x08001660   Section        0  stm32f4xx_ll_tim.o(.text.LL_TIM_Init)
    LL_TIM_IsActiveFlag_UPDATE               0x0800173d   Thumb Code    16  bsp_timer.o(.text.LL_TIM_IsActiveFlag_UPDATE)
    [Anonymous Symbol]                       0x0800173c   Section        0  bsp_timer.o(.text.LL_TIM_IsActiveFlag_UPDATE)
    LL_TIM_SetAutoReload                     0x0800174d   Thumb Code     4  stm32f4xx_ll_tim.o(.text.LL_TIM_SetAutoReload)
    [Anonymous Symbol]                       0x0800174c   Section        0  stm32f4xx_ll_tim.o(.text.LL_TIM_SetAutoReload)
    LL_TIM_SetPrescaler                      0x08001751   Thumb Code     4  stm32f4xx_ll_tim.o(.text.LL_TIM_SetPrescaler)
    [Anonymous Symbol]                       0x08001750   Section        0  stm32f4xx_ll_tim.o(.text.LL_TIM_SetPrescaler)
    LL_TIM_SetRepetitionCounter              0x08001755   Thumb Code    10  stm32f4xx_ll_tim.o(.text.LL_TIM_SetRepetitionCounter)
    [Anonymous Symbol]                       0x08001754   Section        0  stm32f4xx_ll_tim.o(.text.LL_TIM_SetRepetitionCounter)
    LL_USART_ConfigAsyncMode                 0x08001761   Thumb Code    26  main.o(.text.LL_USART_ConfigAsyncMode)
    [Anonymous Symbol]                       0x08001760   Section        0  main.o(.text.LL_USART_ConfigAsyncMode)
    LL_USART_Enable                          0x0800177d   Thumb Code    18  main.o(.text.LL_USART_Enable)
    [Anonymous Symbol]                       0x0800177c   Section        0  main.o(.text.LL_USART_Enable)
    [Anonymous Symbol]                       0x08001790   Section        0  stm32f4xx_ll_usart.o(.text.LL_USART_Init)
    LL_USART_IsEnabled                       0x08001825   Thumb Code     8  stm32f4xx_ll_usart.o(.text.LL_USART_IsEnabled)
    [Anonymous Symbol]                       0x08001824   Section        0  stm32f4xx_ll_usart.o(.text.LL_USART_IsEnabled)
    LL_USART_SetBaudRate                     0x0800182d   Thumb Code   140  stm32f4xx_ll_usart.o(.text.LL_USART_SetBaudRate)
    [Anonymous Symbol]                       0x0800182c   Section        0  stm32f4xx_ll_usart.o(.text.LL_USART_SetBaudRate)
    LL_USART_SetHWFlowCtrl                   0x080018b9   Thumb Code    12  stm32f4xx_ll_usart.o(.text.LL_USART_SetHWFlowCtrl)
    [Anonymous Symbol]                       0x080018b8   Section        0  stm32f4xx_ll_usart.o(.text.LL_USART_SetHWFlowCtrl)
    LL_USART_SetStopBitsLength               0x080018c5   Thumb Code    12  stm32f4xx_ll_usart.o(.text.LL_USART_SetStopBitsLength)
    [Anonymous Symbol]                       0x080018c4   Section        0  stm32f4xx_ll_usart.o(.text.LL_USART_SetStopBitsLength)
    MX_ADC1_Init                             0x080018d1   Thumb Code   266  main.o(.text.MX_ADC1_Init)
    [Anonymous Symbol]                       0x080018d0   Section        0  main.o(.text.MX_ADC1_Init)
    MX_DMA_Init                              0x080019dd   Thumb Code   100  main.o(.text.MX_DMA_Init)
    [Anonymous Symbol]                       0x080019dc   Section        0  main.o(.text.MX_DMA_Init)
    MX_GPIO_Init                             0x08001a41   Thumb Code   284  main.o(.text.MX_GPIO_Init)
    [Anonymous Symbol]                       0x08001a40   Section        0  main.o(.text.MX_GPIO_Init)
    MX_SPI1_Init                             0x08001b5d   Thumb Code   204  main.o(.text.MX_SPI1_Init)
    [Anonymous Symbol]                       0x08001b5c   Section        0  main.o(.text.MX_SPI1_Init)
    MX_SPI2_Init                             0x08001c29   Thumb Code   128  main.o(.text.MX_SPI2_Init)
    [Anonymous Symbol]                       0x08001c28   Section        0  main.o(.text.MX_SPI2_Init)
    MX_TIM10_Init                            0x08001ca9   Thumb Code    84  main.o(.text.MX_TIM10_Init)
    [Anonymous Symbol]                       0x08001ca8   Section        0  main.o(.text.MX_TIM10_Init)
    MX_USART1_UART_Init                      0x08001cfd   Thumb Code   324  main.o(.text.MX_USART1_UART_Init)
    [Anonymous Symbol]                       0x08001cfc   Section        0  main.o(.text.MX_USART1_UART_Init)
    [Anonymous Symbol]                       0x08001e40   Section        0  stm32f4xx_it.o(.text.MemManage_Handler)
    [Anonymous Symbol]                       0x08001e44   Section        0  stm32f4xx_it.o(.text.NMI_Handler)
    [Anonymous Symbol]                       0x08001e48   Section        0  drv_24l01.o(.text.NRF24L01_Check)
    [Anonymous Symbol]                       0x08001e90   Section        0  drv_24l01.o(.text.NRF24L01_Read_Buf)
    [Anonymous Symbol]                       0x08001ee8   Section        0  drv_24l01.o(.text.NRF24L01_Read_Reg)
    [Anonymous Symbol]                       0x08001f28   Section        0  drv_24l01.o(.text.NRF24L01_TX_Mode)
    [Anonymous Symbol]                       0x08001f9c   Section        0  drv_24l01.o(.text.NRF24L01_TxPacket)
    [Anonymous Symbol]                       0x08001fec   Section        0  drv_24l01.o(.text.NRF24L01_Write_Buf)
    [Anonymous Symbol]                       0x08002044   Section        0  drv_24l01.o(.text.NRF24L01_Write_Reg)
    NVIC_EncodePriority                      0x08002089   Thumb Code     4  main.o(.text.NVIC_EncodePriority)
    [Anonymous Symbol]                       0x08002088   Section        0  main.o(.text.NVIC_EncodePriority)
    NVIC_EncodePriority                      0x0800208d   Thumb Code    44  stm32f4xx_hal_cortex.o(.text.NVIC_EncodePriority)
    [Anonymous Symbol]                       0x0800208c   Section        0  stm32f4xx_hal_cortex.o(.text.NVIC_EncodePriority)
    [Anonymous Symbol]                       0x080020b8   Section        0  stm32f4xx_it.o(.text.PendSV_Handler)
    [Anonymous Symbol]                       0x080020bc   Section        0  stm32f4xx_ll_rcc.o(.text.RCC_GetHCLKClockFreq)
    [Anonymous Symbol]                       0x080020d8   Section        0  stm32f4xx_ll_rcc.o(.text.RCC_GetPCLK1ClockFreq)
    [Anonymous Symbol]                       0x080020f4   Section        0  stm32f4xx_ll_rcc.o(.text.RCC_GetPCLK2ClockFreq)
    [Anonymous Symbol]                       0x08002110   Section        0  stm32f4xx_ll_rcc.o(.text.RCC_GetSystemClockFreq)
    [Anonymous Symbol]                       0x08002138   Section        0  stm32f4xx_ll_rcc.o(.text.RCC_PLL_GetFreqDomain_SYS)
    [Anonymous Symbol]                       0x0800218c   Section        0  bsp_spi.o(.text.SPI_ReadWrite_16Byte)
    [Anonymous Symbol]                       0x080021c0   Section        0  bsp_spi.o(.text.SPI_ReadWrite_8Byte)
    [Anonymous Symbol]                       0x080021f4   Section        0  bsp_spi.o(.text.SPI_Send_8Byte)
    [Anonymous Symbol]                       0x08002210   Section        0  bsp_spi.o(.text.SPI_SetSpeed)
    [Anonymous Symbol]                       0x08002234   Section        0  stm32f4xx_it.o(.text.SVC_Handler)
    SysTick_Config                           0x08002239   Thumb Code    46  stm32f4xx_hal_cortex.o(.text.SysTick_Config)
    [Anonymous Symbol]                       0x08002238   Section        0  stm32f4xx_hal_cortex.o(.text.SysTick_Config)
    [Anonymous Symbol]                       0x08002268   Section        0  stm32f4xx_it.o(.text.SysTick_Handler)
    [Anonymous Symbol]                       0x08002270   Section        0  main.o(.text.SystemClock_Config)
    [Anonymous Symbol]                       0x08002310   Section        0  system_stm32f4xx.o(.text.SystemInit)
    [Anonymous Symbol]                       0x08002324   Section        0  system_start.o(.text.System_Init)
    [Anonymous Symbol]                       0x080023e4   Section        0  system_start.o(.text.System_Loop)
    [Anonymous Symbol]                       0x08002450   Section        0  stm32f4xx_it.o(.text.TIM1_UP_TIM10_IRQHandler)
    [Anonymous Symbol]                       0x08002458   Section        0  stm32f4xx_it.o(.text.USART1_IRQHandler)
    [Anonymous Symbol]                       0x0800245c   Section        0  bsp_timer.o(.text.Update_SystemTick)
    [Anonymous Symbol]                       0x0800247c   Section        0  stm32f4xx_it.o(.text.UsageFault_Handler)
    [Anonymous Symbol]                       0x08002480   Section        0  drv_w25qx.o(.text.W25QXX_ReadID)
    [Anonymous Symbol]                       0x080024f8   Section        0  drv_w25qx.o(.text.W25QXX_ReadSR)
    __NVIC_EnableIRQ                         0x08002561   Thumb Code    32  main.o(.text.__NVIC_EnableIRQ)
    [Anonymous Symbol]                       0x08002560   Section        0  main.o(.text.__NVIC_EnableIRQ)
    __NVIC_GetPriorityGrouping               0x08002581   Thumb Code    16  main.o(.text.__NVIC_GetPriorityGrouping)
    [Anonymous Symbol]                       0x08002580   Section        0  main.o(.text.__NVIC_GetPriorityGrouping)
    __NVIC_GetPriorityGrouping               0x08002591   Thumb Code    16  stm32f4xx_hal_cortex.o(.text.__NVIC_GetPriorityGrouping)
    [Anonymous Symbol]                       0x08002590   Section        0  stm32f4xx_hal_cortex.o(.text.__NVIC_GetPriorityGrouping)
    __NVIC_SetPriority                       0x080025a1   Thumb Code    16  main.o(.text.__NVIC_SetPriority)
    [Anonymous Symbol]                       0x080025a0   Section        0  main.o(.text.__NVIC_SetPriority)
    __NVIC_SetPriority                       0x080025b1   Thumb Code    34  stm32f4xx_hal_cortex.o(.text.__NVIC_SetPriority)
    [Anonymous Symbol]                       0x080025b0   Section        0  stm32f4xx_hal_cortex.o(.text.__NVIC_SetPriority)
    __NVIC_SetPriorityGrouping               0x080025d5   Thumb Code    32  stm32f4xx_hal_cortex.o(.text.__NVIC_SetPriorityGrouping)
    [Anonymous Symbol]                       0x080025d4   Section        0  stm32f4xx_hal_cortex.o(.text.__NVIC_SetPriorityGrouping)
    [Anonymous Symbol]                       0x080025f4   Section        0  bsp_timer.o(.text.bsp_Timer_Init)
    [Anonymous Symbol]                       0x08002610   Section        0  bsp_adc.o(.text.bsp_adc_Init)
    [Anonymous Symbol]                       0x08002638   Section        0  bsp_timer.o(.text.delay_ms_nos)
    [Anonymous Symbol]                       0x08002668   Section        0  drv_24l01.o(.text.drv_24l01_Init)
    [Anonymous Symbol]                       0x08002698   Section        0  drv_lcd_init.o(.text.drv_LCD_Init)
    [Anonymous Symbol]                       0x080028dc   Section        0  drv_w25qx.o(.text.drv_W25Qx_Init)
    [Anonymous Symbol]                       0x08002954   Section        0  drv_joystick.o(.text.drv_joystick_Init)
    [Anonymous Symbol]                       0x08002968   Section        0  drv_joystick.o(.text.int16_buffer)
    [Anonymous Symbol]                       0x08002990   Section        0  drv_joystick.o(.text.int_map)
    [Anonymous Symbol]                       0x080029d8   Section        0  drv_joystick.o(.text.joystick_DatePrcess)
    [Anonymous Symbol]                       0x08002b2c   Section        0  main.o(.text.main)
    $v0                                      0x08002b5a   Number         0  fpinit.o(x$fpl$fpinit)
    x$fpl$fpinit                             0x08002b5a   Section       26  fpinit.o(x$fpl$fpinit)
    STREAM_OFFSET_TAB                        0x08005f8a   Data           8  main.o(.rodata.cst8)
    .L.str.2                                 0x08005f92   Data           6  system_start.o(.rodata.str1.1)
    [Anonymous Symbol]                       0x08005f92   Section        0  system_start.o(.rodata.str1.1)
    .L.str.4                                 0x08005f98   Data           8  system_start.o(.rodata.str1.1)
    .L.str.3                                 0x08005fa0   Data           7  system_start.o(.rodata.str1.1)
    .bss                                     0x20000010   Section       96  libspace.o(.bss)
    delay_mode                               0x2000017d   Data           1  bsp_timer.o(.bss.delay_mode)
    [Anonymous Symbol]                       0x2000017d   Section        0  bsp_timer.o(.bss.delay_mode)
    Heap_Mem                                 0x20000190   Data         512  startup_stm32f411xe.o(HEAP)
    HEAP                                     0x20000190   Section      512  startup_stm32f411xe.o(HEAP)
    Stack_Mem                                0x20000390   Data        1024  startup_stm32f411xe.o(STACK)
    STACK                                    0x20000390   Section     1024  startup_stm32f411xe.o(STACK)
    __initial_sp                             0x20000790   Data           0  startup_stm32f411xe.o(STACK)

    Global Symbols

    Symbol Name                              Value     Ov Type        Size  Object(Section)

    BuildAttributes$$THM_ISAv4$E$P$D$K$B$S$7EM$VFPi3$EXTD16$VFPS$VFMA$PE$A:L22UL41UL21$X:L11$S22US41US21$IEEE1$IW$~IW$USESV6$~STKCKD$USESV7$~SHL$OTIME$ROPI$EBA8$UX$STANDARDLIB$REQ8$PRES8$EABIv2 0x00000000   Number         0  anon$$obj.o ABSOLUTE
    __ARM_exceptions_init                     - Undefined Weak Reference
    __alloca_initialize                       - Undefined Weak Reference
    __arm_preinit_                            - Undefined Weak Reference
    __cpp_initialize__aeabi_                  - Undefined Weak Reference
    __cxa_finalize                            - Undefined Weak Reference
    __rt_locale                               - Undefined Weak Reference
    __sigvec_lookup                           - Undefined Weak Reference
    _atexit_init                              - Undefined Weak Reference
    _call_atexit_fns                          - Undefined Weak Reference
    _clock_init                               - Undefined Weak Reference
    _fp_trap_init                             - Undefined Weak Reference
    _fp_trap_shutdown                         - Undefined Weak Reference
    _get_lc_collate                           - Undefined Weak Reference
    _get_lc_ctype                             - Undefined Weak Reference
    _get_lc_monetary                          - Undefined Weak Reference
    _get_lc_numeric                           - Undefined Weak Reference
    _get_lc_time                              - Undefined Weak Reference
    _getenv_init                              - Undefined Weak Reference
    _handle_redirection                       - Undefined Weak Reference
    _init_alloc                               - Undefined Weak Reference
    _init_user_alloc                          - Undefined Weak Reference
    _initio                                   - Undefined Weak Reference
    _rand_init                                - Undefined Weak Reference
    _signal_finish                            - Undefined Weak Reference
    _signal_init                              - Undefined Weak Reference
    _terminate_alloc                          - Undefined Weak Reference
    _terminate_user_alloc                     - Undefined Weak Reference
    _terminateio                              - Undefined Weak Reference
    __Vectors_Size                           0x00000198   Number         0  startup_stm32f411xe.o ABSOLUTE
    __Vectors                                0x08000000   Data           4  startup_stm32f411xe.o(RESET)
    __Vectors_End                            0x08000198   Data           0  startup_stm32f411xe.o(RESET)
    __main                                   0x08000199   Thumb Code     8  __main.o(!!!main)
    __scatterload                            0x080001a1   Thumb Code     0  __scatter.o(!!!scatter)
    __scatterload_rt2                        0x080001a1   Thumb Code    44  __scatter.o(!!!scatter)
    __scatterload_rt2_thumb_only             0x080001a1   Thumb Code     0  __scatter.o(!!!scatter)
    __scatterload_null                       0x080001af   Thumb Code     0  __scatter.o(!!!scatter)
    __scatterload_copy                       0x080001d5   Thumb Code    26  __scatter_copy.o(!!handler_copy)
    __scatterload_zeroinit                   0x080001f1   Thumb Code    28  __scatter_zi.o(!!handler_zi)
    __rt_lib_init                            0x0800020d   Thumb Code     0  libinit.o(.ARM.Collect$$libinit$$00000000)
    __rt_lib_init_fp_1                       0x0800020f   Thumb Code     0  libinit2.o(.ARM.Collect$$libinit$$00000001)
    __rt_lib_init_alloca_1                   0x08000213   Thumb Code     0  libinit2.o(.ARM.Collect$$libinit$$0000002E)
    __rt_lib_init_argv_1                     0x08000213   Thumb Code     0  libinit2.o(.ARM.Collect$$libinit$$0000002C)
    __rt_lib_init_atexit_1                   0x08000213   Thumb Code     0  libinit2.o(.ARM.Collect$$libinit$$0000001B)
    __rt_lib_init_clock_1                    0x08000213   Thumb Code     0  libinit2.o(.ARM.Collect$$libinit$$00000021)
    __rt_lib_init_cpp_1                      0x08000213   Thumb Code     0  libinit2.o(.ARM.Collect$$libinit$$00000032)
    __rt_lib_init_exceptions_1               0x08000213   Thumb Code     0  libinit2.o(.ARM.Collect$$libinit$$00000030)
    __rt_lib_init_fp_trap_1                  0x08000213   Thumb Code     0  libinit2.o(.ARM.Collect$$libinit$$0000001F)
    __rt_lib_init_getenv_1                   0x08000213   Thumb Code     0  libinit2.o(.ARM.Collect$$libinit$$00000023)
    __rt_lib_init_heap_1                     0x08000213   Thumb Code     0  libinit2.o(.ARM.Collect$$libinit$$0000000A)
    __rt_lib_init_lc_collate_1               0x08000213   Thumb Code     0  libinit2.o(.ARM.Collect$$libinit$$00000011)
    __rt_lib_init_lc_ctype_1                 0x08000213   Thumb Code     0  libinit2.o(.ARM.Collect$$libinit$$00000013)
    __rt_lib_init_lc_monetary_1              0x08000213   Thumb Code     0  libinit2.o(.ARM.Collect$$libinit$$00000015)
    __rt_lib_init_lc_numeric_1               0x08000213   Thumb Code     0  libinit2.o(.ARM.Collect$$libinit$$00000017)
    __rt_lib_init_lc_time_1                  0x08000213   Thumb Code     0  libinit2.o(.ARM.Collect$$libinit$$00000019)
    __rt_lib_init_preinit_1                  0x08000213   Thumb Code     0  libinit2.o(.ARM.Collect$$libinit$$00000004)
    __rt_lib_init_rand_1                     0x08000213   Thumb Code     0  libinit2.o(.ARM.Collect$$libinit$$0000000E)
    __rt_lib_init_return                     0x08000213   Thumb Code     0  libinit2.o(.ARM.Collect$$libinit$$00000033)
    __rt_lib_init_signal_1                   0x08000213   Thumb Code     0  libinit2.o(.ARM.Collect$$libinit$$0000001D)
    __rt_lib_init_stdio_1                    0x08000213   Thumb Code     0  libinit2.o(.ARM.Collect$$libinit$$00000025)
    __rt_lib_init_user_alloc_1               0x08000213   Thumb Code     0  libinit2.o(.ARM.Collect$$libinit$$0000000C)
    __rt_lib_shutdown                        0x08000215   Thumb Code     0  libshutdown.o(.ARM.Collect$$libshutdown$$00000000)
    __rt_lib_shutdown_cpp_1                  0x08000217   Thumb Code     0  libshutdown2.o(.ARM.Collect$$libshutdown$$00000002)
    __rt_lib_shutdown_fp_trap_1              0x08000217   Thumb Code     0  libshutdown2.o(.ARM.Collect$$libshutdown$$00000007)
    __rt_lib_shutdown_heap_1                 0x08000217   Thumb Code     0  libshutdown2.o(.ARM.Collect$$libshutdown$$0000000F)
    __rt_lib_shutdown_return                 0x08000217   Thumb Code     0  libshutdown2.o(.ARM.Collect$$libshutdown$$00000010)
    __rt_lib_shutdown_signal_1               0x08000217   Thumb Code     0  libshutdown2.o(.ARM.Collect$$libshutdown$$0000000A)
    __rt_lib_shutdown_stdio_1                0x08000217   Thumb Code     0  libshutdown2.o(.ARM.Collect$$libshutdown$$00000004)
    __rt_lib_shutdown_user_alloc_1           0x08000217   Thumb Code     0  libshutdown2.o(.ARM.Collect$$libshutdown$$0000000C)
    __rt_entry                               0x08000219   Thumb Code     0  __rtentry.o(.ARM.Collect$$rtentry$$00000000)
    __rt_entry_presh_1                       0x08000219   Thumb Code     0  __rtentry2.o(.ARM.Collect$$rtentry$$00000002)
    __rt_entry_sh                            0x08000219   Thumb Code     0  __rtentry4.o(.ARM.Collect$$rtentry$$00000004)
    __rt_entry_li                            0x0800021f   Thumb Code     0  __rtentry2.o(.ARM.Collect$$rtentry$$0000000A)
    __rt_entry_postsh_1                      0x0800021f   Thumb Code     0  __rtentry2.o(.ARM.Collect$$rtentry$$00000009)
    __rt_entry_main                          0x08000223   Thumb Code     0  __rtentry2.o(.ARM.Collect$$rtentry$$0000000D)
    __rt_entry_postli_1                      0x08000223   Thumb Code     0  __rtentry2.o(.ARM.Collect$$rtentry$$0000000C)
    __rt_exit                                0x0800022b   Thumb Code     0  rtexit.o(.ARM.Collect$$rtexit$$00000000)
    __rt_exit_ls                             0x0800022d   Thumb Code     0  rtexit2.o(.ARM.Collect$$rtexit$$00000003)
    __rt_exit_prels_1                        0x0800022d   Thumb Code     0  rtexit2.o(.ARM.Collect$$rtexit$$00000002)
    __rt_exit_exit                           0x08000231   Thumb Code     0  rtexit2.o(.ARM.Collect$$rtexit$$00000004)
    Reset_Handler                            0x08000239   Thumb Code     8  startup_stm32f411xe.o(.text)
    ADC_IRQHandler                           0x08000253   Thumb Code     0  startup_stm32f411xe.o(.text)
    DMA1_Stream0_IRQHandler                  0x08000253   Thumb Code     0  startup_stm32f411xe.o(.text)
    DMA1_Stream1_IRQHandler                  0x08000253   Thumb Code     0  startup_stm32f411xe.o(.text)
    DMA1_Stream2_IRQHandler                  0x08000253   Thumb Code     0  startup_stm32f411xe.o(.text)
    DMA1_Stream3_IRQHandler                  0x08000253   Thumb Code     0  startup_stm32f411xe.o(.text)
    DMA1_Stream4_IRQHandler                  0x08000253   Thumb Code     0  startup_stm32f411xe.o(.text)
    DMA1_Stream5_IRQHandler                  0x08000253   Thumb Code     0  startup_stm32f411xe.o(.text)
    DMA1_Stream6_IRQHandler                  0x08000253   Thumb Code     0  startup_stm32f411xe.o(.text)
    DMA1_Stream7_IRQHandler                  0x08000253   Thumb Code     0  startup_stm32f411xe.o(.text)
    DMA2_Stream1_IRQHandler                  0x08000253   Thumb Code     0  startup_stm32f411xe.o(.text)
    DMA2_Stream3_IRQHandler                  0x08000253   Thumb Code     0  startup_stm32f411xe.o(.text)
    DMA2_Stream4_IRQHandler                  0x08000253   Thumb Code     0  startup_stm32f411xe.o(.text)
    DMA2_Stream6_IRQHandler                  0x08000253   Thumb Code     0  startup_stm32f411xe.o(.text)
    EXTI0_IRQHandler                         0x08000253   Thumb Code     0  startup_stm32f411xe.o(.text)
    EXTI15_10_IRQHandler                     0x08000253   Thumb Code     0  startup_stm32f411xe.o(.text)
    EXTI1_IRQHandler                         0x08000253   Thumb Code     0  startup_stm32f411xe.o(.text)
    EXTI2_IRQHandler                         0x08000253   Thumb Code     0  startup_stm32f411xe.o(.text)
    EXTI3_IRQHandler                         0x08000253   Thumb Code     0  startup_stm32f411xe.o(.text)
    EXTI4_IRQHandler                         0x08000253   Thumb Code     0  startup_stm32f411xe.o(.text)
    EXTI9_5_IRQHandler                       0x08000253   Thumb Code     0  startup_stm32f411xe.o(.text)
    FLASH_IRQHandler                         0x08000253   Thumb Code     0  startup_stm32f411xe.o(.text)
    FPU_IRQHandler                           0x08000253   Thumb Code     0  startup_stm32f411xe.o(.text)
    I2C1_ER_IRQHandler                       0x08000253   Thumb Code     0  startup_stm32f411xe.o(.text)
    I2C1_EV_IRQHandler                       0x08000253   Thumb Code     0  startup_stm32f411xe.o(.text)
    I2C2_ER_IRQHandler                       0x08000253   Thumb Code     0  startup_stm32f411xe.o(.text)
    I2C2_EV_IRQHandler                       0x08000253   Thumb Code     0  startup_stm32f411xe.o(.text)
    I2C3_ER_IRQHandler                       0x08000253   Thumb Code     0  startup_stm32f411xe.o(.text)
    I2C3_EV_IRQHandler                       0x08000253   Thumb Code     0  startup_stm32f411xe.o(.text)
    OTG_FS_IRQHandler                        0x08000253   Thumb Code     0  startup_stm32f411xe.o(.text)
    OTG_FS_WKUP_IRQHandler                   0x08000253   Thumb Code     0  startup_stm32f411xe.o(.text)
    PVD_IRQHandler                           0x08000253   Thumb Code     0  startup_stm32f411xe.o(.text)
    RCC_IRQHandler                           0x08000253   Thumb Code     0  startup_stm32f411xe.o(.text)
    RTC_Alarm_IRQHandler                     0x08000253   Thumb Code     0  startup_stm32f411xe.o(.text)
    RTC_WKUP_IRQHandler                      0x08000253   Thumb Code     0  startup_stm32f411xe.o(.text)
    SDIO_IRQHandler                          0x08000253   Thumb Code     0  startup_stm32f411xe.o(.text)
    SPI1_IRQHandler                          0x08000253   Thumb Code     0  startup_stm32f411xe.o(.text)
    SPI2_IRQHandler                          0x08000253   Thumb Code     0  startup_stm32f411xe.o(.text)
    SPI3_IRQHandler                          0x08000253   Thumb Code     0  startup_stm32f411xe.o(.text)
    SPI4_IRQHandler                          0x08000253   Thumb Code     0  startup_stm32f411xe.o(.text)
    SPI5_IRQHandler                          0x08000253   Thumb Code     0  startup_stm32f411xe.o(.text)
    TAMP_STAMP_IRQHandler                    0x08000253   Thumb Code     0  startup_stm32f411xe.o(.text)
    TIM1_BRK_TIM9_IRQHandler                 0x08000253   Thumb Code     0  startup_stm32f411xe.o(.text)
    TIM1_CC_IRQHandler                       0x08000253   Thumb Code     0  startup_stm32f411xe.o(.text)
    TIM1_TRG_COM_TIM11_IRQHandler            0x08000253   Thumb Code     0  startup_stm32f411xe.o(.text)
    TIM2_IRQHandler                          0x08000253   Thumb Code     0  startup_stm32f411xe.o(.text)
    TIM3_IRQHandler                          0x08000253   Thumb Code     0  startup_stm32f411xe.o(.text)
    TIM4_IRQHandler                          0x08000253   Thumb Code     0  startup_stm32f411xe.o(.text)
    TIM5_IRQHandler                          0x08000253   Thumb Code     0  startup_stm32f411xe.o(.text)
    USART2_IRQHandler                        0x08000253   Thumb Code     0  startup_stm32f411xe.o(.text)
    USART6_IRQHandler                        0x08000253   Thumb Code     0  startup_stm32f411xe.o(.text)
    WWDG_IRQHandler                          0x08000253   Thumb Code     0  startup_stm32f411xe.o(.text)
    __user_initial_stackheap                 0x08000255   Thumb Code     0  startup_stm32f411xe.o(.text)
    __aeabi_uldivmod                         0x08000279   Thumb Code     0  lludivv7m.o(.text)
    _ll_udiv                                 0x08000279   Thumb Code   240  lludivv7m.o(.text)
    __aeabi_memclr4                          0x08000369   Thumb Code     0  rt_memclr_w.o(.text)
    __aeabi_memclr8                          0x08000369   Thumb Code     0  rt_memclr_w.o(.text)
    __rt_memclr_w                            0x08000369   Thumb Code    78  rt_memclr_w.o(.text)
    _memset_w                                0x0800036d   Thumb Code     0  rt_memclr_w.o(.text)
    __use_two_region_memory                  0x080003b7   Thumb Code     2  heapauxi.o(.text)
    __rt_heap_escrow$2region                 0x080003b9   Thumb Code     2  heapauxi.o(.text)
    __rt_heap_expand$2region                 0x080003bb   Thumb Code     2  heapauxi.o(.text)
    __user_setup_stackheap                   0x080003bd   Thumb Code    74  sys_stackheap_outer.o(.text)
    exit                                     0x08000407   Thumb Code    18  exit.o(.text)
    __user_libspace                          0x08000419   Thumb Code     8  libspace.o(.text)
    __user_perproc_libspace                  0x08000419   Thumb Code     0  libspace.o(.text)
    __user_perthread_libspace                0x08000419   Thumb Code     0  libspace.o(.text)
    _sys_exit                                0x08000421   Thumb Code     8  sys_exit.o(.text)
    __I$use$semihosting                      0x0800042d   Thumb Code     0  use_no_semi.o(.text)
    __use_no_semihosting_swi                 0x0800042d   Thumb Code     2  use_no_semi.o(.text)
    __semihosting_library_function           0x0800042f   Thumb Code     0  indicate_semi.o(.text)
    BusFault_Handler                         0x08000431   Thumb Code     2  stm32f4xx_it.o(.text.BusFault_Handler)
    DMA2_Stream0_IRQHandler                  0x08000435   Thumb Code     2  stm32f4xx_it.o(.text.DMA2_Stream0_IRQHandler)
    DMA2_Stream2_IRQHandler                  0x08000439   Thumb Code     2  stm32f4xx_it.o(.text.DMA2_Stream2_IRQHandler)
    DMA2_Stream5_IRQHandler                  0x0800043d   Thumb Code     2  stm32f4xx_it.o(.text.DMA2_Stream5_IRQHandler)
    DMA2_Stream7_IRQHandler                  0x08000441   Thumb Code     2  stm32f4xx_it.o(.text.DMA2_Stream7_IRQHandler)
    DebugMon_Handler                         0x08000445   Thumb Code     2  stm32f4xx_it.o(.text.DebugMon_Handler)
    Error_Handler                            0x08000449   Thumb Code    10  main.o(.text.Error_Handler)
    Get_SystemTimer                          0x08000455   Thumb Code    28  bsp_timer.o(.text.Get_SystemTimer)
    HAL_Delay                                0x08000471   Thumb Code    40  stm32f4xx_hal.o(.text.HAL_Delay)
    HAL_GPIO_Init                            0x08000499   Thumb Code   410  stm32f4xx_hal_gpio.o(.text.HAL_GPIO_Init)
    HAL_GPIO_ReadPin                         0x08000635   Thumb Code    10  stm32f4xx_hal_gpio.o(.text.HAL_GPIO_ReadPin)
    HAL_GPIO_WritePin                        0x08000641   Thumb Code    10  stm32f4xx_hal_gpio.o(.text.HAL_GPIO_WritePin)
    HAL_GetTick                              0x0800064d   Thumb Code    12  stm32f4xx_hal.o(.text.HAL_GetTick)
    HAL_IncTick                              0x08000659   Thumb Code    26  stm32f4xx_hal.o(.text.HAL_IncTick)
    HAL_Init                                 0x08000675   Thumb Code    54  stm32f4xx_hal.o(.text.HAL_Init)
    HAL_InitTick                             0x080006ad   Thumb Code    80  stm32f4xx_hal.o(.text.HAL_InitTick)
    HAL_MspInit                              0x080006fd   Thumb Code    56  stm32f4xx_hal_msp.o(.text.HAL_MspInit)
    HAL_NVIC_SetPriority                     0x08000735   Thumb Code    30  stm32f4xx_hal_cortex.o(.text.HAL_NVIC_SetPriority)
    HAL_NVIC_SetPriorityGrouping             0x08000755   Thumb Code     8  stm32f4xx_hal_cortex.o(.text.HAL_NVIC_SetPriorityGrouping)
    HAL_RCC_ClockConfig                      0x0800075d   Thumb Code   352  stm32f4xx_hal_rcc.o(.text.HAL_RCC_ClockConfig)
    HAL_RCC_GetSysClockFreq                  0x080008bd   Thumb Code   104  stm32f4xx_hal_rcc.o(.text.HAL_RCC_GetSysClockFreq)
    HAL_RCC_OscConfig                        0x08000925   Thumb Code   836  stm32f4xx_hal_rcc.o(.text.HAL_RCC_OscConfig)
    HAL_SYSTICK_Config                       0x08000c69   Thumb Code     8  stm32f4xx_hal_cortex.o(.text.HAL_SYSTICK_Config)
    HardFault_Handler                        0x08000c71   Thumb Code     2  stm32f4xx_it.o(.text.HardFault_Handler)
    LCD_Address_Set                          0x08000c75   Thumb Code    66  drv_lcd_init.o(.text.LCD_Address_Set)
    LCD_DrawPoint                            0x08000cb9   Thumb Code    20  drv_lcd.o(.text.LCD_DrawPoint)
    LCD_Fill                                 0x08000ccd   Thumb Code   136  drv_lcd.o(.text.LCD_Fill)
    LCD_ShowChar                             0x08000d55   Thumb Code   338  drv_lcd.o(.text.LCD_ShowChar)
    LCD_ShowString                           0x08000ea9   Thumb Code    70  drv_lcd.o(.text.LCD_ShowString)
    LCD_WR_DATA                              0x08000ef1   Thumb Code    34  drv_lcd_init.o(.text.LCD_WR_DATA)
    LCD_WR_DATA8                             0x08000f15   Thumb Code    28  drv_lcd_init.o(.text.LCD_WR_DATA8)
    LCD_WR_REG                               0x08000f31   Thumb Code    28  drv_lcd_init.o(.text.LCD_WR_REG)
    LCD_Wri_Bus                              0x08000f4d   Thumb Code    20  drv_lcd_init.o(.text.LCD_Wri_Bus)
    LL_ADC_CommonInit                        0x08000f61   Thumb Code    38  stm32f4xx_ll_adc.o(.text.LL_ADC_CommonInit)
    LL_ADC_Init                              0x08000f9d   Thumb Code    54  stm32f4xx_ll_adc.o(.text.LL_ADC_Init)
    LL_ADC_REG_Init                          0x08000fdd   Thumb Code    76  stm32f4xx_ll_adc.o(.text.LL_ADC_REG_Init)
    LL_GPIO_Init                             0x08001339   Thumb Code   136  stm32f4xx_ll_gpio.o(.text.LL_GPIO_Init)
    LL_RCC_GetSystemClocksFreq               0x080014b1   Thumb Code    34  stm32f4xx_ll_rcc.o(.text.LL_RCC_GetSystemClocksFreq)
    LL_SPI_Init                              0x0800155d   Thumb Code   118  stm32f4xx_ll_spi.o(.text.LL_SPI_Init)
    LL_TIM_Init                              0x08001661   Thumb Code   220  stm32f4xx_ll_tim.o(.text.LL_TIM_Init)
    LL_USART_Init                            0x08001791   Thumb Code   146  stm32f4xx_ll_usart.o(.text.LL_USART_Init)
    MemManage_Handler                        0x08001e41   Thumb Code     2  stm32f4xx_it.o(.text.MemManage_Handler)
    NMI_Handler                              0x08001e45   Thumb Code     2  stm32f4xx_it.o(.text.NMI_Handler)
    NRF24L01_Check                           0x08001e49   Thumb Code    70  drv_24l01.o(.text.NRF24L01_Check)
    NRF24L01_Read_Buf                        0x08001e91   Thumb Code    88  drv_24l01.o(.text.NRF24L01_Read_Buf)
    NRF24L01_Read_Reg                        0x08001ee9   Thumb Code    62  drv_24l01.o(.text.NRF24L01_Read_Reg)
    NRF24L01_TX_Mode                         0x08001f29   Thumb Code   114  drv_24l01.o(.text.NRF24L01_TX_Mode)
    NRF24L01_TxPacket                        0x08001f9d   Thumb Code    78  drv_24l01.o(.text.NRF24L01_TxPacket)
    NRF24L01_Write_Buf                       0x08001fed   Thumb Code    86  drv_24l01.o(.text.NRF24L01_Write_Buf)
    NRF24L01_Write_Reg                       0x08002045   Thumb Code    68  drv_24l01.o(.text.NRF24L01_Write_Reg)
    PendSV_Handler                           0x080020b9   Thumb Code     2  stm32f4xx_it.o(.text.PendSV_Handler)
    RCC_GetHCLKClockFreq                     0x080020bd   Thumb Code    28  stm32f4xx_ll_rcc.o(.text.RCC_GetHCLKClockFreq)
    RCC_GetPCLK1ClockFreq                    0x080020d9   Thumb Code    26  stm32f4xx_ll_rcc.o(.text.RCC_GetPCLK1ClockFreq)
    RCC_GetPCLK2ClockFreq                    0x080020f5   Thumb Code    26  stm32f4xx_ll_rcc.o(.text.RCC_GetPCLK2ClockFreq)
    RCC_GetSystemClockFreq                   0x08002111   Thumb Code    40  stm32f4xx_ll_rcc.o(.text.RCC_GetSystemClockFreq)
    RCC_PLL_GetFreqDomain_SYS                0x08002139   Thumb Code    82  stm32f4xx_ll_rcc.o(.text.RCC_PLL_GetFreqDomain_SYS)
    SPI_ReadWrite_16Byte                     0x0800218d   Thumb Code    52  bsp_spi.o(.text.SPI_ReadWrite_16Byte)
    SPI_ReadWrite_8Byte                      0x080021c1   Thumb Code    50  bsp_spi.o(.text.SPI_ReadWrite_8Byte)
    SPI_Send_8Byte                           0x080021f5   Thumb Code    28  bsp_spi.o(.text.SPI_Send_8Byte)
    SPI_SetSpeed                             0x08002211   Thumb Code    36  bsp_spi.o(.text.SPI_SetSpeed)
    SVC_Handler                              0x08002235   Thumb Code     2  stm32f4xx_it.o(.text.SVC_Handler)
    SysTick_Handler                          0x08002269   Thumb Code     8  stm32f4xx_it.o(.text.SysTick_Handler)
    SystemClock_Config                       0x08002271   Thumb Code   160  main.o(.text.SystemClock_Config)
    SystemInit                               0x08002311   Thumb Code    18  system_stm32f4xx.o(.text.SystemInit)
    System_Init                              0x08002325   Thumb Code   192  system_start.o(.text.System_Init)
    System_Loop                              0x080023e5   Thumb Code   108  system_start.o(.text.System_Loop)
    TIM1_UP_TIM10_IRQHandler                 0x08002451   Thumb Code     8  stm32f4xx_it.o(.text.TIM1_UP_TIM10_IRQHandler)
    USART1_IRQHandler                        0x08002459   Thumb Code     2  stm32f4xx_it.o(.text.USART1_IRQHandler)
    Update_SystemTick                        0x0800245d   Thumb Code    32  bsp_timer.o(.text.Update_SystemTick)
    UsageFault_Handler                       0x0800247d   Thumb Code     2  stm32f4xx_it.o(.text.UsageFault_Handler)
    W25QXX_ReadID                            0x08002481   Thumb Code   120  drv_w25qx.o(.text.W25QXX_ReadID)
    W25QXX_ReadSR                            0x080024f9   Thumb Code   102  drv_w25qx.o(.text.W25QXX_ReadSR)
    bsp_Timer_Init                           0x080025f5   Thumb Code    26  bsp_timer.o(.text.bsp_Timer_Init)
    bsp_adc_Init                             0x08002611   Thumb Code    40  bsp_adc.o(.text.bsp_adc_Init)
    delay_ms_nos                             0x08002639   Thumb Code    46  bsp_timer.o(.text.delay_ms_nos)
    drv_24l01_Init                           0x08002669   Thumb Code    48  drv_24l01.o(.text.drv_24l01_Init)
    drv_LCD_Init                             0x08002699   Thumb Code   580  drv_lcd_init.o(.text.drv_LCD_Init)
    drv_W25Qx_Init                           0x080028dd   Thumb Code   118  drv_w25qx.o(.text.drv_W25Qx_Init)
    drv_joystick_Init                        0x08002955   Thumb Code    18  drv_joystick.o(.text.drv_joystick_Init)
    int16_buffer                             0x08002969   Thumb Code    40  drv_joystick.o(.text.int16_buffer)
    int_map                                  0x08002991   Thumb Code    72  drv_joystick.o(.text.int_map)
    joystick_DatePrcess                      0x080029d9   Thumb Code   340  drv_joystick.o(.text.joystick_DatePrcess)
    main                                     0x08002b2d   Thumb Code    46  main.o(.text.main)
    _fp_init                                 0x08002b5b   Thumb Code    26  fpinit.o(x$fpl$fpinit)
    __fplib_config_fpu_vfp                   0x08002b73   Thumb Code     0  fpinit.o(x$fpl$fpinit)
    __fplib_config_pureend_doubles           0x08002b73   Thumb Code     0  fpinit.o(x$fpl$fpinit)
    AHBPrescTable                            0x08002b74   Data          16  system_stm32f4xx.o(.rodata.AHBPrescTable)
    APBPrescTable                            0x08002b84   Data           8  system_stm32f4xx.o(.rodata.APBPrescTable)
    RX_ADDRESS                               0x08002b8c   Data           5  drv_24l01.o(.rodata.RX_ADDRESS)
    TX_ADDRESS                               0x08002b91   Data           5  drv_24l01.o(.rodata.TX_ADDRESS)
    ascii_1206                               0x08002b96   Data        1140  drv_lcd.o(.rodata.ascii_1206)
    ascii_1608                               0x0800300a   Data        1520  drv_lcd.o(.rodata.ascii_1608)
    ascii_2412                               0x080035fa   Data        4560  drv_lcd.o(.rodata.ascii_2412)
    ascii_3216                               0x080047ca   Data        6080  drv_lcd.o(.rodata.ascii_3216)
    Region$$Table$$Base                      0x08005fa8   Number         0  anon$$obj.o(Region$$Table)
    Region$$Table$$Limit                     0x08005fc8   Number         0  anon$$obj.o(Region$$Table)
    SystemCoreClock                          0x20000000   Data           4  system_stm32f4xx.o(.data.SystemCoreClock)
    W25QXX_TYPE                              0x20000004   Data           2  drv_w25qx.o(.data.W25QXX_TYPE)
    uwTickFreq                               0x20000006   Data           1  stm32f4xx_hal.o(.data.uwTickFreq)
    uwTickPrio                               0x20000008   Data           4  stm32f4xx_hal.o(.data.uwTickPrio)
    __libspace_start                         0x20000010   Data          96  libspace.o(.bss)
    Buff                                     0x20000070   Data         256  drv_lcd_init.o(.bss.Buff)
    __temporary_stack_top$libspace           0x20000070   Data           0  libspace.o(.bss)
    LCDCnt                                   0x20000170   Data           4  system_start.o(.bss.LCDCnt)
    SystemTimerCnt                           0x20000174   Data           4  bsp_timer.o(.bss.SystemTimerCnt)
    Temp                                     0x20000178   Data           4  drv_joystick.o(.bss.Temp)
    Tx_buf                                   0x2000017c   Data           1  system_start.o(.bss.Tx_buf)
    joystick                                 0x20000180   Data           8  drv_joystick.o(.bss.joystick)
    uwTick                                   0x20000188   Data           4  stm32f4xx_hal.o(.bss.uwTick)



==============================================================================

Memory Map of the image

  Image Entry point : 0x08000199

  Load Region LR_IROM1 (Base: 0x08000000, Size: 0x00005fd8, Max: 0x00080000, ABSOLUTE)

    Execution Region ER_IROM1 (Exec base: 0x08000000, Load base: 0x08000000, Size: 0x00005fc8, Max: 0x00080000, ABSOLUTE)

    Exec Addr    Load Addr    Size         Type   Attr      Idx    E Section Name        Object

    0x08000000   0x08000000   0x00000198   Data   RO            3    RESET               startup_stm32f411xe.o
    0x08000198   0x08000198   0x00000008   Code   RO         1397  * !!!main             c_w.l(__main.o)
    0x080001a0   0x080001a0   0x00000034   Code   RO         1570    !!!scatter          c_w.l(__scatter.o)
    0x080001d4   0x080001d4   0x0000001a   Code   RO         1572    !!handler_copy      c_w.l(__scatter_copy.o)
    0x080001ee   0x080001ee   0x00000002   PAD
    0x080001f0   0x080001f0   0x0000001c   Code   RO         1574    !!handler_zi        c_w.l(__scatter_zi.o)
    0x0800020c   0x0800020c   0x00000002   Code   RO         1434    .ARM.Collect$$libinit$$00000000  c_w.l(libinit.o)
    0x0800020e   0x0800020e   0x00000004   Code   RO         1446    .ARM.Collect$$libinit$$00000001  c_w.l(libinit2.o)
    0x08000212   0x08000212   0x00000000   Code   RO         1449    .ARM.Collect$$libinit$$00000004  c_w.l(libinit2.o)
    0x08000212   0x08000212   0x00000000   Code   RO         1452    .ARM.Collect$$libinit$$0000000A  c_w.l(libinit2.o)
    0x08000212   0x08000212   0x00000000   Code   RO         1454    .ARM.Collect$$libinit$$0000000C  c_w.l(libinit2.o)
    0x08000212   0x08000212   0x00000000   Code   RO         1456    .ARM.Collect$$libinit$$0000000E  c_w.l(libinit2.o)
    0x08000212   0x08000212   0x00000000   Code   RO         1459    .ARM.Collect$$libinit$$00000011  c_w.l(libinit2.o)
    0x08000212   0x08000212   0x00000000   Code   RO         1461    .ARM.Collect$$libinit$$00000013  c_w.l(libinit2.o)
    0x08000212   0x08000212   0x00000000   Code   RO         1463    .ARM.Collect$$libinit$$00000015  c_w.l(libinit2.o)
    0x08000212   0x08000212   0x00000000   Code   RO         1465    .ARM.Collect$$libinit$$00000017  c_w.l(libinit2.o)
    0x08000212   0x08000212   0x00000000   Code   RO         1467    .ARM.Collect$$libinit$$00000019  c_w.l(libinit2.o)
    0x08000212   0x08000212   0x00000000   Code   RO         1469    .ARM.Collect$$libinit$$0000001B  c_w.l(libinit2.o)
    0x08000212   0x08000212   0x00000000   Code   RO         1471    .ARM.Collect$$libinit$$0000001D  c_w.l(libinit2.o)
    0x08000212   0x08000212   0x00000000   Code   RO         1473    .ARM.Collect$$libinit$$0000001F  c_w.l(libinit2.o)
    0x08000212   0x08000212   0x00000000   Code   RO         1475    .ARM.Collect$$libinit$$00000021  c_w.l(libinit2.o)
    0x08000212   0x08000212   0x00000000   Code   RO         1477    .ARM.Collect$$libinit$$00000023  c_w.l(libinit2.o)
    0x08000212   0x08000212   0x00000000   Code   RO         1479    .ARM.Collect$$libinit$$00000025  c_w.l(libinit2.o)
    0x08000212   0x08000212   0x00000000   Code   RO         1483    .ARM.Collect$$libinit$$0000002C  c_w.l(libinit2.o)
    0x08000212   0x08000212   0x00000000   Code   RO         1485    .ARM.Collect$$libinit$$0000002E  c_w.l(libinit2.o)
    0x08000212   0x08000212   0x00000000   Code   RO         1487    .ARM.Collect$$libinit$$00000030  c_w.l(libinit2.o)
    0x08000212   0x08000212   0x00000000   Code   RO         1489    .ARM.Collect$$libinit$$00000032  c_w.l(libinit2.o)
    0x08000212   0x08000212   0x00000002   Code   RO         1490    .ARM.Collect$$libinit$$00000033  c_w.l(libinit2.o)
    0x08000214   0x08000214   0x00000002   Code   RO         1525    .ARM.Collect$$libshutdown$$00000000  c_w.l(libshutdown.o)
    0x08000216   0x08000216   0x00000000   Code   RO         1553    .ARM.Collect$$libshutdown$$00000002  c_w.l(libshutdown2.o)
    0x08000216   0x08000216   0x00000000   Code   RO         1555    .ARM.Collect$$libshutdown$$00000004  c_w.l(libshutdown2.o)
    0x08000216   0x08000216   0x00000000   Code   RO         1558    .ARM.Collect$$libshutdown$$00000007  c_w.l(libshutdown2.o)
    0x08000216   0x08000216   0x00000000   Code   RO         1561    .ARM.Collect$$libshutdown$$0000000A  c_w.l(libshutdown2.o)
    0x08000216   0x08000216   0x00000000   Code   RO         1563    .ARM.Collect$$libshutdown$$0000000C  c_w.l(libshutdown2.o)
    0x08000216   0x08000216   0x00000000   Code   RO         1566    .ARM.Collect$$libshutdown$$0000000F  c_w.l(libshutdown2.o)
    0x08000216   0x08000216   0x00000002   Code   RO         1567    .ARM.Collect$$libshutdown$$00000010  c_w.l(libshutdown2.o)
    0x08000218   0x08000218   0x00000000   Code   RO         1399    .ARM.Collect$$rtentry$$00000000  c_w.l(__rtentry.o)
    0x08000218   0x08000218   0x00000000   Code   RO         1405    .ARM.Collect$$rtentry$$00000002  c_w.l(__rtentry2.o)
    0x08000218   0x08000218   0x00000006   Code   RO         1417    .ARM.Collect$$rtentry$$00000004  c_w.l(__rtentry4.o)
    0x0800021e   0x0800021e   0x00000000   Code   RO         1407    .ARM.Collect$$rtentry$$00000009  c_w.l(__rtentry2.o)
    0x0800021e   0x0800021e   0x00000004   Code   RO         1408    .ARM.Collect$$rtentry$$0000000A  c_w.l(__rtentry2.o)
    0x08000222   0x08000222   0x00000000   Code   RO         1410    .ARM.Collect$$rtentry$$0000000C  c_w.l(__rtentry2.o)
    0x08000222   0x08000222   0x00000008   Code   RO         1411    .ARM.Collect$$rtentry$$0000000D  c_w.l(__rtentry2.o)
    0x0800022a   0x0800022a   0x00000002   Code   RO         1438    .ARM.Collect$$rtexit$$00000000  c_w.l(rtexit.o)
    0x0800022c   0x0800022c   0x00000000   Code   RO         1496    .ARM.Collect$$rtexit$$00000002  c_w.l(rtexit2.o)
    0x0800022c   0x0800022c   0x00000004   Code   RO         1497    .ARM.Collect$$rtexit$$00000003  c_w.l(rtexit2.o)
    0x08000230   0x08000230   0x00000006   Code   RO         1498    .ARM.Collect$$rtexit$$00000004  c_w.l(rtexit2.o)
    0x08000236   0x08000236   0x00000002   PAD
    0x08000238   0x08000238   0x00000040   Code   RO            4    .text               startup_stm32f411xe.o
    0x08000278   0x08000278   0x000000f0   Code   RO         1389    .text               c_w.l(lludivv7m.o)
    0x08000368   0x08000368   0x0000004e   Code   RO         1391    .text               c_w.l(rt_memclr_w.o)
    0x080003b6   0x080003b6   0x00000006   Code   RO         1395    .text               c_w.l(heapauxi.o)
    0x080003bc   0x080003bc   0x0000004a   Code   RO         1421    .text               c_w.l(sys_stackheap_outer.o)
    0x08000406   0x08000406   0x00000012   Code   RO         1423    .text               c_w.l(exit.o)
    0x08000418   0x08000418   0x00000008   Code   RO         1435    .text               c_w.l(libspace.o)
    0x08000420   0x08000420   0x0000000c   Code   RO         1491    .text               c_w.l(sys_exit.o)
    0x0800042c   0x0800042c   0x00000002   Code   RO         1514    .text               c_w.l(use_no_semi.o)
    0x0800042e   0x0800042e   0x00000000   Code   RO         1516    .text               c_w.l(indicate_semi.o)
    0x0800042e   0x0800042e   0x00000002   PAD
    0x08000430   0x08000430   0x00000002   Code   RO           93    .text.BusFault_Handler  stm32f4xx_it.o
    0x08000432   0x08000432   0x00000002   PAD
    0x08000434   0x08000434   0x00000002   Code   RO          109    .text.DMA2_Stream0_IRQHandler  stm32f4xx_it.o
    0x08000436   0x08000436   0x00000002   PAD
    0x08000438   0x08000438   0x00000002   Code   RO          111    .text.DMA2_Stream2_IRQHandler  stm32f4xx_it.o
    0x0800043a   0x0800043a   0x00000002   PAD
    0x0800043c   0x0800043c   0x00000002   Code   RO          113    .text.DMA2_Stream5_IRQHandler  stm32f4xx_it.o
    0x0800043e   0x0800043e   0x00000002   PAD
    0x08000440   0x08000440   0x00000002   Code   RO          115    .text.DMA2_Stream7_IRQHandler  stm32f4xx_it.o
    0x08000442   0x08000442   0x00000002   PAD
    0x08000444   0x08000444   0x00000002   Code   RO           99    .text.DebugMon_Handler  stm32f4xx_it.o
    0x08000446   0x08000446   0x00000002   PAD
    0x08000448   0x08000448   0x0000000a   Code   RO           29    .text.Error_Handler  main.o
    0x08000452   0x08000452   0x00000002   PAD
    0x08000454   0x08000454   0x0000001c   Code   RO         1140    .text.Get_SystemTimer  bsp_timer.o
    0x08000470   0x08000470   0x00000028   Code   RO          653    .text.HAL_Delay     stm32f4xx_hal.o
    0x08000498   0x08000498   0x0000019a   Code   RO          413    .text.HAL_GPIO_Init  stm32f4xx_hal_gpio.o
    0x08000632   0x08000632   0x00000002   PAD
    0x08000634   0x08000634   0x0000000a   Code   RO          417    .text.HAL_GPIO_ReadPin  stm32f4xx_hal_gpio.o
    0x0800063e   0x0800063e   0x00000002   PAD
    0x08000640   0x08000640   0x0000000a   Code   RO          419    .text.HAL_GPIO_WritePin  stm32f4xx_hal_gpio.o
    0x0800064a   0x0800064a   0x00000002   PAD
    0x0800064c   0x0800064c   0x0000000c   Code   RO          645    .text.HAL_GetTick   stm32f4xx_hal.o
    0x08000658   0x08000658   0x0000001a   Code   RO          643    .text.HAL_IncTick   stm32f4xx_hal.o
    0x08000672   0x08000672   0x00000002   PAD
    0x08000674   0x08000674   0x00000036   Code   RO          633    .text.HAL_Init      stm32f4xx_hal.o
    0x080006aa   0x080006aa   0x00000002   PAD
    0x080006ac   0x080006ac   0x00000050   Code   RO          635    .text.HAL_InitTick  stm32f4xx_hal.o
    0x080006fc   0x080006fc   0x00000038   Code   RO          124    .text.HAL_MspInit   stm32f4xx_hal_msp.o
    0x08000734   0x08000734   0x0000001e   Code   RO          565    .text.HAL_NVIC_SetPriority  stm32f4xx_hal_cortex.o
    0x08000752   0x08000752   0x00000002   PAD
    0x08000754   0x08000754   0x00000008   Code   RO          561    .text.HAL_NVIC_SetPriorityGrouping  stm32f4xx_hal_cortex.o
    0x0800075c   0x0800075c   0x00000160   Code   RO          249    .text.HAL_RCC_ClockConfig  stm32f4xx_hal_rcc.o
    0x080008bc   0x080008bc   0x00000068   Code   RO          251    .text.HAL_RCC_GetSysClockFreq  stm32f4xx_hal_rcc.o
    0x08000924   0x08000924   0x00000344   Code   RO          247    .text.HAL_RCC_OscConfig  stm32f4xx_hal_rcc.o
    0x08000c68   0x08000c68   0x00000008   Code   RO          585    .text.HAL_SYSTICK_Config  stm32f4xx_hal_cortex.o
    0x08000c70   0x08000c70   0x00000002   Code   RO           89    .text.HardFault_Handler  stm32f4xx_it.o
    0x08000c72   0x08000c72   0x00000002   PAD
    0x08000c74   0x08000c74   0x00000042   Code   RO         1276    .text.LCD_Address_Set  drv_lcd_init.o
    0x08000cb6   0x08000cb6   0x00000002   PAD
    0x08000cb8   0x08000cb8   0x00000014   Code   RO         1222    .text.LCD_DrawPoint  drv_lcd.o
    0x08000ccc   0x08000ccc   0x00000088   Code   RO         1210    .text.LCD_Fill      drv_lcd.o
    0x08000d54   0x08000d54   0x00000152   Code   RO         1240    .text.LCD_ShowChar  drv_lcd.o
    0x08000ea6   0x08000ea6   0x00000002   PAD
    0x08000ea8   0x08000ea8   0x00000046   Code   RO         1242    .text.LCD_ShowString  drv_lcd.o
    0x08000eee   0x08000eee   0x00000002   PAD
    0x08000ef0   0x08000ef0   0x00000022   Code   RO         1272    .text.LCD_WR_DATA   drv_lcd_init.o
    0x08000f12   0x08000f12   0x00000002   PAD
    0x08000f14   0x08000f14   0x0000001c   Code   RO         1270    .text.LCD_WR_DATA8  drv_lcd_init.o
    0x08000f30   0x08000f30   0x0000001c   Code   RO         1274    .text.LCD_WR_REG    drv_lcd_init.o
    0x08000f4c   0x08000f4c   0x00000014   Code   RO         1268    .text.LCD_Wri_Bus   drv_lcd_init.o
    0x08000f60   0x08000f60   0x00000026   Code   RO          138    .text.LL_ADC_CommonInit  stm32f4xx_ll_adc.o
    0x08000f86   0x08000f86   0x00000002   PAD
    0x08000f88   0x08000f88   0x00000012   Code   RO         1067    .text.LL_ADC_Enable  bsp_adc.o
    0x08000f9a   0x08000f9a   0x00000002   PAD
    0x08000f9c   0x08000f9c   0x00000036   Code   RO          154    .text.LL_ADC_Init   stm32f4xx_ll_adc.o
    0x08000fd2   0x08000fd2   0x00000002   PAD
    0x08000fd4   0x08000fd4   0x00000008   Code   RO          140    .text.LL_ADC_IsEnabled  stm32f4xx_ll_adc.o
    0x08000fdc   0x08000fdc   0x0000004c   Code   RO          158    .text.LL_ADC_REG_Init  stm32f4xx_ll_adc.o
    0x08001028   0x08001028   0x00000012   Code   RO         1071    .text.LL_ADC_REG_SetDMATransfer  bsp_adc.o
    0x0800103a   0x0800103a   0x00000002   PAD
    0x0800103c   0x0800103c   0x00000012   Code   RO           53    .text.LL_ADC_REG_SetFlagEndOfConversion  main.o
    0x0800104e   0x0800104e   0x00000002   PAD
    0x08001050   0x08001050   0x0000000c   Code   RO          160    .text.LL_ADC_REG_SetSequencerLength  stm32f4xx_ll_adc.o
    0x0800105c   0x0800105c   0x0000002e   Code   RO           55    .text.LL_ADC_REG_SetSequencerRanks  main.o
    0x0800108a   0x0800108a   0x00000002   PAD
    0x0800108c   0x0800108c   0x00000012   Code   RO         1069    .text.LL_ADC_REG_StartConversionSWStart  bsp_adc.o
    0x0800109e   0x0800109e   0x00000002   PAD
    0x080010a0   0x080010a0   0x00000024   Code   RO           57    .text.LL_ADC_SetChannelSamplingTime  main.o
    0x080010c4   0x080010c4   0x0000000c   Code   RO          142    .text.LL_ADC_SetCommonClock  stm32f4xx_ll_adc.o
    0x080010d0   0x080010d0   0x0000001c   Code   RO           33    .text.LL_AHB1_GRP1_EnableClock  main.o
    0x080010ec   0x080010ec   0x00000020   Code   RO           61    .text.LL_APB1_GRP1_EnableClock  main.o
    0x0800110c   0x0800110c   0x0000001c   Code   RO           31    .text.LL_APB2_GRP1_EnableClock  main.o
    0x08001128   0x08001128   0x00000010   Code   RO         1218    .text.LL_DMA_ClearFlag_TC5  drv_lcd.o
    0x08001138   0x08001138   0x0000001c   Code   RO           51    .text.LL_DMA_DisableFifoMode  main.o
    0x08001154   0x08001154   0x00000012   Code   RO         1063    .text.LL_DMA_DisableStream  bsp_adc.o
    0x08001166   0x08001166   0x00000002   PAD
    0x08001168   0x08001168   0x00000012   Code   RO         1220    .text.LL_DMA_DisableStream  drv_lcd.o
    0x0800117a   0x0800117a   0x00000002   PAD
    0x0800117c   0x0800117c   0x00000012   Code   RO         1286    .text.LL_DMA_DisableStream  drv_lcd_init.o
    0x0800118e   0x0800118e   0x00000002   PAD
    0x08001190   0x08001190   0x00000012   Code   RO         1065    .text.LL_DMA_EnableStream  bsp_adc.o
    0x080011a2   0x080011a2   0x00000002   PAD
    0x080011a4   0x080011a4   0x00000012   Code   RO         1214    .text.LL_DMA_EnableStream  drv_lcd.o
    0x080011b6   0x080011b6   0x00000002   PAD
    0x080011b8   0x080011b8   0x00000010   Code   RO         1216    .text.LL_DMA_IsActiveFlag_TC5  drv_lcd.o
    0x080011c8   0x080011c8   0x0000001e   Code   RO           35    .text.LL_DMA_SetChannelSelection  main.o
    0x080011e6   0x080011e6   0x00000002   PAD
    0x080011e8   0x080011e8   0x00000016   Code   RO         1061    .text.LL_DMA_SetDataLength  bsp_adc.o
    0x080011fe   0x080011fe   0x00000002   PAD
    0x08001200   0x08001200   0x00000016   Code   RO         1212    .text.LL_DMA_SetDataLength  drv_lcd.o
    0x08001216   0x08001216   0x00000002   PAD
    0x08001218   0x08001218   0x0000001e   Code   RO           37    .text.LL_DMA_SetDataTransferDirection  main.o
    0x08001236   0x08001236   0x00000002   PAD
    0x08001238   0x08001238   0x0000000c   Code   RO         1057    .text.LL_DMA_SetMemoryAddress  bsp_adc.o
    0x08001244   0x08001244   0x00000014   Code   RO         1282    .text.LL_DMA_SetMemoryAddress  drv_lcd_init.o
    0x08001258   0x08001258   0x0000001c   Code   RO           45    .text.LL_DMA_SetMemoryIncMode  main.o
    0x08001274   0x08001274   0x0000001e   Code   RO           49    .text.LL_DMA_SetMemorySize  main.o
    0x08001292   0x08001292   0x00000002   PAD
    0x08001294   0x08001294   0x0000001e   Code   RO           41    .text.LL_DMA_SetMode  main.o
    0x080012b2   0x080012b2   0x00000002   PAD
    0x080012b4   0x080012b4   0x00000014   Code   RO         1059    .text.LL_DMA_SetPeriphAddress  bsp_adc.o
    0x080012c8   0x080012c8   0x00000014   Code   RO         1280    .text.LL_DMA_SetPeriphAddress  drv_lcd_init.o
    0x080012dc   0x080012dc   0x0000001c   Code   RO           43    .text.LL_DMA_SetPeriphIncMode  main.o
    0x080012f8   0x080012f8   0x0000001e   Code   RO           47    .text.LL_DMA_SetPeriphSize  main.o
    0x08001316   0x08001316   0x00000002   PAD
    0x08001318   0x08001318   0x0000001e   Code   RO           39    .text.LL_DMA_SetStreamPriorityLevel  main.o
    0x08001336   0x08001336   0x00000002   PAD
    0x08001338   0x08001338   0x00000088   Code   RO          184    .text.LL_GPIO_Init  stm32f4xx_ll_gpio.o
    0x080013c0   0x080013c0   0x00000020   Code   RO          192    .text.LL_GPIO_SetAFPin_0_7  stm32f4xx_ll_gpio.o
    0x080013e0   0x080013e0   0x00000022   Code   RO          194    .text.LL_GPIO_SetAFPin_8_15  stm32f4xx_ll_gpio.o
    0x08001402   0x08001402   0x00000002   PAD
    0x08001404   0x08001404   0x00000020   Code   RO          196    .text.LL_GPIO_SetPinMode  stm32f4xx_ll_gpio.o
    0x08001424   0x08001424   0x0000000c   Code   RO          188    .text.LL_GPIO_SetPinOutputType  stm32f4xx_ll_gpio.o
    0x08001430   0x08001430   0x00000020   Code   RO          190    .text.LL_GPIO_SetPinPull  stm32f4xx_ll_gpio.o
    0x08001450   0x08001450   0x00000020   Code   RO          186    .text.LL_GPIO_SetPinSpeed  stm32f4xx_ll_gpio.o
    0x08001470   0x08001470   0x00000010   Code   RO          762    .text.LL_RCC_GetAHBPrescaler  stm32f4xx_ll_rcc.o
    0x08001480   0x08001480   0x00000010   Code   RO          764    .text.LL_RCC_GetAPB1Prescaler  stm32f4xx_ll_rcc.o
    0x08001490   0x08001490   0x00000010   Code   RO          766    .text.LL_RCC_GetAPB2Prescaler  stm32f4xx_ll_rcc.o
    0x080014a0   0x080014a0   0x00000010   Code   RO          758    .text.LL_RCC_GetSysClkSource  stm32f4xx_ll_rcc.o
    0x080014b0   0x080014b0   0x00000022   Code   RO          734    .text.LL_RCC_GetSystemClocksFreq  stm32f4xx_ll_rcc.o
    0x080014d2   0x080014d2   0x00000002   PAD
    0x080014d4   0x080014d4   0x00000010   Code   RO          770    .text.LL_RCC_PLL_GetDivider  stm32f4xx_ll_rcc.o
    0x080014e4   0x080014e4   0x00000010   Code   RO          768    .text.LL_RCC_PLL_GetMainSource  stm32f4xx_ll_rcc.o
    0x080014f4   0x080014f4   0x00000010   Code   RO          772    .text.LL_RCC_PLL_GetN  stm32f4xx_ll_rcc.o
    0x08001504   0x08001504   0x00000010   Code   RO          774    .text.LL_RCC_PLL_GetP  stm32f4xx_ll_rcc.o
    0x08001514   0x08001514   0x0000000a   Code   RO         1091    .text.LL_SPI_Enable  bsp_spi.o
    0x0800151e   0x0800151e   0x00000002   PAD
    0x08001520   0x08001520   0x00000012   Code   RO         1162    .text.LL_SPI_Enable  drv_24l01.o
    0x08001532   0x08001532   0x00000002   PAD
    0x08001534   0x08001534   0x00000012   Code   RO         1288    .text.LL_SPI_Enable  drv_lcd_init.o
    0x08001546   0x08001546   0x00000002   PAD
    0x08001548   0x08001548   0x00000012   Code   RO         1284    .text.LL_SPI_EnableDMAReq_TX  drv_lcd_init.o
    0x0800155a   0x0800155a   0x00000002   PAD
    0x0800155c   0x0800155c   0x00000076   Code   RO          898    .text.LL_SPI_Init   stm32f4xx_ll_spi.o
    0x080015d2   0x080015d2   0x00000002   PAD
    0x080015d4   0x080015d4   0x00000008   Code   RO         1101    .text.LL_SPI_IsActiveFlag_RXNE  bsp_spi.o
    0x080015dc   0x080015dc   0x00000008   Code   RO         1097    .text.LL_SPI_IsActiveFlag_TXE  bsp_spi.o
    0x080015e4   0x080015e4   0x00000008   Code   RO          900    .text.LL_SPI_IsEnabled  stm32f4xx_ll_spi.o
    0x080015ec   0x080015ec   0x00000006   Code   RO         1105    .text.LL_SPI_ReceiveData16  bsp_spi.o
    0x080015f2   0x080015f2   0x00000002   PAD
    0x080015f4   0x080015f4   0x00000006   Code   RO          902    .text.LL_SPI_SetCRCPolynomial  stm32f4xx_ll_spi.o
    0x080015fa   0x080015fa   0x00000002   PAD
    0x080015fc   0x080015fc   0x0000000a   Code   RO           59    .text.LL_SPI_SetStandard  main.o
    0x08001606   0x08001606   0x00000002   PAD
    0x08001608   0x08001608   0x00000010   Code   RO         1136    .text.LL_TIM_ClearFlag_UPDATE  bsp_timer.o
    0x08001618   0x08001618   0x00000012   Code   RO           71    .text.LL_TIM_DisableARRPreload  main.o
    0x0800162a   0x0800162a   0x00000002   PAD
    0x0800162c   0x0800162c   0x00000012   Code   RO         1138    .text.LL_TIM_EnableCounter  bsp_timer.o
    0x0800163e   0x0800163e   0x00000002   PAD
    0x08001640   0x08001640   0x00000012   Code   RO         1134    .text.LL_TIM_EnableIT_UPDATE  bsp_timer.o
    0x08001652   0x08001652   0x00000002   PAD
    0x08001654   0x08001654   0x0000000a   Code   RO          948    .text.LL_TIM_GenerateEvent_UPDATE  stm32f4xx_ll_tim.o
    0x0800165e   0x0800165e   0x00000002   PAD
    0x08001660   0x08001660   0x000000dc   Code   RO          940    .text.LL_TIM_Init   stm32f4xx_ll_tim.o
    0x0800173c   0x0800173c   0x00000010   Code   RO         1144    .text.LL_TIM_IsActiveFlag_UPDATE  bsp_timer.o
    0x0800174c   0x0800174c   0x00000004   Code   RO          942    .text.LL_TIM_SetAutoReload  stm32f4xx_ll_tim.o
    0x08001750   0x08001750   0x00000004   Code   RO          944    .text.LL_TIM_SetPrescaler  stm32f4xx_ll_tim.o
    0x08001754   0x08001754   0x0000000a   Code   RO          946    .text.LL_TIM_SetRepetitionCounter  stm32f4xx_ll_tim.o
    0x0800175e   0x0800175e   0x00000002   PAD
    0x08001760   0x08001760   0x0000001a   Code   RO           73    .text.LL_USART_ConfigAsyncMode  main.o
    0x0800177a   0x0800177a   0x00000002   PAD
    0x0800177c   0x0800177c   0x00000012   Code   RO           75    .text.LL_USART_Enable  main.o
    0x0800178e   0x0800178e   0x00000002   PAD
    0x08001790   0x08001790   0x00000092   Code   RO         1014    .text.LL_USART_Init  stm32f4xx_ll_usart.o
    0x08001822   0x08001822   0x00000002   PAD
    0x08001824   0x08001824   0x00000008   Code   RO         1016    .text.LL_USART_IsEnabled  stm32f4xx_ll_usart.o
    0x0800182c   0x0800182c   0x0000008c   Code   RO         1022    .text.LL_USART_SetBaudRate  stm32f4xx_ll_usart.o
    0x080018b8   0x080018b8   0x0000000c   Code   RO         1020    .text.LL_USART_SetHWFlowCtrl  stm32f4xx_ll_usart.o
    0x080018c4   0x080018c4   0x0000000c   Code   RO         1018    .text.LL_USART_SetStopBitsLength  stm32f4xx_ll_usart.o
    0x080018d0   0x080018d0   0x0000010a   Code   RO           21    .text.MX_ADC1_Init  main.o
    0x080019da   0x080019da   0x00000002   PAD
    0x080019dc   0x080019dc   0x00000064   Code   RO           17    .text.MX_DMA_Init   main.o
    0x08001a40   0x08001a40   0x0000011c   Code   RO           15    .text.MX_GPIO_Init  main.o
    0x08001b5c   0x08001b5c   0x000000cc   Code   RO           23    .text.MX_SPI1_Init  main.o
    0x08001c28   0x08001c28   0x00000080   Code   RO           25    .text.MX_SPI2_Init  main.o
    0x08001ca8   0x08001ca8   0x00000054   Code   RO           19    .text.MX_TIM10_Init  main.o
    0x08001cfc   0x08001cfc   0x00000144   Code   RO           27    .text.MX_USART1_UART_Init  main.o
    0x08001e40   0x08001e40   0x00000002   Code   RO           91    .text.MemManage_Handler  stm32f4xx_it.o
    0x08001e42   0x08001e42   0x00000002   PAD
    0x08001e44   0x08001e44   0x00000002   Code   RO           87    .text.NMI_Handler   stm32f4xx_it.o
    0x08001e46   0x08001e46   0x00000002   PAD
    0x08001e48   0x08001e48   0x00000046   Code   RO         1172    .text.NRF24L01_Check  drv_24l01.o
    0x08001e8e   0x08001e8e   0x00000002   PAD
    0x08001e90   0x08001e90   0x00000058   Code   RO         1168    .text.NRF24L01_Read_Buf  drv_24l01.o
    0x08001ee8   0x08001ee8   0x0000003e   Code   RO         1166    .text.NRF24L01_Read_Reg  drv_24l01.o
    0x08001f26   0x08001f26   0x00000002   PAD
    0x08001f28   0x08001f28   0x00000072   Code   RO         1180    .text.NRF24L01_TX_Mode  drv_24l01.o
    0x08001f9a   0x08001f9a   0x00000002   PAD
    0x08001f9c   0x08001f9c   0x0000004e   Code   RO         1174    .text.NRF24L01_TxPacket  drv_24l01.o
    0x08001fea   0x08001fea   0x00000002   PAD
    0x08001fec   0x08001fec   0x00000056   Code   RO         1170    .text.NRF24L01_Write_Buf  drv_24l01.o
    0x08002042   0x08002042   0x00000002   PAD
    0x08002044   0x08002044   0x00000044   Code   RO         1164    .text.NRF24L01_Write_Reg  drv_24l01.o
    0x08002088   0x08002088   0x00000004   Code   RO           65    .text.NVIC_EncodePriority  main.o
    0x0800208c   0x0800208c   0x0000002c   Code   RO          571    .text.NVIC_EncodePriority  stm32f4xx_hal_cortex.o
    0x080020b8   0x080020b8   0x00000002   Code   RO          101    .text.PendSV_Handler  stm32f4xx_it.o
    0x080020ba   0x080020ba   0x00000002   PAD
    0x080020bc   0x080020bc   0x0000001c   Code   RO          738    .text.RCC_GetHCLKClockFreq  stm32f4xx_ll_rcc.o
    0x080020d8   0x080020d8   0x0000001a   Code   RO          740    .text.RCC_GetPCLK1ClockFreq  stm32f4xx_ll_rcc.o
    0x080020f2   0x080020f2   0x00000002   PAD
    0x080020f4   0x080020f4   0x0000001a   Code   RO          742    .text.RCC_GetPCLK2ClockFreq  stm32f4xx_ll_rcc.o
    0x0800210e   0x0800210e   0x00000002   PAD
    0x08002110   0x08002110   0x00000028   Code   RO          736    .text.RCC_GetSystemClockFreq  stm32f4xx_ll_rcc.o
    0x08002138   0x08002138   0x00000052   Code   RO          760    .text.RCC_PLL_GetFreqDomain_SYS  stm32f4xx_ll_rcc.o
    0x0800218a   0x0800218a   0x00000002   PAD
    0x0800218c   0x0800218c   0x00000034   Code   RO         1103    .text.SPI_ReadWrite_16Byte  bsp_spi.o
    0x080021c0   0x080021c0   0x00000032   Code   RO         1099    .text.SPI_ReadWrite_8Byte  bsp_spi.o
    0x080021f2   0x080021f2   0x00000002   PAD
    0x080021f4   0x080021f4   0x0000001c   Code   RO         1095    .text.SPI_Send_8Byte  bsp_spi.o
    0x08002210   0x08002210   0x00000024   Code   RO         1107    .text.SPI_SetSpeed  bsp_spi.o
    0x08002234   0x08002234   0x00000002   Code   RO           97    .text.SVC_Handler   stm32f4xx_it.o
    0x08002236   0x08002236   0x00000002   PAD
    0x08002238   0x08002238   0x0000002e   Code   RO          587    .text.SysTick_Config  stm32f4xx_hal_cortex.o
    0x08002266   0x08002266   0x00000002   PAD
    0x08002268   0x08002268   0x00000008   Code   RO          103    .text.SysTick_Handler  stm32f4xx_it.o
    0x08002270   0x08002270   0x000000a0   Code   RO           13    .text.SystemClock_Config  main.o
    0x08002310   0x08002310   0x00000012   Code   RO         1040    .text.SystemInit    system_stm32f4xx.o
    0x08002322   0x08002322   0x00000002   PAD
    0x08002324   0x08002324   0x000000c0   Code   RO         1339    .text.System_Init   system_start.o
    0x080023e4   0x080023e4   0x0000006c   Code   RO         1341    .text.System_Loop   system_start.o
    0x08002450   0x08002450   0x00000008   Code   RO          105    .text.TIM1_UP_TIM10_IRQHandler  stm32f4xx_it.o
    0x08002458   0x08002458   0x00000002   Code   RO          107    .text.USART1_IRQHandler  stm32f4xx_it.o
    0x0800245a   0x0800245a   0x00000002   PAD
    0x0800245c   0x0800245c   0x00000020   Code   RO         1142    .text.Update_SystemTick  bsp_timer.o
    0x0800247c   0x0800247c   0x00000002   Code   RO           95    .text.UsageFault_Handler  stm32f4xx_it.o
    0x0800247e   0x0800247e   0x00000002   PAD
    0x08002480   0x08002480   0x00000078   Code   RO         1301    .text.W25QXX_ReadID  drv_w25qx.o
    0x080024f8   0x080024f8   0x00000066   Code   RO         1303    .text.W25QXX_ReadSR  drv_w25qx.o
    0x0800255e   0x0800255e   0x00000002   PAD
    0x08002560   0x08002560   0x00000020   Code   RO           69    .text.__NVIC_EnableIRQ  main.o
    0x08002580   0x08002580   0x00000010   Code   RO           67    .text.__NVIC_GetPriorityGrouping  main.o
    0x08002590   0x08002590   0x00000010   Code   RO          567    .text.__NVIC_GetPriorityGrouping  stm32f4xx_hal_cortex.o
    0x080025a0   0x080025a0   0x00000010   Code   RO           63    .text.__NVIC_SetPriority  main.o
    0x080025b0   0x080025b0   0x00000022   Code   RO          569    .text.__NVIC_SetPriority  stm32f4xx_hal_cortex.o
    0x080025d2   0x080025d2   0x00000002   PAD
    0x080025d4   0x080025d4   0x00000020   Code   RO          563    .text.__NVIC_SetPriorityGrouping  stm32f4xx_hal_cortex.o
    0x080025f4   0x080025f4   0x0000001a   Code   RO         1132    .text.bsp_Timer_Init  bsp_timer.o
    0x0800260e   0x0800260e   0x00000002   PAD
    0x08002610   0x08002610   0x00000028   Code   RO         1055    .text.bsp_adc_Init  bsp_adc.o
    0x08002638   0x08002638   0x0000002e   Code   RO         1148    .text.delay_ms_nos  bsp_timer.o
    0x08002666   0x08002666   0x00000002   PAD
    0x08002668   0x08002668   0x00000030   Code   RO         1160    .text.drv_24l01_Init  drv_24l01.o
    0x08002698   0x08002698   0x00000244   Code   RO         1278    .text.drv_LCD_Init  drv_lcd_init.o
    0x080028dc   0x080028dc   0x00000076   Code   RO         1299    .text.drv_W25Qx_Init  drv_w25qx.o
    0x08002952   0x08002952   0x00000002   PAD
    0x08002954   0x08002954   0x00000012   Code   RO         1196    .text.drv_joystick_Init  drv_joystick.o
    0x08002966   0x08002966   0x00000002   PAD
    0x08002968   0x08002968   0x00000028   Code   RO         1194    .text.int16_buffer  drv_joystick.o
    0x08002990   0x08002990   0x00000048   Code   RO         1192    .text.int_map       drv_joystick.o
    0x080029d8   0x080029d8   0x00000154   Code   RO         1198    .text.joystick_DatePrcess  drv_joystick.o
    0x08002b2c   0x08002b2c   0x0000002e   Code   RO           11    .text.main          main.o
    0x08002b5a   0x08002b5a   0x0000001a   Code   RO         1508    x$fpl$fpinit        fz_wm.l(fpinit.o)
    0x08002b74   0x08002b74   0x00000010   Data   RO         1045    .rodata.AHBPrescTable  system_stm32f4xx.o
    0x08002b84   0x08002b84   0x00000008   Data   RO         1046    .rodata.APBPrescTable  system_stm32f4xx.o
    0x08002b8c   0x08002b8c   0x00000005   Data   RO         1183    .rodata.RX_ADDRESS  drv_24l01.o
    0x08002b91   0x08002b91   0x00000005   Data   RO         1182    .rodata.TX_ADDRESS  drv_24l01.o
    0x08002b96   0x08002b96   0x00000474   Data   RO         1252    .rodata.ascii_1206  drv_lcd.o
    0x0800300a   0x0800300a   0x000005f0   Data   RO         1253    .rodata.ascii_1608  drv_lcd.o
    0x080035fa   0x080035fa   0x000011d0   Data   RO         1254    .rodata.ascii_2412  drv_lcd.o
    0x080047ca   0x080047ca   0x000017c0   Data   RO         1255    .rodata.ascii_3216  drv_lcd.o
    0x08005f8a   0x08005f8a   0x00000008   Data   RO           77    .rodata.cst8        main.o
    0x08005f92   0x08005f92   0x00000015   Data   RO         1347    .rodata.str1.1      system_start.o
    0x08005fa7   0x08005fa7   0x00000001   PAD
    0x08005fa8   0x08005fa8   0x00000020   Data   RO         1569    Region$$Table       anon$$obj.o


    Execution Region RW_IRAM1 (Exec base: 0x20000000, Load base: 0x08005fc8, Size: 0x00000790, Max: 0x00020000, ABSOLUTE)

    Exec Addr    Load Addr    Size         Type   Attr      Idx    E Section Name        Object

    0x20000000   0x08005fc8   0x00000004   Data   RW         1044    .data.SystemCoreClock  system_stm32f4xx.o
    0x20000004   0x08005fcc   0x00000002   Data   RW         1329    .data.W25QXX_TYPE   drv_w25qx.o
    0x20000006   0x08005fce   0x00000001   Data   RW          688    .data.uwTickFreq    stm32f4xx_hal.o
    0x20000007   0x08005fcf   0x00000001   PAD
    0x20000008   0x08005fd0   0x00000004   Data   RW          687    .data.uwTickPrio    stm32f4xx_hal.o
    0x2000000c   0x08005fd4   0x00000004   PAD
    0x20000010        -       0x00000060   Zero   RW         1436    .bss                c_w.l(libspace.o)
    0x20000070        -       0x00000100   Zero   RW         1290    .bss.Buff           drv_lcd_init.o
    0x20000170        -       0x00000004   Zero   RW         1346    .bss.LCDCnt         system_start.o
    0x20000174        -       0x00000004   Zero   RW         1151    .bss.SystemTimerCnt  bsp_timer.o
    0x20000178        -       0x00000004   Zero   RW         1200    .bss.Temp           drv_joystick.o
    0x2000017c        -       0x00000001   Zero   RW         1345    .bss.Tx_buf         system_start.o
    0x2000017d        -       0x00000001   Zero   RW         1150    .bss.delay_mode     bsp_timer.o
    0x2000017e   0x08005fd4   0x00000002   PAD
    0x20000180        -       0x00000008   Zero   RW         1201    .bss.joystick       drv_joystick.o
    0x20000188        -       0x00000004   Zero   RW          689    .bss.uwTick         stm32f4xx_hal.o
    0x2000018c   0x08005fd4   0x00000004   PAD
    0x20000190        -       0x00000200   Zero   RW            2    HEAP                startup_stm32f411xe.o
    0x20000390        -       0x00000400   Zero   RW            1    STACK               startup_stm32f411xe.o


==============================================================================

Image component sizes


      Code (inc. data)   RO Data    RW Data    ZI Data      Debug   Object Name

       184          0          0          0          0       3497   bsp_adc.o
       198          0          0          0          0       2917   bsp_spi.o
       200          0          0          0          5       2573   bsp_timer.o
       632          0         10          0          0       3661   drv_24l01.o
       470          4          0          0         12       2522   drv_joystick.o
       654          6      13300          0          0      14450   drv_lcd.o
       850          0          0          0        256       3631   drv_lcd_init.o
       340          0          0          2          0       5239   drv_w25qx.o
      2198          0          8          0          0      14226   main.o
        64         26        408          0       1536        828   startup_stm32f411xe.o
       212          0          0          5          4       6882   stm32f4xx_hal.o
       218          0          0          0          0      10185   stm32f4xx_hal_cortex.o
       430          0          0          0          0       5226   stm32f4xx_hal_gpio.o
        56          0          0          0          0       1495   stm32f4xx_hal_msp.o
      1292          0          0          0          0       7313   stm32f4xx_hal_rcc.o
        42          0          0          0          0       1568   stm32f4xx_it.o
       200          0          0          0          0       6072   stm32f4xx_ll_adc.o
       310          0          0          0          0       4312   stm32f4xx_ll_gpio.o
       364          0          0          0          0       6687   stm32f4xx_ll_rcc.o
       132          0          0          0          0       5872   stm32f4xx_ll_spi.o
       248          0          0          0          0      11782   stm32f4xx_ll_tim.o
       318          0          0          0          0       5610   stm32f4xx_ll_usart.o
       300         28         21          0          5       1108   system_start.o
        18          0         24          4          0       2661   system_stm32f4xx.o

    ----------------------------------------------------------------------
     10090         64      13804         12       1828     130317   Object Totals
         0          0         32          0          0          0   (incl. Generated)
       160          0          1          1         10          0   (incl. Padding)

    ----------------------------------------------------------------------

      Code (inc. data)   RO Data    RW Data    ZI Data      Debug   Library Member Name

         8          0          0          0          0         68   __main.o
         0          0          0          0          0          0   __rtentry.o
        12          0          0          0          0          0   __rtentry2.o
         6          0          0          0          0          0   __rtentry4.o
        52          8          0          0          0          0   __scatter.o
        26          0          0          0          0          0   __scatter_copy.o
        28          0          0          0          0          0   __scatter_zi.o
        18          0          0          0          0         80   exit.o
         6          0          0          0          0        152   heapauxi.o
         0          0          0          0          0          0   indicate_semi.o
         2          0          0          0          0          0   libinit.o
         6          0          0          0          0          0   libinit2.o
         2          0          0          0          0          0   libshutdown.o
         2          0          0          0          0          0   libshutdown2.o
         8          4          0          0         96         68   libspace.o
       240          0          0          0          0        100   lludivv7m.o
        78          0          0          0          0         80   rt_memclr_w.o
         2          0          0          0          0          0   rtexit.o
        10          0          0          0          0          0   rtexit2.o
        12          4          0          0          0         68   sys_exit.o
        74          0          0          0          0         80   sys_stackheap_outer.o
         2          0          0          0          0         68   use_no_semi.o
        26          0          0          0          0        116   fpinit.o

    ----------------------------------------------------------------------
       626         16          0          0         96        880   Library Totals
         6          0          0          0          0          0   (incl. Padding)

    ----------------------------------------------------------------------

      Code (inc. data)   RO Data    RW Data    ZI Data      Debug   Library Name

       594         16          0          0         96        764   c_w.l
        26          0          0          0          0        116   fz_wm.l

    ----------------------------------------------------------------------
       626         16          0          0         96        880   Library Totals

    ----------------------------------------------------------------------

==============================================================================


      Code (inc. data)   RO Data    RW Data    ZI Data      Debug   

     10716         80      13804         12       1924     130585   Grand Totals
     10716         80      13804         12       1924     130585   ELF Image Totals
     10716         80      13804         12          0          0   ROM Totals

==============================================================================

    Total RO  Size (Code + RO Data)                24520 (  23.95kB)
    Total RW  Size (RW Data + ZI Data)              1936 (   1.89kB)
    Total ROM Size (Code + RO Data + RW Data)      24532 (  23.96kB)

==============================================================================

