Component: ARM Compiler 5.06 update 7 (build 960) Tool: armlink [4d3601]

==============================================================================

Section Cross References

    startup_gd32c10x.o(RESET) refers to startup_gd32c10x.o(STACK) for __initial_sp
    startup_gd32c10x.o(RESET) refers to startup_gd32c10x.o(.text) for Reset_Handler
    startup_gd32c10x.o(RESET) refers to gd32c10x_it.o(i.NMI_Handler) for NMI_Handler
    startup_gd32c10x.o(RESET) refers to gd32c10x_it.o(i.HardFault_Handler) for HardFault_Handler
    startup_gd32c10x.o(RESET) refers to gd32c10x_it.o(i.MemManage_Handler) for MemManage_Handler
    startup_gd32c10x.o(RESET) refers to gd32c10x_it.o(i.BusFault_Handler) for BusFault_Handler
    startup_gd32c10x.o(RESET) refers to gd32c10x_it.o(i.UsageFault_Handler) for UsageFault_Handler
    startup_gd32c10x.o(RESET) refers to gd32c10x_it.o(i.SVC_Handler) for SVC_Handler
    startup_gd32c10x.o(RESET) refers to gd32c10x_it.o(i.DebugMon_Handler) for DebugMon_Handler
    startup_gd32c10x.o(RESET) refers to gd32c10x_it.o(i.PendSV_Handler) for PendSV_Handler
    startup_gd32c10x.o(RESET) refers to gd32c10x_it.o(i.SysTick_Handler) for SysTick_Handler
    startup_gd32c10x.o(RESET) refers to gd32c10x_it.o(i.DMA0_Channel2_IRQHandler) for DMA0_Channel2_IRQHandler
    startup_gd32c10x.o(RESET) refers to gd32c10x_it.o(i.DMA0_Channel4_IRQHandler) for DMA0_Channel4_IRQHandler
    startup_gd32c10x.o(RESET) refers to gd32c10x_it.o(i.ADC0_1_IRQHandler) for ADC0_1_IRQHandler
    startup_gd32c10x.o(RESET) refers to gd32c10x_it.o(i.USART0_IRQHandler) for USART0_IRQHandler
    startup_gd32c10x.o(RESET) refers to gd32c10x_it.o(i.USART2_IRQHandler) for USART2_IRQHandler
    startup_gd32c10x.o(RESET) refers to gd32c10x_it.o(i.TIMER5_IRQHandler) for TIMER5_IRQHandler
    startup_gd32c10x.o(.text) refers to system_gd32c10x.o(i.SystemInit) for SystemInit
    startup_gd32c10x.o(.text) refers to entry.o(.ARM.Collect$$$$00000000) for __main
    main.o(i.main) refers to system_board.o(i.BSP_Init) for BSP_Init
    main.o(i.main) refers to user_config.o(i.USR_CONFIG_set_default_config) for USR_CONFIG_set_default_config
    main.o(i.main) refers to encoder.o(i.Encoder_Init) for Encoder_Init
    main.o(i.main) refers to delay_timer.o(i.delay_timer_Init) for delay_timer_Init
    main.o(i.main) refers to gd32c10x_timer.o(i.timer_enable) for timer_enable
    main.o(i.main) refers to gd32c10x_timer.o(i.timer_repetition_value_config) for timer_repetition_value_config
    main.o(i.main) refers to gd32c10x_timer.o(i.timer_primary_output_config) for timer_primary_output_config
    main.o(i.main) refers to gd32c10x_timer.o(i.timer_auto_reload_shadow_enable) for timer_auto_reload_shadow_enable
    main.o(i.main) refers to pwm_curr.o(i.PWMC_SwitchOnPWM) for PWMC_SwitchOnPWM
    main.o(i.main) refers to util.o(i.inverse_park) for inverse_park
    main.o(i.main) refers to util.o(i.svm) for svm
    main.o(i.main) refers to delay_timer.o(i.delay_us_nos) for delay_us_nos
    main.o(i.main) refers to main.o(.data) for .data
    main.o(i.main) refers to foc.o(.bss) for Foc
    gd32c10x_it.o(i.TIMER5_IRQHandler) refers to delay_timer.o(i.Update_TimerTick) for Update_TimerTick
    gd32c10x_it.o(i.USART0_IRQHandler) refers to usart.o(i.usart0_call_back) for usart0_call_back
    gd32c10x_it.o(i.USART2_IRQHandler) refers to usart.o(i.usart2_call_back) for usart2_call_back
    system_board.o(i.BSP_Init) refers to system_board.o(i.bsp_rcu_Init) for bsp_rcu_Init
    system_board.o(i.BSP_Init) refers to system_board.o(i.bsp_gpio_Init) for bsp_gpio_Init
    system_board.o(i.BSP_Init) refers to system_board.o(i.bsp_adc0_Init) for bsp_adc0_Init
    system_board.o(i.BSP_Init) refers to system_board.o(i.bsp_adc1_Init) for bsp_adc1_Init
    system_board.o(i.BSP_Init) refers to system_board.o(i.bsp_dma0_Init) for bsp_dma0_Init
    system_board.o(i.BSP_Init) refers to system_board.o(i.bsp_spi0_Init) for bsp_spi0_Init
    system_board.o(i.BSP_Init) refers to system_board.o(i.bsp_timer5_Init) for bsp_timer5_Init
    system_board.o(i.BSP_Init) refers to system_board.o(i.bsp_timer0_Init) for bsp_timer0_Init
    system_board.o(i.BSP_Init) refers to system_board.o(i.bsp_gpio_lock) for bsp_gpio_lock
    system_board.o(i.BSP_Init) refers to system_board.o(i.bsp_nvic_Init) for bsp_nvic_Init
    system_board.o(i.bsp_adc0_Init) refers to gd32c10x_adc.o(i.adc_mode_config) for adc_mode_config
    system_board.o(i.bsp_adc0_Init) refers to gd32c10x_adc.o(i.adc_deinit) for adc_deinit
    system_board.o(i.bsp_adc0_Init) refers to gd32c10x_adc.o(i.adc_special_function_config) for adc_special_function_config
    system_board.o(i.bsp_adc0_Init) refers to gd32c10x_adc.o(i.adc_data_alignment_config) for adc_data_alignment_config
    system_board.o(i.bsp_adc0_Init) refers to gd32c10x_adc.o(i.adc_channel_length_config) for adc_channel_length_config
    system_board.o(i.bsp_adc0_Init) refers to gd32c10x_adc.o(i.adc_regular_channel_config) for adc_regular_channel_config
[...]
    Removing gd32c10x_dac.o(i.dac_software_trigger_disable), (32 bytes).
    Removing gd32c10x_dac.o(i.dac_software_trigger_enable), (32 bytes).
    Removing gd32c10x_dac.o(i.dac_triangle_noise_config), (44 bytes).
    Removing gd32c10x_dac.o(i.dac_trigger_disable), (32 bytes).
    Removing gd32c10x_dac.o(i.dac_trigger_enable), (32 bytes).
    Removing gd32c10x_dac.o(i.dac_trigger_source_config), (44 bytes).
    Removing gd32c10x_dac.o(i.dac_wave_bit_width_config), (44 bytes).
    Removing gd32c10x_dac.o(i.dac_wave_mode_config), (44 bytes).
    Removing gd32c10x_dbg.o(.rev16_text), (4 bytes).
    Removing gd32c10x_dbg.o(.revsh_text), (4 bytes).
    Removing gd32c10x_dbg.o(i.dbg_id_get), (12 bytes).
    Removing gd32c10x_dbg.o(i.dbg_low_power_disable), (16 bytes).
    Removing gd32c10x_dbg.o(i.dbg_low_power_enable), (16 bytes).
    Removing gd32c10x_dbg.o(i.dbg_periph_disable), (16 bytes).
    Removing gd32c10x_dbg.o(i.dbg_periph_enable), (16 bytes).
    Removing gd32c10x_dbg.o(i.dbg_trace_pin_disable), (16 bytes).
    Removing gd32c10x_dbg.o(i.dbg_trace_pin_enable), (16 bytes).
    Removing gd32c10x_dma.o(.rev16_text), (4 bytes).
    Removing gd32c10x_dma.o(.revsh_text), (4 bytes).
    Removing gd32c10x_dma.o(i.dma_flag_clear), (12 bytes).
    Removing gd32c10x_dma.o(i.dma_flag_get), (18 bytes).
    Removing gd32c10x_dma.o(i.dma_interrupt_disable), (36 bytes).
    Removing gd32c10x_dma.o(i.dma_interrupt_enable), (36 bytes).
    Removing gd32c10x_dma.o(i.dma_interrupt_flag_clear), (12 bytes).
    Removing gd32c10x_dma.o(i.dma_interrupt_flag_get), (76 bytes).
    Removing gd32c10x_dma.o(i.dma_memory_increase_disable), (36 bytes).
    Removing gd32c10x_dma.o(i.dma_memory_increase_enable), (36 bytes).
    Removing gd32c10x_dma.o(i.dma_memory_to_memory_enable), (36 bytes).
    Removing gd32c10x_dma.o(i.dma_memory_width_config), (40 bytes).
    Removing gd32c10x_dma.o(i.dma_periph_address_config), (32 bytes).
    Removing gd32c10x_dma.o(i.dma_periph_increase_disable), (36 bytes).
    Removing gd32c10x_dma.o(i.dma_periph_increase_enable), (36 bytes).
    Removing gd32c10x_dma.o(i.dma_periph_width_config), (40 bytes).
    Removing gd32c10x_dma.o(i.dma_priority_config), (40 bytes).
    Removing gd32c10x_dma.o(i.dma_transfer_direction_config), (50 bytes).
    Removing gd32c10x_exmc.o(.rev16_text), (4 bytes).
    Removing gd32c10x_exmc.o(.revsh_text), (4 bytes).
    Removing gd32c10x_exmc.o(i.exmc_norsram_deinit), (22 bytes).
    Removing gd32c10x_exmc.o(i.exmc_norsram_disable), (14 bytes).
    Removing gd32c10x_exmc.o(i.exmc_norsram_enable), (14 bytes).
    Removing gd32c10x_exmc.o(i.exmc_norsram_init), (236 bytes).
    Removing gd32c10x_exmc.o(i.exmc_norsram_page_size_config), (20 bytes).
    Removing gd32c10x_exmc.o(i.exmc_norsram_struct_para_init), (92 bytes).
    Removing gd32c10x_exti.o(.rev16_text), (4 bytes).
    Removing gd32c10x_exti.o(.revsh_text), (4 bytes).
    Removing gd32c10x_exti.o(i.exti_deinit), (28 bytes).
    Removing gd32c10x_exti.o(i.exti_event_disable), (16 bytes).
    Removing gd32c10x_exti.o(i.exti_event_enable), (16 bytes).
    Removing gd32c10x_exti.o(i.exti_flag_clear), (12 bytes).
    Removing gd32c10x_exti.o(i.exti_flag_get), (20 bytes).
    Removing gd32c10x_exti.o(i.exti_init), (116 bytes).
    Removing gd32c10x_exti.o(i.exti_interrupt_disable), (16 bytes).
    Removing gd32c10x_exti.o(i.exti_interrupt_enable), (16 bytes).
    Removing gd32c10x_exti.o(i.exti_interrupt_flag_clear), (12 bytes).
    Removing gd32c10x_exti.o(i.exti_interrupt_flag_get), (20 bytes).
    Removing gd32c10x_exti.o(i.exti_software_interrupt_disable), (16 bytes).
    Removing gd32c10x_exti.o(i.exti_software_interrupt_enable), (16 bytes).
    Removing gd32c10x_fmc.o(.rev16_text), (4 bytes).
    Removing gd32c10x_fmc.o(.revsh_text), (4 bytes).
    Removing gd32c10x_fmc.o(i.fmc_dbus_disable), (16 bytes).
    Removing gd32c10x_fmc.o(i.fmc_dbus_enable), (16 bytes).
    Removing gd32c10x_fmc.o(i.fmc_dbus_reset), (16 bytes).
    Removing gd32c10x_fmc.o(i.fmc_doubleword_program), (76 bytes).
    Removing gd32c10x_fmc.o(i.fmc_flag_clear), (12 bytes).
    Removing gd32c10x_fmc.o(i.fmc_flag_get), (20 bytes).
    Removing gd32c10x_fmc.o(i.fmc_ibus_disable), (16 bytes).
    Removing gd32c10x_fmc.o(i.fmc_ibus_enable), (16 bytes).
    Removing gd32c10x_fmc.o(i.fmc_ibus_reset), (16 bytes).
    Removing gd32c10x_fmc.o(i.fmc_interrupt_disable), (16 bytes).
    Removing gd32c10x_fmc.o(i.fmc_interrupt_enable), (16 bytes).
    Removing gd32c10x_fmc.o(i.fmc_interrupt_flag_clear), (12 bytes).
    Removing gd32c10x_fmc.o(i.fmc_interrupt_flag_get), (20 bytes).
    Removing gd32c10x_fmc.o(i.fmc_lock), (16 bytes).
    Removing gd32c10x_fmc.o(i.fmc_mass_erase), (56 bytes).
    Removing gd32c10x_fmc.o(i.fmc_page_erase), (60 bytes).
    Removing gd32c10x_fmc.o(i.fmc_prefetch_disable), (16 bytes).
    Removing gd32c10x_fmc.o(i.fmc_prefetch_enable), (16 bytes).
    Removing gd32c10x_fmc.o(i.fmc_program_width_set), (20 bytes).
    Removing gd32c10x_fmc.o(i.fmc_ready_wait), (26 bytes).
    Removing gd32c10x_fmc.o(i.fmc_state_get), (48 bytes).
    Removing gd32c10x_fmc.o(i.fmc_unlock), (32 bytes).
    Removing gd32c10x_fmc.o(i.fmc_word_program), (56 bytes).
    Removing gd32c10x_fmc.o(i.fmc_wscnt_set), (20 bytes).
    Removing gd32c10x_fmc.o(i.ob_data_get), (16 bytes).
    Removing gd32c10x_fmc.o(i.ob_data_program), (160 bytes).
    Removing gd32c10x_fmc.o(i.ob_erase), (120 bytes).
    Removing gd32c10x_fmc.o(i.ob_lock), (16 bytes).
    Removing gd32c10x_fmc.o(i.ob_security_protection_config), (160 bytes).
    Removing gd32c10x_fmc.o(i.ob_security_protection_flag_get), (20 bytes).
    Removing gd32c10x_fmc.o(i.ob_unlock), (32 bytes).
    Removing gd32c10x_fmc.o(i.ob_user_get), (16 bytes).
    Removing gd32c10x_fmc.o(i.ob_user_write), (172 bytes).
    Removing gd32c10x_fmc.o(i.ob_write_protection_enable), (176 bytes).
    Removing gd32c10x_fmc.o(i.ob_write_protection_get), (12 bytes).
    Removing gd32c10x_fwdgt.o(.rev16_text), (4 bytes).
    Removing gd32c10x_fwdgt.o(.revsh_text), (4 bytes).
    Removing gd32c10x_fwdgt.o(i.fwdgt_config), (80 bytes).
    Removing gd32c10x_fwdgt.o(i.fwdgt_counter_reload), (16 bytes).
    Removing gd32c10x_fwdgt.o(i.fwdgt_enable), (16 bytes).
    Removing gd32c10x_fwdgt.o(i.fwdgt_flag_get), (20 bytes).
    Removing gd32c10x_fwdgt.o(i.fwdgt_prescaler_value_config), (44 bytes).
    Removing gd32c10x_fwdgt.o(i.fwdgt_reload_value_config), (48 bytes).
    Removing gd32c10x_fwdgt.o(i.fwdgt_write_disable), (12 bytes).
    Removing gd32c10x_fwdgt.o(i.fwdgt_write_enable), (16 bytes).
    Removing gd32c10x_gpio.o(.rev16_text), (4 bytes).
    Removing gd32c10x_gpio.o(.revsh_text), (4 bytes).
    Removing gd32c10x_gpio.o(i.gpio_afio_deinit), (22 bytes).
    Removing gd32c10x_gpio.o(i.gpio_bit_write), (12 bytes).
    Removing gd32c10x_gpio.o(i.gpio_compensation_config), (20 bytes).
    Removing gd32c10x_gpio.o(i.gpio_compensation_flag_get), (20 bytes).
    Removing gd32c10x_gpio.o(i.gpio_deinit), (144 bytes).
    Removing gd32c10x_gpio.o(i.gpio_event_output_config), (24 bytes).
    Removing gd32c10x_gpio.o(i.gpio_event_output_disable), (16 bytes).
    Removing gd32c10x_gpio.o(i.gpio_event_output_enable), (16 bytes).
    Removing gd32c10x_gpio.o(i.gpio_exti_source_select), (88 bytes).
    Removing gd32c10x_gpio.o(i.gpio_input_bit_get), (14 bytes).
    Removing gd32c10x_gpio.o(i.gpio_input_port_get), (6 bytes).
    Removing gd32c10x_gpio.o(i.gpio_output_bit_get), (14 bytes).
    Removing gd32c10x_gpio.o(i.gpio_output_port_get), (6 bytes).
    Removing gd32c10x_gpio.o(i.gpio_port_write), (4 bytes).
    Removing gd32c10x_i2c.o(.rev16_text), (4 bytes).
    Removing gd32c10x_i2c.o(.revsh_text), (4 bytes).
    Removing gd32c10x_i2c.o(i.i2c_ack_config), (12 bytes).
    Removing gd32c10x_i2c.o(i.i2c_ackpos_config), (12 bytes).
    Removing gd32c10x_i2c.o(i.i2c_clock_config), (268 bytes).
    Removing gd32c10x_i2c.o(i.i2c_data_receive), (6 bytes).
    Removing gd32c10x_i2c.o(i.i2c_data_transmit), (4 bytes).
    Removing gd32c10x_i2c.o(i.i2c_deinit), (60 bytes).
    Removing gd32c10x_i2c.o(i.i2c_disable), (10 bytes).
    Removing gd32c10x_i2c.o(i.i2c_dma_config), (12 bytes).
    Removing gd32c10x_i2c.o(i.i2c_dma_last_transfer_config), (12 bytes).
    Removing gd32c10x_i2c.o(i.i2c_dualaddr_disable), (10 bytes).
    Removing gd32c10x_i2c.o(i.i2c_dualaddr_enable), (12 bytes).
    Removing gd32c10x_i2c.o(i.i2c_enable), (10 bytes).
    Removing gd32c10x_i2c.o(i.i2c_flag_clear), (34 bytes).
    Removing gd32c10x_i2c.o(i.i2c_flag_get), (26 bytes).
    Removing gd32c10x_i2c.o(i.i2c_interrupt_disable), (20 bytes).
    Removing gd32c10x_i2c.o(i.i2c_interrupt_enable), (20 bytes).
    Removing gd32c10x_i2c.o(i.i2c_interrupt_flag_clear), (36 bytes).
    Removing gd32c10x_i2c.o(i.i2c_interrupt_flag_get), (84 bytes).
    Removing gd32c10x_i2c.o(i.i2c_master_addressing), (18 bytes).
    Removing gd32c10x_i2c.o(i.i2c_mode_addr_config), (22 bytes).
    Removing gd32c10x_i2c.o(i.i2c_pec_config), (12 bytes).
    Removing gd32c10x_i2c.o(i.i2c_pec_transfer_config), (12 bytes).
    Removing gd32c10x_i2c.o(i.i2c_pec_value_get), (8 bytes).
    Removing gd32c10x_i2c.o(i.i2c_sam_disable), (12 bytes).
    Removing gd32c10x_i2c.o(i.i2c_sam_enable), (12 bytes).
    Removing gd32c10x_i2c.o(i.i2c_sam_timeout_disable), (12 bytes).
    Removing gd32c10x_i2c.o(i.i2c_sam_timeout_enable), (12 bytes).
    Removing gd32c10x_i2c.o(i.i2c_slave_response_to_gcall_config), (12 bytes).
    Removing gd32c10x_i2c.o(i.i2c_smbus_alert_config), (12 bytes).
    Removing gd32c10x_i2c.o(i.i2c_smbus_arp_config), (12 bytes).
    Removing gd32c10x_i2c.o(i.i2c_smbus_type_config), (24 bytes).
    Removing gd32c10x_i2c.o(i.i2c_software_reset_config), (12 bytes).
    Removing gd32c10x_i2c.o(i.i2c_start_on_bus), (10 bytes).
    Removing gd32c10x_i2c.o(i.i2c_stop_on_bus), (10 bytes).
    Removing gd32c10x_i2c.o(i.i2c_stretch_scl_low_config), (12 bytes).
    Removing gd32c10x_misc.o(.rev16_text), (4 bytes).
    Removing gd32c10x_misc.o(.revsh_text), (4 bytes).
    Removing gd32c10x_misc.o(i.nvic_irq_disable), (22 bytes).
    Removing gd32c10x_misc.o(i.system_lowpower_reset), (16 bytes).
    Removing gd32c10x_misc.o(i.system_lowpower_set), (16 bytes).
    Removing gd32c10x_misc.o(i.systick_clksource_set), (28 bytes).
    Removing gd32c10x_pmu.o(.rev16_text), (4 bytes).
    Removing gd32c10x_pmu.o(.revsh_text), (4 bytes).
    Removing gd32c10x_pmu.o(i.pmu_backup_write_disable), (16 bytes).
    Removing gd32c10x_pmu.o(i.pmu_backup_write_enable), (16 bytes).
    Removing gd32c10x_pmu.o(i.pmu_deinit), (22 bytes).
    Removing gd32c10x_pmu.o(i.pmu_flag_clear), (36 bytes).
    Removing gd32c10x_pmu.o(i.pmu_flag_get), (20 bytes).
    Removing gd32c10x_pmu.o(i.pmu_ldo_output_select), (24 bytes).
    Removing gd32c10x_pmu.o(i.pmu_lvd_disable), (16 bytes).
    Removing gd32c10x_pmu.o(i.pmu_lvd_select), (40 bytes).
    Removing gd32c10x_pmu.o(i.pmu_to_deepsleepmode), (148 bytes).
    Removing gd32c10x_pmu.o(i.pmu_to_sleepmode), (32 bytes).
    Removing gd32c10x_pmu.o(i.pmu_to_standbymode), (80 bytes).
    Removing gd32c10x_pmu.o(i.pmu_wakeup_pin_disable), (16 bytes).
    Removing gd32c10x_pmu.o(i.pmu_wakeup_pin_enable), (16 bytes).
    Removing gd32c10x_pmu.o(.bss), (16 bytes).
    Removing gd32c10x_rcu.o(.rev16_text), (4 bytes).
    Removing gd32c10x_rcu.o(.revsh_text), (4 bytes).
    Removing gd32c10x_rcu.o(i.rcu_ahb_clock_config), (20 bytes).
    Removing gd32c10x_rcu.o(i.rcu_all_reset_flag_clear), (16 bytes).
    Removing gd32c10x_rcu.o(i.rcu_apb1_clock_config), (20 bytes).
    Removing gd32c10x_rcu.o(i.rcu_apb2_clock_config), (20 bytes).
    Removing gd32c10x_rcu.o(i.rcu_bkp_reset_disable), (16 bytes).
    Removing gd32c10x_rcu.o(i.rcu_bkp_reset_enable), (16 bytes).
    Removing gd32c10x_rcu.o(i.rcu_ck48m_clock_config), (20 bytes).
    Removing gd32c10x_rcu.o(i.rcu_ckout0_config), (20 bytes).
    Removing gd32c10x_rcu.o(i.rcu_clock_freq_get), (288 bytes).
    Removing gd32c10x_rcu.o(i.rcu_deepsleep_voltage_set), (16 bytes).
    Removing gd32c10x_rcu.o(i.rcu_deinit), (104 bytes).
    Removing gd32c10x_rcu.o(i.rcu_flag_get), (32 bytes).
    Removing gd32c10x_rcu.o(i.rcu_hxtal_clock_monitor_disable), (16 bytes).
    Removing gd32c10x_rcu.o(i.rcu_hxtal_clock_monitor_enable), (16 bytes).
    Removing gd32c10x_rcu.o(i.rcu_i2s1_clock_config), (20 bytes).
    Removing gd32c10x_rcu.o(i.rcu_i2s2_clock_config), (20 bytes).
    Removing gd32c10x_rcu.o(i.rcu_interrupt_disable), (28 bytes).
    Removing gd32c10x_rcu.o(i.rcu_interrupt_enable), (28 bytes).
    Removing gd32c10x_rcu.o(i.rcu_interrupt_flag_clear), (28 bytes).
    Removing gd32c10x_rcu.o(i.rcu_interrupt_flag_get), (32 bytes).
    Removing gd32c10x_rcu.o(i.rcu_irc8m_adjust_value_set), (24 bytes).
    Removing gd32c10x_rcu.o(i.rcu_lxtal_drive_capability_config), (20 bytes).
    Removing gd32c10x_rcu.o(i.rcu_osci_bypass_mode_disable), (76 bytes).
    Removing gd32c10x_rcu.o(i.rcu_osci_bypass_mode_enable), (76 bytes).
    Removing gd32c10x_rcu.o(i.rcu_osci_off), (28 bytes).
    Removing gd32c10x_rcu.o(i.rcu_osci_on), (28 bytes).
    Removing gd32c10x_rcu.o(i.rcu_osci_stab_wait), (312 bytes).
    Removing gd32c10x_rcu.o(i.rcu_periph_clock_disable), (28 bytes).
    Removing gd32c10x_rcu.o(i.rcu_periph_clock_sleep_disable), (28 bytes).
    Removing gd32c10x_rcu.o(i.rcu_periph_clock_sleep_enable), (28 bytes).
    Removing gd32c10x_rcu.o(i.rcu_pll1_config), (24 bytes).
    Removing gd32c10x_rcu.o(i.rcu_pll2_config), (24 bytes).
    Removing gd32c10x_rcu.o(i.rcu_pll_config), (28 bytes).
    Removing gd32c10x_rcu.o(i.rcu_pllpresel_config), (20 bytes).
    Removing gd32c10x_rcu.o(i.rcu_predv0_config), (28 bytes).
    Removing gd32c10x_rcu.o(i.rcu_predv1_config), (20 bytes).
    Removing gd32c10x_rcu.o(i.rcu_rtc_clock_config), (20 bytes).
    Removing gd32c10x_rcu.o(i.rcu_system_clock_source_config), (20 bytes).
    Removing gd32c10x_rcu.o(i.rcu_system_clock_source_get), (16 bytes).
    Removing gd32c10x_rcu.o(i.rcu_usb_clock_config), (20 bytes).
    Removing gd32c10x_rtc.o(.rev16_text), (4 bytes).
    Removing gd32c10x_rtc.o(.revsh_text), (4 bytes).
    Removing gd32c10x_rtc.o(i.rtc_alarm_config), (32 bytes).
    Removing gd32c10x_rtc.o(i.rtc_configuration_mode_enter), (16 bytes).
    Removing gd32c10x_rtc.o(i.rtc_configuration_mode_exit), (16 bytes).
    Removing gd32c10x_rtc.o(i.rtc_counter_get), (32 bytes).
    Removing gd32c10x_rtc.o(i.rtc_counter_set), (32 bytes).
    Removing gd32c10x_rtc.o(i.rtc_divider_get), (24 bytes).
    Removing gd32c10x_rtc.o(i.rtc_flag_clear), (16 bytes).
    Removing gd32c10x_rtc.o(i.rtc_flag_get), (20 bytes).
    Removing gd32c10x_rtc.o(i.rtc_interrupt_disable), (16 bytes).
    Removing gd32c10x_rtc.o(i.rtc_interrupt_enable), (16 bytes).
    Removing gd32c10x_rtc.o(i.rtc_interrupt_flag_clear), (16 bytes).
    Removing gd32c10x_rtc.o(i.rtc_interrupt_flag_get), (20 bytes).
    Removing gd32c10x_rtc.o(i.rtc_lwoff_wait), (16 bytes).
    Removing gd32c10x_rtc.o(i.rtc_prescaler_set), (36 bytes).
    Removing gd32c10x_rtc.o(i.rtc_register_sync_wait), (24 bytes).
    Removing gd32c10x_spi.o(.rev16_text), (4 bytes).
    Removing gd32c10x_spi.o(.revsh_text), (4 bytes).
    Removing gd32c10x_spi.o(i.i2s_disable), (10 bytes).
    Removing gd32c10x_spi.o(i.i2s_enable), (10 bytes).
    Removing gd32c10x_spi.o(i.i2s_init), (24 bytes).
    Removing gd32c10x_spi.o(i.i2s_psc_config), (232 bytes).
    Removing gd32c10x_spi.o(i.spi_bidirectional_transfer_config), (26 bytes).
    Removing gd32c10x_spi.o(i.spi_crc_error_clear), (8 bytes).
    Removing gd32c10x_spi.o(i.spi_crc_get), (16 bytes).
    Removing gd32c10x_spi.o(i.spi_crc_next), (10 bytes).
    Removing gd32c10x_spi.o(i.spi_crc_off), (10 bytes).
    Removing gd32c10x_spi.o(i.spi_crc_on), (10 bytes).
    Removing gd32c10x_spi.o(i.spi_crc_polynomial_get), (6 bytes).
    Removing gd32c10x_spi.o(i.spi_crc_polynomial_set), (4 bytes).
    Removing gd32c10x_spi.o(i.spi_disable), (10 bytes).
    Removing gd32c10x_spi.o(i.spi_dma_disable), (24 bytes).
    Removing gd32c10x_spi.o(i.spi_dma_enable), (24 bytes).
    Removing gd32c10x_spi.o(i.spi_i2s_data_frame_format_config), (16 bytes).
    Removing gd32c10x_spi.o(i.spi_i2s_data_receive), (6 bytes).
    Removing gd32c10x_spi.o(i.spi_i2s_data_transmit), (4 bytes).
    Removing gd32c10x_spi.o(i.spi_i2s_flag_get), (14 bytes).
    Removing gd32c10x_spi.o(i.spi_i2s_format_error_clear), (6 bytes).
    Removing gd32c10x_spi.o(i.spi_i2s_interrupt_disable), (42 bytes).
    Removing gd32c10x_spi.o(i.spi_i2s_interrupt_enable), (42 bytes).
    Removing gd32c10x_spi.o(i.spi_i2s_interrupt_flag_get), (100 bytes).
    Removing gd32c10x_spi.o(i.spi_nss_internal_high), (10 bytes).
    Removing gd32c10x_spi.o(i.spi_nss_internal_low), (10 bytes).
    Removing gd32c10x_spi.o(i.spi_nss_output_disable), (10 bytes).
    Removing gd32c10x_spi.o(i.spi_nss_output_enable), (10 bytes).
    Removing gd32c10x_spi.o(i.spi_nssp_mode_disable), (10 bytes).
    Removing gd32c10x_spi.o(i.spi_nssp_mode_enable), (10 bytes).
    Removing gd32c10x_spi.o(i.spi_quad_disable), (12 bytes).
    Removing gd32c10x_spi.o(i.spi_quad_enable), (12 bytes).
    Removing gd32c10x_spi.o(i.spi_quad_io23_output_disable), (12 bytes).
    Removing gd32c10x_spi.o(i.spi_quad_io23_output_enable), (12 bytes).
    Removing gd32c10x_spi.o(i.spi_quad_read_enable), (12 bytes).
    Removing gd32c10x_spi.o(i.spi_quad_write_enable), (12 bytes).
    Removing gd32c10x_spi.o(i.spi_ti_mode_disable), (10 bytes).
    Removing gd32c10x_spi.o(i.spi_ti_mode_enable), (10 bytes).
    Removing gd32c10x_timer.o(.rev16_text), (4 bytes).
    Removing gd32c10x_timer.o(.revsh_text), (4 bytes).
    Removing gd32c10x_timer.o(i.timer_auto_reload_shadow_disable), (10 bytes).
    Removing gd32c10x_timer.o(i.timer_automatic_output_disable), (10 bytes).
    Removing gd32c10x_timer.o(i.timer_automatic_output_enable), (10 bytes).
    Removing gd32c10x_timer.o(i.timer_autoreload_value_config), (4 bytes).
    Removing gd32c10x_timer.o(i.timer_break_disable), (10 bytes).
    Removing gd32c10x_timer.o(i.timer_break_enable), (10 bytes).
    Removing gd32c10x_timer.o(i.timer_channel_capture_value_register_read), (36 bytes).
    Removing gd32c10x_timer.o(i.timer_channel_complementary_output_polarity_config), (64 bytes).
    Removing gd32c10x_timer.o(i.timer_channel_control_shadow_config), (24 bytes).
    Removing gd32c10x_timer.o(i.timer_channel_control_shadow_update_config), (28 bytes).
    Removing gd32c10x_timer.o(i.timer_channel_dma_request_source_select), (28 bytes).
    Removing gd32c10x_timer.o(i.timer_channel_input_capture_prescaler_config), (84 bytes).
    Removing gd32c10x_timer.o(i.timer_channel_input_struct_para_init), (14 bytes).
    Removing gd32c10x_timer.o(i.timer_channel_output_clear_config), (84 bytes).
    Removing gd32c10x_timer.o(i.timer_channel_output_fast_config), (84 bytes).
    Removing gd32c10x_timer.o(i.timer_channel_output_polarity_config), (86 bytes).
    Removing gd32c10x_timer.o(i.timer_counter_alignment), (16 bytes).
    Removing gd32c10x_timer.o(i.timer_counter_down_direction), (10 bytes).
    Removing gd32c10x_timer.o(i.timer_counter_read), (4 bytes).
    Removing gd32c10x_timer.o(i.timer_counter_up_direction), (10 bytes).
    Removing gd32c10x_timer.o(i.timer_counter_value_config), (4 bytes).
    Removing gd32c10x_timer.o(i.timer_disable), (10 bytes).
    Removing gd32c10x_timer.o(i.timer_dma_disable), (8 bytes).
    Removing gd32c10x_timer.o(i.timer_dma_enable), (8 bytes).
    Removing gd32c10x_timer.o(i.timer_dma_transfer_config), (22 bytes).
    Removing gd32c10x_timer.o(i.timer_event_software_generate), (8 bytes).
    Removing gd32c10x_timer.o(i.timer_external_clock_mode0_config), (28 bytes).
    Removing gd32c10x_timer.o(i.timer_external_clock_mode1_config), (20 bytes).
    Removing gd32c10x_timer.o(i.timer_external_clock_mode1_disable), (10 bytes).
    Removing gd32c10x_timer.o(i.timer_external_trigger_as_external_clock_config), (160 bytes).
    Removing gd32c10x_timer.o(i.timer_external_trigger_config), (28 bytes).
    Removing gd32c10x_timer.o(i.timer_hall_mode_config), (28 bytes).
    Removing gd32c10x_timer.o(i.timer_input_capture_config), (308 bytes).
    Removing gd32c10x_timer.o(i.timer_input_pwm_capture_config), (346 bytes).
    Removing gd32c10x_timer.o(i.timer_input_trigger_source_select), (16 bytes).
    Removing gd32c10x_timer.o(i.timer_internal_clock_config), (10 bytes).
    Removing gd32c10x_timer.o(i.timer_internal_trigger_as_external_clock_config), (28 bytes).
    Removing gd32c10x_timer.o(i.timer_interrupt_disable), (8 bytes).
    Removing gd32c10x_timer.o(i.timer_master_output_trigger_source_select), (16 bytes).
    Removing gd32c10x_timer.o(i.timer_master_slave_mode_config), (28 bytes).
    Removing gd32c10x_timer.o(i.timer_output_value_selection_config), (32 bytes).
    Removing gd32c10x_timer.o(i.timer_prescaler_config), (16 bytes).
    Removing gd32c10x_timer.o(i.timer_prescaler_read), (6 bytes).
    Removing gd32c10x_timer.o(i.timer_quadrature_decoder_mode_config), (64 bytes).
    Removing gd32c10x_timer.o(i.timer_single_pulse_mode_config), (28 bytes).
    Removing gd32c10x_timer.o(i.timer_slave_mode_select), (16 bytes).
    Removing gd32c10x_timer.o(i.timer_update_event_disable), (10 bytes).
    Removing gd32c10x_timer.o(i.timer_update_event_enable), (10 bytes).
    Removing gd32c10x_timer.o(i.timer_update_source_config), (28 bytes).
    Removing gd32c10x_timer.o(i.timer_write_chxval_register_config), (32 bytes).
    Removing gd32c10x_usart.o(.rev16_text), (4 bytes).
    Removing gd32c10x_usart.o(.revsh_text), (4 bytes).
    Removing gd32c10x_usart.o(i.usart_address_config), (20 bytes).
    Removing gd32c10x_usart.o(i.usart_baudrate_set), (112 bytes).
    Removing gd32c10x_usart.o(i.usart_block_length_config), (20 bytes).
    Removing gd32c10x_usart.o(i.usart_data_first_config), (18 bytes).
    Removing gd32c10x_usart.o(i.usart_data_transmit), (8 bytes).
    Removing gd32c10x_usart.o(i.usart_deinit), (144 bytes).
    Removing gd32c10x_usart.o(i.usart_disable), (10 bytes).
    Removing gd32c10x_usart.o(i.usart_dma_receive_config), (20 bytes).
    Removing gd32c10x_usart.o(i.usart_dma_transmit_config), (20 bytes).
    Removing gd32c10x_usart.o(i.usart_enable), (10 bytes).
    Removing gd32c10x_usart.o(i.usart_flag_clear), (18 bytes).
    Removing gd32c10x_usart.o(i.usart_flag_get), (26 bytes).
    Removing gd32c10x_usart.o(i.usart_guard_time_config), (18 bytes).
    Removing gd32c10x_usart.o(i.usart_halfduplex_disable), (10 bytes).
    Removing gd32c10x_usart.o(i.usart_halfduplex_enable), (10 bytes).
    Removing gd32c10x_usart.o(i.usart_hardware_flow_coherence_config), (22 bytes).
    Removing gd32c10x_usart.o(i.usart_hardware_flow_cts_config), (20 bytes).
    Removing gd32c10x_usart.o(i.usart_hardware_flow_rts_config), (20 bytes).
    Removing gd32c10x_usart.o(i.usart_interrupt_disable), (20 bytes).
    Removing gd32c10x_usart.o(i.usart_invert_config), (86 bytes).
    Removing gd32c10x_usart.o(i.usart_irda_lowpower_config), (20 bytes).
    Removing gd32c10x_usart.o(i.usart_irda_mode_disable), (10 bytes).
    Removing gd32c10x_usart.o(i.usart_irda_mode_enable), (10 bytes).
    Removing gd32c10x_usart.o(i.usart_lin_break_detection_length_config), (20 bytes).
    Removing gd32c10x_usart.o(i.usart_lin_mode_disable), (10 bytes).
    Removing gd32c10x_usart.o(i.usart_lin_mode_enable), (10 bytes).
    Removing gd32c10x_usart.o(i.usart_mute_mode_disable), (10 bytes).
    Removing gd32c10x_usart.o(i.usart_mute_mode_enable), (10 bytes).
    Removing gd32c10x_usart.o(i.usart_mute_mode_wakeup_config), (16 bytes).
    Removing gd32c10x_usart.o(i.usart_parity_config), (16 bytes).
    Removing gd32c10x_usart.o(i.usart_prescaler_config), (16 bytes).
    Removing gd32c10x_usart.o(i.usart_receive_config), (20 bytes).
    Removing gd32c10x_usart.o(i.usart_receiver_timeout_disable), (12 bytes).
    Removing gd32c10x_usart.o(i.usart_receiver_timeout_enable), (12 bytes).
    Removing gd32c10x_usart.o(i.usart_receiver_timeout_threshold_config), (18 bytes).
    Removing gd32c10x_usart.o(i.usart_send_break), (10 bytes).
    Removing gd32c10x_usart.o(i.usart_smartcard_autoretry_config), (24 bytes).
    Removing gd32c10x_usart.o(i.usart_smartcard_mode_disable), (10 bytes).
    Removing gd32c10x_usart.o(i.usart_smartcard_mode_enable), (10 bytes).
    Removing gd32c10x_usart.o(i.usart_smartcard_mode_nack_disable), (10 bytes).
    Removing gd32c10x_usart.o(i.usart_smartcard_mode_nack_enable), (10 bytes).
    Removing gd32c10x_usart.o(i.usart_stop_bit_set), (16 bytes).
    Removing gd32c10x_usart.o(i.usart_synchronous_clock_config), (34 bytes).
    Removing gd32c10x_usart.o(i.usart_synchronous_clock_disable), (10 bytes).
    Removing gd32c10x_usart.o(i.usart_synchronous_clock_enable), (10 bytes).
    Removing gd32c10x_usart.o(i.usart_transmit_config), (20 bytes).
    Removing gd32c10x_usart.o(i.usart_word_length_set), (16 bytes).
    Removing gd32c10x_wwdgt.o(.rev16_text), (4 bytes).
    Removing gd32c10x_wwdgt.o(.revsh_text), (4 bytes).
    Removing gd32c10x_wwdgt.o(i.wwdgt_config), (24 bytes).
    Removing gd32c10x_wwdgt.o(i.wwdgt_counter_update), (16 bytes).
    Removing gd32c10x_wwdgt.o(i.wwdgt_deinit), (22 bytes).
    Removing gd32c10x_wwdgt.o(i.wwdgt_enable), (16 bytes).
    Removing gd32c10x_wwdgt.o(i.wwdgt_flag_clear), (12 bytes).
    Removing gd32c10x_wwdgt.o(i.wwdgt_flag_get), (20 bytes).
    Removing gd32c10x_wwdgt.o(i.wwdgt_interrupt_enable), (16 bytes).
    Removing ffltl.o(.text), (44 bytes).
    Removing fepilogue.o(.text), (110 bytes).
    Removing util.o(i.clarke_transform), (28 bytes).
    Removing util.o(i.park_transform), (64 bytes).

603 unused section(s) (total 22710 bytes) removed from the image.

==============================================================================

Image Symbol Table

    Local Symbols

    Symbol Name                              Value     Ov Type        Size  Object(Section)

    ../clib/microlib/errno.c                 0x00000000   Number         0  errno.o ABSOLUTE
    ../clib/microlib/init/entry.s            0x00000000   Number         0  entry9a.o ABSOLUTE
    ../clib/microlib/init/entry.s            0x00000000   Number         0  entry2.o ABSOLUTE
    ../clib/microlib/init/entry.s            0x00000000   Number         0  entry12a.o ABSOLUTE
    ../clib/microlib/init/entry.s            0x00000000   Number         0  entry11b.o ABSOLUTE
    ../clib/microlib/init/entry.s            0x00000000   Number         0  entry.o ABSOLUTE
    ../clib/microlib/init/entry.s            0x00000000   Number         0  entry10a.o ABSOLUTE
    ../clib/microlib/init/entry.s            0x00000000   Number         0  entry9b.o ABSOLUTE
    ../clib/microlib/init/entry.s            0x00000000   Number         0  entry11a.o ABSOLUTE
    ../clib/microlib/init/entry.s            0x00000000   Number         0  entry10b.o ABSOLUTE
    ../clib/microlib/init/entry.s            0x00000000   Number         0  entry8b.o ABSOLUTE
    ../clib/microlib/init/entry.s            0x00000000   Number         0  entry12b.o ABSOLUTE
    ../clib/microlib/init/entry.s            0x00000000   Number         0  entry8a.o ABSOLUTE
    ../clib/microlib/init/entry.s            0x00000000   Number         0  entry7b.o ABSOLUTE
    ../clib/microlib/init/entry.s            0x00000000   Number         0  entry7a.o ABSOLUTE
    ../clib/microlib/init/entry.s            0x00000000   Number         0  entry5.o ABSOLUTE
    ../clib/microlib/stubs.s                 0x00000000   Number         0  iusefp.o ABSOLUTE
    ../fplib/microlib/fpepilogue.c           0x00000000   Number         0  fepilogue.o ABSOLUTE
    ../fplib/microlib/fpflt.c                0x00000000   Number         0  ffltl.o ABSOLUTE
    ../mathlib/sqrtf.c                       0x00000000   Number         0  sqrtf_x.o ABSOLUTE
    ../mathlib/sqrtf.c                       0x00000000   Number         0  sqrtf.o ABSOLUTE
    ..\Core\delay_systick.c                  0x00000000   Number         0  delay_systick.o ABSOLUTE
    ..\Core\delay_timer.c                    0x00000000   Number         0  delay_timer.o ABSOLUTE
    ..\Core\gd32c10x_it.c                    0x00000000   Number         0  gd32c10x_it.o ABSOLUTE
    ..\Core\main.c                           0x00000000   Number         0  main.o ABSOLUTE
    ..\Core\system_board.c                   0x00000000   Number         0  system_board.o ABSOLUTE
    ..\Drivers\CMSIS\GD\GD32C10x\Source\system_gd32c10x.c 0x00000000   Number         0  system_gd32c10x.o ABSOLUTE
    ..\Drivers\GD32C10x_standard_peripheral\Source\gd32c10x_adc.c 0x00000000   Number         0  gd32c10x_adc.o ABSOLUTE
    ..\Drivers\GD32C10x_standard_peripheral\Source\gd32c10x_bkp.c 0x00000000   Number         0  gd32c10x_bkp.o ABSOLUTE
    ..\Drivers\GD32C10x_standard_peripheral\Source\gd32c10x_can.c 0x00000000   Number         0  gd32c10x_can.o ABSOLUTE
    ..\Drivers\GD32C10x_standard_peripheral\Source\gd32c10x_crc.c 0x00000000   Number         0  gd32c10x_crc.o ABSOLUTE
    ..\Drivers\GD32C10x_standard_peripheral\Source\gd32c10x_ctc.c 0x00000000   Number         0  gd32c10x_ctc.o ABSOLUTE
    ..\Drivers\GD32C10x_standard_peripheral\Source\gd32c10x_dac.c 0x00000000   Number         0  gd32c10x_dac.o ABSOLUTE
    ..\Drivers\GD32C10x_standard_peripheral\Source\gd32c10x_dbg.c 0x00000000   Number         0  gd32c10x_dbg.o ABSOLUTE
    ..\Drivers\GD32C10x_standard_peripheral\Source\gd32c10x_dma.c 0x00000000   Number         0  gd32c10x_dma.o ABSOLUTE
    ..\Drivers\GD32C10x_standard_peripheral\Source\gd32c10x_exmc.c 0x00000000   Number         0  gd32c10x_exmc.o ABSOLUTE
    ..\Drivers\GD32C10x_standard_peripheral\Source\gd32c10x_exti.c 0x00000000   Number         0  gd32c10x_exti.o ABSOLUTE
    ..\Drivers\GD32C10x_standard_peripheral\Source\gd32c10x_fmc.c 0x00000000   Number         0  gd32c10x_fmc.o ABSOLUTE
    ..\Drivers\GD32C10x_standard_peripheral\Source\gd32c10x_fwdgt.c 0x00000000   Number         0  gd32c10x_fwdgt.o ABSOLUTE
    ..\Drivers\GD32C10x_standard_peripheral\Source\gd32c10x_gpio.c 0x00000000   Number         0  gd32c10x_gpio.o ABSOLUTE
    ..\Drivers\GD32C10x_standard_peripheral\Source\gd32c10x_i2c.c 0x00000000   Number         0  gd32c10x_i2c.o ABSOLUTE
    ..\Drivers\GD32C10x_standard_peripheral\Source\gd32c10x_misc.c 0x00000000   Number         0  gd32c10x_misc.o ABSOLUTE
    ..\Drivers\GD32C10x_standard_peripheral\Source\gd32c10x_pmu.c 0x00000000   Number         0  gd32c10x_pmu.o ABSOLUTE
    ..\Drivers\GD32C10x_standard_peripheral\Source\gd32c10x_rcu.c 0x00000000   Number         0  gd32c10x_rcu.o ABSOLUTE
    ..\Drivers\GD32C10x_standard_peripheral\Source\gd32c10x_rtc.c 0x00000000   Number         0  gd32c10x_rtc.o ABSOLUTE
    ..\Drivers\GD32C10x_standard_peripheral\Source\gd32c10x_spi.c 0x00000000   Number         0  gd32c10x_spi.o ABSOLUTE
    ..\Drivers\GD32C10x_standard_peripheral\Source\gd32c10x_timer.c 0x00000000   Number         0  gd32c10x_timer.o ABSOLUTE
    ..\Drivers\GD32C10x_standard_peripheral\Source\gd32c10x_usart.c 0x00000000   Number         0  gd32c10x_usart.o ABSOLUTE
    ..\Drivers\GD32C10x_standard_peripheral\Source\gd32c10x_wwdgt.c 0x00000000   Number         0  gd32c10x_wwdgt.o ABSOLUTE
    ..\Src\controller.c                      0x00000000   Number         0  controller.o ABSOLUTE
    ..\Src\encoder.c                         0x00000000   Number         0  encoder.o ABSOLUTE
    ..\Src\foc.c                             0x00000000   Number         0  foc.o ABSOLUTE
    ..\Src\fsm_task.c                        0x00000000   Number         0  fsm_task.o ABSOLUTE
    ..\Src\pwm_curr.c                        0x00000000   Number         0  pwm_curr.o ABSOLUTE
    ..\Src\usart.c                           0x00000000   Number         0  usart.o ABSOLUTE
    ..\Src\user_config.c                     0x00000000   Number         0  user_config.o ABSOLUTE
    ..\Src\util.c                            0x00000000   Number         0  util.o ABSOLUTE
    ..\\Core\\delay_systick.c                0x00000000   Number         0  delay_systick.o ABSOLUTE
    ..\\Core\\delay_timer.c                  0x00000000   Number         0  delay_timer.o ABSOLUTE
    ..\\Core\\gd32c10x_it.c                  0x00000000   Number         0  gd32c10x_it.o ABSOLUTE
    ..\\Core\\main.c                         0x00000000   Number         0  main.o ABSOLUTE
    ..\\Core\\system_board.c                 0x00000000   Number         0  system_board.o ABSOLUTE
    ..\\Drivers\\CMSIS\\GD\\GD32C10x\\Source\\system_gd32c10x.c 0x00000000   Number         0  system_gd32c10x.o ABSOLUTE
    ..\\Drivers\\GD32C10x_standard_peripheral\\Source\\gd32c10x_adc.c 0x00000000   Number         0  gd32c10x_adc.o ABSOLUTE
    ..\\Drivers\\GD32C10x_standard_peripheral\\Source\\gd32c10x_bkp.c 0x00000000   Number         0  gd32c10x_bkp.o ABSOLUTE
    ..\\Drivers\\GD32C10x_standard_peripheral\\Source\\gd32c10x_can.c 0x00000000   Number         0  gd32c10x_can.o ABSOLUTE
    ..\\Drivers\\GD32C10x_standard_peripheral\\Source\\gd32c10x_crc.c 0x00000000   Number         0  gd32c10x_crc.o ABSOLUTE
    ..\\Drivers\\GD32C10x_standard_peripheral\\Source\\gd32c10x_ctc.c 0x00000000   Number         0  gd32c10x_ctc.o ABSOLUTE
    ..\\Drivers\\GD32C10x_standard_peripheral\\Source\\gd32c10x_dac.c 0x00000000   Number         0  gd32c10x_dac.o ABSOLUTE
    ..\\Drivers\\GD32C10x_standard_peripheral\\Source\\gd32c10x_dbg.c 0x00000000   Number         0  gd32c10x_dbg.o ABSOLUTE
    ..\\Drivers\\GD32C10x_standard_peripheral\\Source\\gd32c10x_dma.c 0x00000000   Number         0  gd32c10x_dma.o ABSOLUTE
    ..\\Drivers\\GD32C10x_standard_peripheral\\Source\\gd32c10x_exmc.c 0x00000000   Number         0  gd32c10x_exmc.o ABSOLUTE
    ..\\Drivers\\GD32C10x_standard_peripheral\\Source\\gd32c10x_exti.c 0x00000000   Number         0  gd32c10x_exti.o ABSOLUTE
    ..\\Drivers\\GD32C10x_standard_peripheral\\Source\\gd32c10x_fmc.c 0x00000000   Number         0  gd32c10x_fmc.o ABSOLUTE
    ..\\Drivers\\GD32C10x_standard_peripheral\\Source\\gd32c10x_fwdgt.c 0x00000000   Number         0  gd32c10x_fwdgt.o ABSOLUTE
    ..\\Drivers\\GD32C10x_standard_peripheral\\Source\\gd32c10x_gpio.c 0x00000000   Number         0  gd32c10x_gpio.o ABSOLUTE
    ..\\Drivers\\GD32C10x_standard_peripheral\\Source\\gd32c10x_i2c.c 0x00000000   Number         0  gd32c10x_i2c.o ABSOLUTE
    ..\\Drivers\\GD32C10x_standard_peripheral\\Source\\gd32c10x_misc.c 0x00000000   Number         0  gd32c10x_misc.o ABSOLUTE
    ..\\Drivers\\GD32C10x_standard_peripheral\\Source\\gd32c10x_pmu.c 0x00000000   Number         0  gd32c10x_pmu.o ABSOLUTE
    ..\\Drivers\\GD32C10x_standard_peripheral\\Source\\gd32c10x_rcu.c 0x00000000   Number         0  gd32c10x_rcu.o ABSOLUTE
    ..\\Drivers\\GD32C10x_standard_peripheral\\Source\\gd32c10x_rtc.c 0x00000000   Number         0  gd32c10x_rtc.o ABSOLUTE
    ..\\Drivers\\GD32C10x_standard_peripheral\\Source\\gd32c10x_spi.c 0x00000000   Number         0  gd32c10x_spi.o ABSOLUTE
    ..\\Drivers\\GD32C10x_standard_peripheral\\Source\\gd32c10x_timer.c 0x00000000   Number         0  gd32c10x_timer.o ABSOLUTE
    ..\\Drivers\\GD32C10x_standard_peripheral\\Source\\gd32c10x_usart.c 0x00000000   Number         0  gd32c10x_usart.o ABSOLUTE
    ..\\Drivers\\GD32C10x_standard_peripheral\\Source\\gd32c10x_wwdgt.c 0x00000000   Number         0  gd32c10x_wwdgt.o ABSOLUTE
    ..\\Src\\controller.c                    0x00000000   Number         0  controller.o ABSOLUTE
    ..\\Src\\encoder.c                       0x00000000   Number         0  encoder.o ABSOLUTE
    ..\\Src\\foc.c                           0x00000000   Number         0  foc.o ABSOLUTE
    ..\\Src\\fsm_task.c                      0x00000000   Number         0  fsm_task.o ABSOLUTE
    ..\\Src\\pwm_curr.c                      0x00000000   Number         0  pwm_curr.o ABSOLUTE
    ..\\Src\\usart.c                         0x00000000   Number         0  usart.o ABSOLUTE
    ..\\Src\\user_config.c                   0x00000000   Number         0  user_config.o ABSOLUTE
    ..\\Src\\util.c                          0x00000000   Number         0  util.o ABSOLUTE
    dc.s                                     0x00000000   Number         0  dc.o ABSOLUTE
    handlers.s                               0x00000000   Number         0  handlers.o ABSOLUTE
    init.s                                   0x00000000   Number         0  init.o ABSOLUTE
    startup_gd32c10x.s                       0x00000000   Number         0  startup_gd32c10x.o ABSOLUTE
    RESET                                    0x08000000   Section      336  startup_gd32c10x.o(RESET)
    .ARM.Collect$$$$00000000                 0x08000150   Section        0  entry.o(.ARM.Collect$$$$00000000)
    .ARM.Collect$$$$00000001                 0x08000150   Section        4  entry2.o(.ARM.Collect$$$$00000001)
    .ARM.Collect$$$$00000004                 0x08000154   Section        4  entry5.o(.ARM.Collect$$$$00000004)
    .ARM.Collect$$$$00000008                 0x08000158   Section        0  entry7b.o(.ARM.Collect$$$$00000008)
    .ARM.Collect$$$$0000000A                 0x08000158   Section        0  entry8b.o(.ARM.Collect$$$$0000000A)
    .ARM.Collect$$$$0000000B                 0x08000158   Section        8  entry9a.o(.ARM.Collect$$$$0000000B)
    .ARM.Collect$$$$0000000E                 0x08000160   Section        4  entry12b.o(.ARM.Collect$$$$0000000E)
    .ARM.Collect$$$$0000000F                 0x08000164   Section        0  entry10a.o(.ARM.Collect$$$$0000000F)
    .ARM.Collect$$$$00000011                 0x08000164   Section        0  entry11a.o(.ARM.Collect$$$$00000011)
    .ARM.Collect$$$$00002712                 0x08000164   Section        4  entry2.o(.ARM.Collect$$$$00002712)
    __lit__00000000                          0x08000164   Data           4  entry2.o(.ARM.Collect$$$$00002712)
    .text                                    0x08000168   Section       36  startup_gd32c10x.o(.text)
    $v0                                      0x08000168   Number         0  startup_gd32c10x.o(.text)
    .text                                    0x0800018c   Section       36  init.o(.text)
    i.ADC0_1_IRQHandler                      0x080001b0   Section        0  gd32c10x_it.o(i.ADC0_1_IRQHandler)
    i.BSP_Init                               0x080001c0   Section        0  system_board.o(i.BSP_Init)
    i.BusFault_Handler                       0x080001ee   Section        0  gd32c10x_it.o(i.BusFault_Handler)
    i.DMA0_Channel2_IRQHandler               0x080001f0   Section        0  gd32c10x_it.o(i.DMA0_Channel2_IRQHandler)
    i.DMA0_Channel4_IRQHandler               0x080001f2   Section        0  gd32c10x_it.o(i.DMA0_Channel4_IRQHandler)
    i.DebugMon_Handler                       0x080001f4   Section        0  gd32c10x_it.o(i.DebugMon_Handler)
    i.Encoder_Init                           0x080001f8   Section        0  encoder.o(i.Encoder_Init)
    i.Get_SystemTimer                        0x0800025c   Section        0  delay_timer.o(i.Get_SystemTimer)
    i.HardFault_Handler                      0x08000274   Section        0  gd32c10x_it.o(i.HardFault_Handler)
    i.MT6816_Init                            0x08000278   Section        0  encoder.o(i.MT6816_Init)
    MT6816_Init                              0x08000279   Thumb Code    10  encoder.o(i.MT6816_Init)
    i.MemManage_Handler                      0x08000288   Section        0  gd32c10x_it.o(i.MemManage_Handler)
    i.NMI_Handler                            0x0800028a   Section        0  gd32c10x_it.o(i.NMI_Handler)
    i.PWMC_SwitchOnPWM                       0x0800028c   Section        0  pwm_curr.o(i.PWMC_SwitchOnPWM)
    i.PendSV_Handler                         0x08000304   Section        0  gd32c10x_it.o(i.PendSV_Handler)
    i.SVC_Handler                            0x08000306   Section        0  gd32c10x_it.o(i.SVC_Handler)
    i.SysTick_Handler                        0x08000308   Section        0  gd32c10x_it.o(i.SysTick_Handler)
    i.SystemInit                             0x0800030c   Section        0  system_gd32c10x.o(i.SystemInit)
    i.TIMER5_IRQHandler                      0x080003cc   Section        0  gd32c10x_it.o(i.TIMER5_IRQHandler)
    i.USART0_IRQHandler                      0x080003d0   Section        0  gd32c10x_it.o(i.USART0_IRQHandler)
    i.USART2_IRQHandler                      0x080003d4   Section        0  gd32c10x_it.o(i.USART2_IRQHandler)
    i.USR_CONFIG_set_default_config          0x080003d8   Section        0  user_config.o(i.USR_CONFIG_set_default_config)
    i.Update_TimerTick                       0x080004e4   Section        0  delay_timer.o(i.Update_TimerTick)
    i.UsageFault_Handler                     0x08000510   Section        0  gd32c10x_it.o(i.UsageFault_Handler)
    i.__scatterload_copy                     0x08000512   Section       14  handlers.o(i.__scatterload_copy)
    i.__scatterload_null                     0x08000520   Section        2  handlers.o(i.__scatterload_null)
    i.__scatterload_zeroinit                 0x08000522   Section       14  handlers.o(i.__scatterload_zeroinit)
    i.adc_channel_length_config              0x08000530   Section        0  gd32c10x_adc.o(i.adc_channel_length_config)
    i.adc_data_alignment_config              0x0800056a   Section        0  gd32c10x_adc.o(i.adc_data_alignment_config)
    i.adc_deinit                             0x08000584   Section        0  gd32c10x_adc.o(i.adc_deinit)
    i.adc_external_trigger_config            0x080005c0   Section        0  gd32c10x_adc.o(i.adc_external_trigger_config)
    i.adc_external_trigger_source_config     0x080005f8   Section        0  gd32c10x_adc.o(i.adc_external_trigger_source_config)
    i.adc_inserted_channel_config            0x08000620   Section        0  gd32c10x_adc.o(i.adc_inserted_channel_config)
    i.adc_interrupt_enable                   0x08000670   Section        0  gd32c10x_adc.o(i.adc_interrupt_enable)
    i.adc_mode_config                        0x08000698   Section        0  gd32c10x_adc.o(i.adc_mode_config)
    i.adc_regular_channel_config             0x080006b0   Section        0  gd32c10x_adc.o(i.adc_regular_channel_config)
    i.adc_special_function_config            0x0800072e   Section        0  gd32c10x_adc.o(i.adc_special_function_config)
    i.bsp_adc0_Init                          0x08000780   Section        0  system_board.o(i.bsp_adc0_Init)
    bsp_adc0_Init                            0x08000781   Thumb Code   148  system_board.o(i.bsp_adc0_Init)
    i.bsp_adc1_Init                          0x08000818   Section        0  system_board.o(i.bsp_adc1_Init)
    bsp_adc1_Init                            0x08000819   Thumb Code    64  system_board.o(i.bsp_adc1_Init)
    i.bsp_dma0_Init                          0x0800085c   Section        0  system_board.o(i.bsp_dma0_Init)
    bsp_dma0_Init                            0x0800085d   Thumb Code   322  system_board.o(i.bsp_dma0_Init)
    i.bsp_gpio_Init                          0x080009bc   Section        0  system_board.o(i.bsp_gpio_Init)
    bsp_gpio_Init                            0x080009bd   Thumb Code   254  system_board.o(i.bsp_gpio_Init)
    i.bsp_gpio_lock                          0x08000ac4   Section        0  system_board.o(i.bsp_gpio_lock)
    bsp_gpio_lock                            0x08000ac5   Thumb Code   158  system_board.o(i.bsp_gpio_lock)
    i.bsp_nvic_Init                          0x08000b6c   Section        0  system_board.o(i.bsp_nvic_Init)
    bsp_nvic_Init                            0x08000b6d   Thumb Code    70  system_board.o(i.bsp_nvic_Init)
    i.bsp_rcu_Init                           0x08000bc0   Section        0  system_board.o(i.bsp_rcu_Init)
    bsp_rcu_Init                             0x08000bc1   Thumb Code   108  system_board.o(i.bsp_rcu_Init)
    i.bsp_spi0_Init                          0x08000c2c   Section        0  system_board.o(i.bsp_spi0_Init)
    bsp_spi0_Init                            0x08000c2d   Thumb Code    64  system_board.o(i.bsp_spi0_Init)
    i.bsp_timer0_Init                        0x08000c70   Section        0  system_board.o(i.bsp_timer0_Init)
    bsp_timer0_Init                          0x08000c71   Thumb Code   298  system_board.o(i.bsp_timer0_Init)
    i.bsp_timer5_Init                        0x08000da0   Section        0  system_board.o(i.bsp_timer5_Init)
    bsp_timer5_Init                          0x08000da1   Thumb Code    52  system_board.o(i.bsp_timer5_Init)
    i.cos_f32                                0x08000dd8   Section        0  util.o(i.cos_f32)
    i.delay_timer_Init                       0x08000e60   Section        0  delay_timer.o(i.delay_timer_Init)
    i.delay_us_nos                           0x08000e6c   Section        0  delay_timer.o(i.delay_us_nos)
    i.dma_channel_disable                    0x08000e80   Section        0  gd32c10x_dma.o(i.dma_channel_disable)
    i.dma_channel_enable                     0x08000ea4   Section        0  gd32c10x_dma.o(i.dma_channel_enable)
    i.dma_circulation_disable                0x08000ec8   Section        0  gd32c10x_dma.o(i.dma_circulation_disable)
    i.dma_circulation_enable                 0x08000eec   Section        0  gd32c10x_dma.o(i.dma_circulation_enable)
    i.dma_deinit                             0x08000f10   Section        0  gd32c10x_dma.o(i.dma_deinit)
    i.dma_init                               0x08000f4a   Section        0  gd32c10x_dma.o(i.dma_init)
    i.dma_memory_address_config              0x08000fd0   Section        0  gd32c10x_dma.o(i.dma_memory_address_config)
    i.dma_memory_to_memory_disable           0x08000ff0   Section        0  gd32c10x_dma.o(i.dma_memory_to_memory_disable)
    i.dma_periph_and_channel_check           0x08001014   Section        0  gd32c10x_dma.o(i.dma_periph_and_channel_check)
    dma_periph_and_channel_check             0x08001015   Thumb Code    18  gd32c10x_dma.o(i.dma_periph_and_channel_check)
    i.dma_struct_para_init                   0x0800102c   Section        0  gd32c10x_dma.o(i.dma_struct_para_init)
    i.dma_transfer_number_config             0x08001048   Section        0  gd32c10x_dma.o(i.dma_transfer_number_config)
    i.dma_transfer_number_get                0x0800106a   Section        0  gd32c10x_dma.o(i.dma_transfer_number_get)
    i.gpio_bit_reset                         0x08001088   Section        0  gd32c10x_gpio.o(i.gpio_bit_reset)
    i.gpio_bit_set                           0x0800108c   Section        0  gd32c10x_gpio.o(i.gpio_bit_set)
    i.gpio_init                              0x08001090   Section        0  gd32c10x_gpio.o(i.gpio_init)
    i.gpio_pin_lock                          0x08001134   Section        0  gd32c10x_gpio.o(i.gpio_pin_lock)
    i.gpio_pin_remap_config                  0x08001144   Section        0  gd32c10x_gpio.o(i.gpio_pin_remap_config)
    i.inverse_park                           0x080011a0   Section        0  util.o(i.inverse_park)
    i.main                                   0x080011e0   Section        0  main.o(i.main)
    i.nvic_irq_enable                        0x080012f4   Section        0  gd32c10x_misc.o(i.nvic_irq_enable)
    i.nvic_priority_group_set                0x08001384   Section        0  gd32c10x_misc.o(i.nvic_priority_group_set)
    i.nvic_vector_table_set                  0x08001398   Section        0  gd32c10x_misc.o(i.nvic_vector_table_set)
    i.rcu_adc_clock_config                   0x080013b0   Section        0  gd32c10x_rcu.o(i.rcu_adc_clock_config)
    i.rcu_periph_clock_enable                0x08001404   Section        0  gd32c10x_rcu.o(i.rcu_periph_clock_enable)
    i.rcu_periph_reset_disable               0x08001420   Section        0  gd32c10x_rcu.o(i.rcu_periph_reset_disable)
    i.rcu_periph_reset_enable                0x0800143c   Section        0  gd32c10x_rcu.o(i.rcu_periph_reset_enable)
    i.sin_f32                                0x08001458   Section        0  util.o(i.sin_f32)
    i.spi_enable                             0x080014dc   Section        0  gd32c10x_spi.o(i.spi_enable)
    i.spi_i2s_deinit                         0x080014e8   Section        0  gd32c10x_spi.o(i.spi_i2s_deinit)
    i.spi_init                               0x08001540   Section        0  gd32c10x_spi.o(i.spi_init)
    i.spi_struct_para_init                   0x0800156e   Section        0  gd32c10x_spi.o(i.spi_struct_para_init)
    i.svm                                    0x08001580   Section        0  util.o(i.svm)
    i.system_clock_120m_hxtal                0x08001788   Section        0  system_gd32c10x.o(i.system_clock_120m_hxtal)
    system_clock_120m_hxtal                  0x08001789   Thumb Code   150  system_gd32c10x.o(i.system_clock_120m_hxtal)
    i.system_clock_config                    0x08001838   Section        0  system_gd32c10x.o(i.system_clock_config)
    system_clock_config                      0x08001839   Thumb Code     4  system_gd32c10x.o(i.system_clock_config)
    i.timer_auto_reload_shadow_enable        0x0800183c   Section        0  gd32c10x_timer.o(i.timer_auto_reload_shadow_enable)
    i.timer_break_config                     0x08001846   Section        0  gd32c10x_timer.o(i.timer_break_config)
    i.timer_break_struct_para_init           0x08001866   Section        0  gd32c10x_timer.o(i.timer_break_struct_para_init)
    i.timer_channel_complementary_output_state_config 0x08001878   Section        0  gd32c10x_timer.o(i.timer_channel_complementary_output_state_config)
    i.timer_channel_output_config            0x080018b8   Section        0  gd32c10x_timer.o(i.timer_channel_output_config)
    i.timer_channel_output_mode_config       0x08001a90   Section        0  gd32c10x_timer.o(i.timer_channel_output_mode_config)
    i.timer_channel_output_pulse_value_config 0x08001ae4   Section        0  gd32c10x_timer.o(i.timer_channel_output_pulse_value_config)
    i.timer_channel_output_shadow_config     0x08001b04   Section        0  gd32c10x_timer.o(i.timer_channel_output_shadow_config)
    i.timer_channel_output_state_config      0x08001b58   Section        0  gd32c10x_timer.o(i.timer_channel_output_state_config)
    i.timer_channel_output_struct_para_init  0x08001bae   Section        0  gd32c10x_timer.o(i.timer_channel_output_struct_para_init)
    i.timer_deinit                           0x08001bc0   Section        0  gd32c10x_timer.o(i.timer_deinit)
    i.timer_enable                           0x08001d48   Section        0  gd32c10x_timer.o(i.timer_enable)
    i.timer_flag_clear                       0x08001d52   Section        0  gd32c10x_timer.o(i.timer_flag_clear)
    i.timer_flag_get                         0x08001d58   Section        0  gd32c10x_timer.o(i.timer_flag_get)
    i.timer_init                             0x08001d68   Section        0  gd32c10x_timer.o(i.timer_init)
    i.timer_interrupt_enable                 0x08001e08   Section        0  gd32c10x_timer.o(i.timer_interrupt_enable)
    i.timer_interrupt_flag_clear             0x08001e10   Section        0  gd32c10x_timer.o(i.timer_interrupt_flag_clear)
    i.timer_interrupt_flag_get               0x08001e16   Section        0  gd32c10x_timer.o(i.timer_interrupt_flag_get)
    i.timer_primary_output_config            0x08001e2a   Section        0  gd32c10x_timer.o(i.timer_primary_output_config)
    i.timer_repetition_value_config          0x08001e42   Section        0  gd32c10x_timer.o(i.timer_repetition_value_config)
    i.timer_struct_para_init                 0x08001e46   Section        0  gd32c10x_timer.o(i.timer_struct_para_init)
    i.usart0_call_back                       0x08001e5c   Section        0  usart.o(i.usart0_call_back)
    i.usart2_call_back                       0x08001ecc   Section        0  usart.o(i.usart2_call_back)
    i.usart_data_receive                     0x08001f3c   Section        0  gd32c10x_usart.o(i.usart_data_receive)
    i.usart_interrupt_enable                 0x08001f44   Section        0  gd32c10x_usart.o(i.usart_interrupt_enable)
    i.usart_interrupt_flag_clear             0x08001f58   Section        0  gd32c10x_usart.o(i.usart_interrupt_flag_clear)
    i.usart_interrupt_flag_get               0x08001f6a   Section        0  gd32c10x_usart.o(i.usart_interrupt_flag_get)
    .constdata                               0x08001f9c   Section     3332  util.o(.constdata)
    sinTable_f32                             0x08001f9c   Data        2052  util.o(.constdata)
    crc8_table                               0x080027a0   Data         256  util.o(.constdata)
    crc32_table                              0x080028a0   Data        1024  util.o(.constdata)
    .data                                    0x20000000   Section        8  main.o(.data)
    .data                                    0x20000008   Section        4  delay_timer.o(.data)
    .data                                    0x2000000c   Section        2  pwm_curr.o(.data)
    .data                                    0x20000010   Section        4  util.o(.data)
    .data                                    0x20000014   Section        4  usart.o(.data)
    this_time_rx_len                         0x20000014   Data           2  usart.o(.data)
    this_time_rx_len                         0x20000016   Data           2  usart.o(.data)
    .bss                                     0x20000018   Section       80  encoder.o(.bss)
    .bss                                     0x20000068   Section       80  foc.o(.bss)
    .bss                                     0x200000b8   Section      664  user_config.o(.bss)
    .bss                                     0x20000350   Section      128  usart.o(.bss)
    STACK                                    0x200003d0   Section     1024  startup_gd32c10x.o(STACK)

    Global Symbols

    Symbol Name                              Value     Ov Type        Size  Object(Section)

    BuildAttributes$$THM_ISAv4$E$P$D$K$B$S$7EM$VFPi3$EXTD16$VFPS$VFMA$PE$A:L22UL41UL21$X:L11$S22US41US21$IEEE1$IW$USESV6$~STKCKD$USESV7$~SHL$OTIME$ROPI$IEEEJ$EBA8$MICROLIB$REQ8$PRES8$EABIv2 0x00000000   Number         0  anon$$obj.o ABSOLUTE
    __ARM_use_no_argv                        0x00000000   Number         0  main.o ABSOLUTE
    __arm_fini_                               - Undefined Weak Reference
    __cpp_initialize__aeabi_                  - Undefined Weak Reference
    __cxa_finalize                            - Undefined Weak Reference
    __decompress                              - Undefined Weak Reference
    _clock_init                               - Undefined Weak Reference
    _microlib_exit                            - Undefined Weak Reference
    __Vectors_Size                           0x00000150   Number         0  startup_gd32c10x.o ABSOLUTE
    __Vectors                                0x08000000   Data           4  startup_gd32c10x.o(RESET)
    __Vectors_End                            0x08000150   Data           0  startup_gd32c10x.o(RESET)
    __main                                   0x08000151   Thumb Code     0  entry.o(.ARM.Collect$$$$00000000)
    _main_stk                                0x08000151   Thumb Code     0  entry2.o(.ARM.Collect$$$$00000001)
    _main_scatterload                        0x08000155   Thumb Code     0  entry5.o(.ARM.Collect$$$$00000004)
    __main_after_scatterload                 0x08000159   Thumb Code     0  entry5.o(.ARM.Collect$$$$00000004)
    _main_clock                              0x08000159   Thumb Code     0  entry7b.o(.ARM.Collect$$$$00000008)
    _main_cpp_init                           0x08000159   Thumb Code     0  entry8b.o(.ARM.Collect$$$$0000000A)
    _main_init                               0x08000159   Thumb Code     0  entry9a.o(.ARM.Collect$$$$0000000B)
    __rt_lib_shutdown_fini                   0x08000161   Thumb Code     0  entry12b.o(.ARM.Collect$$$$0000000E)
    __rt_final_cpp                           0x08000165   Thumb Code     0  entry10a.o(.ARM.Collect$$$$0000000F)
    __rt_final_exit                          0x08000165   Thumb Code     0  entry11a.o(.ARM.Collect$$$$00000011)
    Reset_Handler                            0x08000169   Thumb Code     8  startup_gd32c10x.o(.text)
    CAN0_EWMC_IRQHandler                     0x08000183   Thumb Code     0  startup_gd32c10x.o(.text)
    CAN0_RX0_IRQHandler                      0x08000183   Thumb Code     0  startup_gd32c10x.o(.text)
    CAN0_RX1_IRQHandler                      0x08000183   Thumb Code     0  startup_gd32c10x.o(.text)
    CAN0_TX_IRQHandler                       0x08000183   Thumb Code     0  startup_gd32c10x.o(.text)
    CAN1_EWMC_IRQHandler                     0x08000183   Thumb Code     0  startup_gd32c10x.o(.text)
    CAN1_RX0_IRQHandler                      0x08000183   Thumb Code     0  startup_gd32c10x.o(.text)
    CAN1_RX1_IRQHandler                      0x08000183   Thumb Code     0  startup_gd32c10x.o(.text)
    CAN1_TX_IRQHandler                       0x08000183   Thumb Code     0  startup_gd32c10x.o(.text)
    DMA0_Channel0_IRQHandler                 0x08000183   Thumb Code     0  startup_gd32c10x.o(.text)
    DMA0_Channel1_IRQHandler                 0x08000183   Thumb Code     0  startup_gd32c10x.o(.text)
    DMA0_Channel3_IRQHandler                 0x08000183   Thumb Code     0  startup_gd32c10x.o(.text)
    DMA0_Channel5_IRQHandler                 0x08000183   Thumb Code     0  startup_gd32c10x.o(.text)
    DMA0_Channel6_IRQHandler                 0x08000183   Thumb Code     0  startup_gd32c10x.o(.text)
    DMA1_Channel0_IRQHandler                 0x08000183   Thumb Code     0  startup_gd32c10x.o(.text)
    DMA1_Channel1_IRQHandler                 0x08000183   Thumb Code     0  startup_gd32c10x.o(.text)
    DMA1_Channel2_IRQHandler                 0x08000183   Thumb Code     0  startup_gd32c10x.o(.text)
    DMA1_Channel3_IRQHandler                 0x08000183   Thumb Code     0  startup_gd32c10x.o(.text)
    DMA1_Channel4_IRQHandler                 0x08000183   Thumb Code     0  startup_gd32c10x.o(.text)
    EXMC_IRQHandler                          0x08000183   Thumb Code     0  startup_gd32c10x.o(.text)
    EXTI0_IRQHandler                         0x08000183   Thumb Code     0  startup_gd32c10x.o(.text)
    EXTI10_15_IRQHandler                     0x08000183   Thumb Code     0  startup_gd32c10x.o(.text)
    EXTI1_IRQHandler                         0x08000183   Thumb Code     0  startup_gd32c10x.o(.text)
    EXTI2_IRQHandler                         0x08000183   Thumb Code     0  startup_gd32c10x.o(.text)
    EXTI3_IRQHandler                         0x08000183   Thumb Code     0  startup_gd32c10x.o(.text)
    EXTI4_IRQHandler                         0x08000183   Thumb Code     0  startup_gd32c10x.o(.text)
    EXTI5_9_IRQHandler                       0x08000183   Thumb Code     0  startup_gd32c10x.o(.text)
    FMC_IRQHandler                           0x08000183   Thumb Code     0  startup_gd32c10x.o(.text)
    I2C0_ER_IRQHandler                       0x08000183   Thumb Code     0  startup_gd32c10x.o(.text)
    I2C0_EV_IRQHandler                       0x08000183   Thumb Code     0  startup_gd32c10x.o(.text)
    I2C1_ER_IRQHandler                       0x08000183   Thumb Code     0  startup_gd32c10x.o(.text)
    I2C1_EV_IRQHandler                       0x08000183   Thumb Code     0  startup_gd32c10x.o(.text)
    LVD_IRQHandler                           0x08000183   Thumb Code     0  startup_gd32c10x.o(.text)
    RCU_CTC_IRQHandler                       0x08000183   Thumb Code     0  startup_gd32c10x.o(.text)
    RTC_Alarm_IRQHandler                     0x08000183   Thumb Code     0  startup_gd32c10x.o(.text)
    RTC_IRQHandler                           0x08000183   Thumb Code     0  startup_gd32c10x.o(.text)
    SPI0_IRQHandler                          0x08000183   Thumb Code     0  startup_gd32c10x.o(.text)
    SPI1_IRQHandler                          0x08000183   Thumb Code     0  startup_gd32c10x.o(.text)
    SPI2_IRQHandler                          0x08000183   Thumb Code     0  startup_gd32c10x.o(.text)
    TAMPER_IRQHandler                        0x08000183   Thumb Code     0  startup_gd32c10x.o(.text)
    TIMER0_BRK_TIMER8_IRQHandler             0x08000183   Thumb Code     0  startup_gd32c10x.o(.text)
    TIMER0_Channel_IRQHandler                0x08000183   Thumb Code     0  startup_gd32c10x.o(.text)
    TIMER0_TRG_CMT_TIMER10_IRQHandler        0x08000183   Thumb Code     0  startup_gd32c10x.o(.text)
    TIMER0_UP_TIMER9_IRQHandler              0x08000183   Thumb Code     0  startup_gd32c10x.o(.text)
    TIMER1_IRQHandler                        0x08000183   Thumb Code     0  startup_gd32c10x.o(.text)
    TIMER2_IRQHandler                        0x08000183   Thumb Code     0  startup_gd32c10x.o(.text)
    TIMER3_IRQHandler                        0x08000183   Thumb Code     0  startup_gd32c10x.o(.text)
    TIMER4_IRQHandler                        0x08000183   Thumb Code     0  startup_gd32c10x.o(.text)
    TIMER6_IRQHandler                        0x08000183   Thumb Code     0  startup_gd32c10x.o(.text)
    TIMER7_BRK_TIMER11_IRQHandler            0x08000183   Thumb Code     0  startup_gd32c10x.o(.text)
    TIMER7_Channel_IRQHandler                0x08000183   Thumb Code     0  startup_gd32c10x.o(.text)
    TIMER7_TRG_CMT_TIMER13_IRQHandler        0x08000183   Thumb Code     0  startup_gd32c10x.o(.text)
    TIMER7_UP_TIMER12_IRQHandler             0x08000183   Thumb Code     0  startup_gd32c10x.o(.text)
    UART3_IRQHandler                         0x08000183   Thumb Code     0  startup_gd32c10x.o(.text)
    UART4_IRQHandler                         0x08000183   Thumb Code     0  startup_gd32c10x.o(.text)
    USART1_IRQHandler                        0x08000183   Thumb Code     0  startup_gd32c10x.o(.text)
    USBFS_IRQHandler                         0x08000183   Thumb Code     0  startup_gd32c10x.o(.text)
    USBFS_WKUP_IRQHandler                    0x08000183   Thumb Code     0  startup_gd32c10x.o(.text)
    WWDGT_IRQHandler                         0x08000183   Thumb Code     0  startup_gd32c10x.o(.text)
    __scatterload                            0x0800018d   Thumb Code    28  init.o(.text)
    __scatterload_rt2                        0x0800018d   Thumb Code     0  init.o(.text)
    ADC0_1_IRQHandler                        0x080001b1   Thumb Code    12  gd32c10x_it.o(i.ADC0_1_IRQHandler)
    BSP_Init                                 0x080001c1   Thumb Code    46  system_board.o(i.BSP_Init)
    BusFault_Handler                         0x080001ef   Thumb Code     2  gd32c10x_it.o(i.BusFault_Handler)
    DMA0_Channel2_IRQHandler                 0x080001f1   Thumb Code     2  gd32c10x_it.o(i.DMA0_Channel2_IRQHandler)
    DMA0_Channel4_IRQHandler                 0x080001f3   Thumb Code     2  gd32c10x_it.o(i.DMA0_Channel4_IRQHandler)
    DebugMon_Handler                         0x080001f5   Thumb Code     2  gd32c10x_it.o(i.DebugMon_Handler)
    Encoder_Init                             0x080001f9   Thumb Code    80  encoder.o(i.Encoder_Init)
    Get_SystemTimer                          0x0800025d   Thumb Code    16  delay_timer.o(i.Get_SystemTimer)
    HardFault_Handler                        0x08000275   Thumb Code     2  gd32c10x_it.o(i.HardFault_Handler)
    MemManage_Handler                        0x08000289   Thumb Code     2  gd32c10x_it.o(i.MemManage_Handler)
    NMI_Handler                              0x0800028b   Thumb Code     2  gd32c10x_it.o(i.NMI_Handler)
    PWMC_SwitchOnPWM                         0x0800028d   Thumb Code   114  pwm_curr.o(i.PWMC_SwitchOnPWM)
    PendSV_Handler                           0x08000305   Thumb Code     2  gd32c10x_it.o(i.PendSV_Handler)
    SVC_Handler                              0x08000307   Thumb Code     2  gd32c10x_it.o(i.SVC_Handler)
    SysTick_Handler                          0x08000309   Thumb Code     2  gd32c10x_it.o(i.SysTick_Handler)
    SystemInit                               0x0800030d   Thumb Code   178  system_gd32c10x.o(i.SystemInit)
    TIMER5_IRQHandler                        0x080003cd   Thumb Code     4  gd32c10x_it.o(i.TIMER5_IRQHandler)
    USART0_IRQHandler                        0x080003d1   Thumb Code     4  gd32c10x_it.o(i.USART0_IRQHandler)
    USART2_IRQHandler                        0x080003d5   Thumb Code     4  gd32c10x_it.o(i.USART2_IRQHandler)
    USR_CONFIG_set_default_config            0x080003d9   Thumb Code   216  user_config.o(i.USR_CONFIG_set_default_config)
    Update_TimerTick                         0x080004e5   Thumb Code    34  delay_timer.o(i.Update_TimerTick)
    UsageFault_Handler                       0x08000511   Thumb Code     2  gd32c10x_it.o(i.UsageFault_Handler)
    __scatterload_copy                       0x08000513   Thumb Code    14  handlers.o(i.__scatterload_copy)
    __scatterload_null                       0x08000521   Thumb Code     2  handlers.o(i.__scatterload_null)
    __scatterload_zeroinit                   0x08000523   Thumb Code    14  handlers.o(i.__scatterload_zeroinit)
    adc_channel_length_config                0x08000531   Thumb Code    58  gd32c10x_adc.o(i.adc_channel_length_config)
    adc_data_alignment_config                0x0800056b   Thumb Code    24  gd32c10x_adc.o(i.adc_data_alignment_config)
    adc_deinit                               0x08000585   Thumb Code    56  gd32c10x_adc.o(i.adc_deinit)
    adc_external_trigger_config              0x080005c1   Thumb Code    56  gd32c10x_adc.o(i.adc_external_trigger_config)
    adc_external_trigger_source_config       0x080005f9   Thumb Code    40  gd32c10x_adc.o(i.adc_external_trigger_source_config)
    adc_inserted_channel_config              0x08000621   Thumb Code    80  gd32c10x_adc.o(i.adc_inserted_channel_config)
    adc_interrupt_enable                     0x08000671   Thumb Code    38  gd32c10x_adc.o(i.adc_interrupt_enable)
    adc_mode_config                          0x08000699   Thumb Code    18  gd32c10x_adc.o(i.adc_mode_config)
    adc_regular_channel_config               0x080006b1   Thumb Code   126  gd32c10x_adc.o(i.adc_regular_channel_config)
    adc_special_function_config              0x0800072f   Thumb Code    80  gd32c10x_adc.o(i.adc_special_function_config)
    cos_f32                                  0x08000dd9   Thumb Code   124  util.o(i.cos_f32)
    delay_timer_Init                         0x08000e61   Thumb Code     6  delay_timer.o(i.delay_timer_Init)
    delay_us_nos                             0x08000e6d   Thumb Code    20  delay_timer.o(i.delay_us_nos)
    dma_channel_disable                      0x08000e81   Thumb Code    36  gd32c10x_dma.o(i.dma_channel_disable)
    dma_channel_enable                       0x08000ea5   Thumb Code    36  gd32c10x_dma.o(i.dma_channel_enable)
    dma_circulation_disable                  0x08000ec9   Thumb Code    36  gd32c10x_dma.o(i.dma_circulation_disable)
    dma_circulation_enable                   0x08000eed   Thumb Code    36  gd32c10x_dma.o(i.dma_circulation_enable)
    dma_deinit                               0x08000f11   Thumb Code    58  gd32c10x_dma.o(i.dma_deinit)
    dma_init                                 0x08000f4b   Thumb Code   134  gd32c10x_dma.o(i.dma_init)
    dma_memory_address_config                0x08000fd1   Thumb Code    32  gd32c10x_dma.o(i.dma_memory_address_config)
    dma_memory_to_memory_disable             0x08000ff1   Thumb Code    36  gd32c10x_dma.o(i.dma_memory_to_memory_disable)
    dma_struct_para_init                     0x0800102d   Thumb Code    28  gd32c10x_dma.o(i.dma_struct_para_init)
    dma_transfer_number_config               0x08001049   Thumb Code    34  gd32c10x_dma.o(i.dma_transfer_number_config)
    dma_transfer_number_get                  0x0800106b   Thumb Code    30  gd32c10x_dma.o(i.dma_transfer_number_get)
    gpio_bit_reset                           0x08001089   Thumb Code     4  gd32c10x_gpio.o(i.gpio_bit_reset)
    gpio_bit_set                             0x0800108d   Thumb Code     4  gd32c10x_gpio.o(i.gpio_bit_set)
    gpio_init                                0x08001091   Thumb Code   164  gd32c10x_gpio.o(i.gpio_init)
    gpio_pin_lock                            0x08001135   Thumb Code    16  gd32c10x_gpio.o(i.gpio_pin_lock)
    gpio_pin_remap_config                    0x08001145   Thumb Code    86  gd32c10x_gpio.o(i.gpio_pin_remap_config)
    inverse_park                             0x080011a1   Thumb Code    64  util.o(i.inverse_park)
    main                                     0x080011e1   Thumb Code   248  main.o(i.main)
    nvic_irq_enable                          0x080012f5   Thumb Code   138  gd32c10x_misc.o(i.nvic_irq_enable)
    nvic_priority_group_set                  0x08001385   Thumb Code    10  gd32c10x_misc.o(i.nvic_priority_group_set)
    nvic_vector_table_set                    0x08001399   Thumb Code    16  gd32c10x_misc.o(i.nvic_vector_table_set)
    rcu_adc_clock_config                     0x080013b1   Thumb Code    74  gd32c10x_rcu.o(i.rcu_adc_clock_config)
    rcu_periph_clock_enable                  0x08001405   Thumb Code    22  gd32c10x_rcu.o(i.rcu_periph_clock_enable)
    rcu_periph_reset_disable                 0x08001421   Thumb Code    22  gd32c10x_rcu.o(i.rcu_periph_reset_disable)
    rcu_periph_reset_enable                  0x0800143d   Thumb Code    22  gd32c10x_rcu.o(i.rcu_periph_reset_enable)
    sin_f32                                  0x08001459   Thumb Code   120  util.o(i.sin_f32)
    spi_enable                               0x080014dd   Thumb Code    10  gd32c10x_spi.o(i.spi_enable)
    spi_i2s_deinit                           0x080014e9   Thumb Code    82  gd32c10x_spi.o(i.spi_i2s_deinit)
    spi_init                                 0x08001541   Thumb Code    46  gd32c10x_spi.o(i.spi_init)
    spi_struct_para_init                     0x0800156f   Thumb Code    18  gd32c10x_spi.o(i.spi_struct_para_init)
    svm                                      0x08001581   Thumb Code   500  util.o(i.svm)
    timer_auto_reload_shadow_enable          0x0800183d   Thumb Code    10  gd32c10x_timer.o(i.timer_auto_reload_shadow_enable)
    timer_break_config                       0x08001847   Thumb Code    32  gd32c10x_timer.o(i.timer_break_config)
    timer_break_struct_para_init             0x08001867   Thumb Code    18  gd32c10x_timer.o(i.timer_break_struct_para_init)
    timer_channel_complementary_output_state_config 0x08001879   Thumb Code    64  gd32c10x_timer.o(i.timer_channel_complementary_output_state_config)
    timer_channel_output_config              0x080018b9   Thumb Code   464  gd32c10x_timer.o(i.timer_channel_output_config)
    timer_channel_output_mode_config         0x08001a91   Thumb Code    84  gd32c10x_timer.o(i.timer_channel_output_mode_config)
    timer_channel_output_pulse_value_config  0x08001ae5   Thumb Code    32  gd32c10x_timer.o(i.timer_channel_output_pulse_value_config)
    timer_channel_output_shadow_config       0x08001b05   Thumb Code    84  gd32c10x_timer.o(i.timer_channel_output_shadow_config)
    timer_channel_output_state_config        0x08001b59   Thumb Code    86  gd32c10x_timer.o(i.timer_channel_output_state_config)
    timer_channel_output_struct_para_init    0x08001baf   Thumb Code    16  gd32c10x_timer.o(i.timer_channel_output_struct_para_init)
    timer_deinit                             0x08001bc1   Thumb Code   378  gd32c10x_timer.o(i.timer_deinit)
    timer_enable                             0x08001d49   Thumb Code    10  gd32c10x_timer.o(i.timer_enable)
    timer_flag_clear                         0x08001d53   Thumb Code     6  gd32c10x_timer.o(i.timer_flag_clear)
    timer_flag_get                           0x08001d59   Thumb Code    14  gd32c10x_timer.o(i.timer_flag_get)
    timer_init                               0x08001d69   Thumb Code   132  gd32c10x_timer.o(i.timer_init)
    timer_interrupt_enable                   0x08001e09   Thumb Code     8  gd32c10x_timer.o(i.timer_interrupt_enable)
    timer_interrupt_flag_clear               0x08001e11   Thumb Code     6  gd32c10x_timer.o(i.timer_interrupt_flag_clear)
    timer_interrupt_flag_get                 0x08001e17   Thumb Code    20  gd32c10x_timer.o(i.timer_interrupt_flag_get)
    timer_primary_output_config              0x08001e2b   Thumb Code    24  gd32c10x_timer.o(i.timer_primary_output_config)
    timer_repetition_value_config            0x08001e43   Thumb Code     4  gd32c10x_timer.o(i.timer_repetition_value_config)
    timer_struct_para_init                   0x08001e47   Thumb Code    20  gd32c10x_timer.o(i.timer_struct_para_init)
    usart0_call_back                         0x08001e5d   Thumb Code    92  usart.o(i.usart0_call_back)
    usart2_call_back                         0x08001ecd   Thumb Code    92  usart.o(i.usart2_call_back)
    usart_data_receive                       0x08001f3d   Thumb Code     8  gd32c10x_usart.o(i.usart_data_receive)
    usart_interrupt_enable                   0x08001f45   Thumb Code    20  gd32c10x_usart.o(i.usart_interrupt_enable)
    usart_interrupt_flag_clear               0x08001f59   Thumb Code    18  gd32c10x_usart.o(i.usart_interrupt_flag_clear)
    usart_interrupt_flag_get                 0x08001f6b   Thumb Code    50  gd32c10x_usart.o(i.usart_interrupt_flag_get)
    Region$$Table$$Base                      0x08002ca0   Number         0  anon$$obj.o(Region$$Table)
    Region$$Table$$Limit                     0x08002cc0   Number         0  anon$$obj.o(Region$$Table)
    iq_value                                 0x20000000   Data           4  main.o(.data)
    theta_test                               0x20000004   Data           4  main.o(.data)
    TimerCnt                                 0x20000008   Data           4  delay_timer.o(.data)
    ADC0_value                               0x2000000c   Data           2  pwm_curr.o(.data)
    Sextant                                  0x20000010   Data           4  util.o(.data)
    MT6816                                   0x20000018   Data          12  encoder.o(.bss)
    Encoder                                  0x20000028   Data          64  encoder.o(.bss)
    Foc                                      0x20000068   Data          80  foc.o(.bss)
    UsrConfig                                0x200000b8   Data         664  user_config.o(.bss)
    Usart0_Rx_Buff                           0x20000350   Data          64  usart.o(.bss)
    Usart2_Rx_Buff                           0x20000390   Data          64  usart.o(.bss)
    __initial_sp                             0x200007d0   Data           0  startup_gd32c10x.o(STACK)



==============================================================================

Memory Map of the image

  Image Entry point : 0x08000151

  Load Region LR_IROM1 (Base: 0x08000000, Size: 0x00002cd8, Max: 0x00020000, ABSOLUTE)

    Execution Region ER_IROM1 (Exec base: 0x08000000, Load base: 0x08000000, Size: 0x00002cc0, Max: 0x00020000, ABSOLUTE)

    Exec Addr    Load Addr    Size         Type   Attr      Idx    E Section Name        Object

    0x08000000   0x08000000   0x00000150   Data   RO            3    RESET               startup_gd32c10x.o
    0x08000150   0x08000150   0x00000000   Code   RO         4609  * .ARM.Collect$$$$00000000  mc_w.l(entry.o)
    0x08000150   0x08000150   0x00000004   Code   RO         4614    .ARM.Collect$$$$00000001  mc_w.l(entry2.o)
    0x08000154   0x08000154   0x00000004   Code   RO         4617    .ARM.Collect$$$$00000004  mc_w.l(entry5.o)
    0x08000158   0x08000158   0x00000000   Code   RO         4619    .ARM.Collect$$$$00000008  mc_w.l(entry7b.o)
    0x08000158   0x08000158   0x00000000   Code   RO         4621    .ARM.Collect$$$$0000000A  mc_w.l(entry8b.o)
    0x08000158   0x08000158   0x00000008   Code   RO         4622    .ARM.Collect$$$$0000000B  mc_w.l(entry9a.o)
    0x08000160   0x08000160   0x00000004   Code   RO         4629    .ARM.Collect$$$$0000000E  mc_w.l(entry12b.o)
    0x08000164   0x08000164   0x00000000   Code   RO         4624    .ARM.Collect$$$$0000000F  mc_w.l(entry10a.o)
    0x08000164   0x08000164   0x00000000   Code   RO         4626    .ARM.Collect$$$$00000011  mc_w.l(entry11a.o)
    0x08000164   0x08000164   0x00000004   Code   RO         4615    .ARM.Collect$$$$00002712  mc_w.l(entry2.o)
    0x08000168   0x08000168   0x00000024   Code   RO            4    .text               startup_gd32c10x.o
    0x0800018c   0x0800018c   0x00000024   Code   RO         4640    .text               mc_w.l(init.o)
    0x080001b0   0x080001b0   0x00000010   Code   RO          176    i.ADC0_1_IRQHandler  gd32c10x_it.o
    0x080001c0   0x080001c0   0x0000002e   Code   RO          291    i.BSP_Init          system_board.o
    0x080001ee   0x080001ee   0x00000002   Code   RO          177    i.BusFault_Handler  gd32c10x_it.o
    0x080001f0   0x080001f0   0x00000002   Code   RO          178    i.DMA0_Channel2_IRQHandler  gd32c10x_it.o
    0x080001f2   0x080001f2   0x00000002   Code   RO          179    i.DMA0_Channel4_IRQHandler  gd32c10x_it.o
    0x080001f4   0x080001f4   0x00000002   Code   RO          180    i.DebugMon_Handler  gd32c10x_it.o
    0x080001f6   0x080001f6   0x00000002   PAD
    0x080001f8   0x080001f8   0x00000064   Code   RO          448    i.Encoder_Init      encoder.o
    0x0800025c   0x0800025c   0x00000018   Code   RO          400    i.Get_SystemTimer   delay_timer.o
    0x08000274   0x08000274   0x00000002   Code   RO          181    i.HardFault_Handler  gd32c10x_it.o
    0x08000276   0x08000276   0x00000002   PAD
    0x08000278   0x08000278   0x00000010   Code   RO          450    i.MT6816_Init       encoder.o
    0x08000288   0x08000288   0x00000002   Code   RO          182    i.MemManage_Handler  gd32c10x_it.o
    0x0800028a   0x0800028a   0x00000002   Code   RO          183    i.NMI_Handler       gd32c10x_it.o
    0x0800028c   0x0800028c   0x00000078   Code   RO          492    i.PWMC_SwitchOnPWM  pwm_curr.o
    0x08000304   0x08000304   0x00000002   Code   RO          184    i.PendSV_Handler    gd32c10x_it.o
    0x08000306   0x08000306   0x00000002   Code   RO          185    i.SVC_Handler       gd32c10x_it.o
    0x08000308   0x08000308   0x00000002   Code   RO          186    i.SysTick_Handler   gd32c10x_it.o
    0x0800030a   0x0800030a   0x00000002   PAD
    0x0800030c   0x0800030c   0x000000c0   Code   RO          999    i.SystemInit        system_gd32c10x.o
    0x080003cc   0x080003cc   0x00000004   Code   RO          187    i.TIMER5_IRQHandler  gd32c10x_it.o
    0x080003d0   0x080003d0   0x00000004   Code   RO          188    i.USART0_IRQHandler  gd32c10x_it.o
    0x080003d4   0x080003d4   0x00000004   Code   RO          189    i.USART2_IRQHandler  gd32c10x_it.o
    0x080003d8   0x080003d8   0x0000010c   Code   RO          933    i.USR_CONFIG_set_default_config  user_config.o
    0x080004e4   0x080004e4   0x0000002c   Code   RO          401    i.Update_TimerTick  delay_timer.o
    0x08000510   0x08000510   0x00000002   Code   RO          190    i.UsageFault_Handler  gd32c10x_it.o
    0x08000512   0x08000512   0x0000000e   Code   RO         4644    i.__scatterload_copy  mc_w.l(handlers.o)
    0x08000520   0x08000520   0x00000002   Code   RO         4645    i.__scatterload_null  mc_w.l(handlers.o)
    0x08000522   0x08000522   0x0000000e   Code   RO         4646    i.__scatterload_zeroinit  mc_w.l(handlers.o)
    0x08000530   0x08000530   0x0000003a   Code   RO         1041    i.adc_channel_length_config  gd32c10x_adc.o
    0x0800056a   0x0800056a   0x00000018   Code   RO         1042    i.adc_data_alignment_config  gd32c10x_adc.o
    0x08000582   0x08000582   0x00000002   PAD
    0x08000584   0x08000584   0x0000003c   Code   RO         1043    i.adc_deinit        gd32c10x_adc.o
    0x080005c0   0x080005c0   0x00000038   Code   RO         1049    i.adc_external_trigger_config  gd32c10x_adc.o
    0x080005f8   0x080005f8   0x00000028   Code   RO         1050    i.adc_external_trigger_source_config  gd32c10x_adc.o
    0x08000620   0x08000620   0x00000050   Code   RO         1053    i.adc_inserted_channel_config  gd32c10x_adc.o
    0x08000670   0x08000670   0x00000026   Code   RO         1058    i.adc_interrupt_enable  gd32c10x_adc.o
    0x08000696   0x08000696   0x00000002   PAD
    0x08000698   0x08000698   0x00000018   Code   RO         1061    i.adc_mode_config   gd32c10x_adc.o
    0x080006b0   0x080006b0   0x0000007e   Code   RO         1065    i.adc_regular_channel_config  gd32c10x_adc.o
    0x0800072e   0x0800072e   0x00000050   Code   RO         1070    i.adc_special_function_config  gd32c10x_adc.o
    0x0800077e   0x0800077e   0x00000002   PAD
    0x08000780   0x08000780   0x00000098   Code   RO          292    i.bsp_adc0_Init     system_board.o
    0x08000818   0x08000818   0x00000044   Code   RO          293    i.bsp_adc1_Init     system_board.o
    0x0800085c   0x0800085c   0x00000160   Code   RO          294    i.bsp_dma0_Init     system_board.o
    0x080009bc   0x080009bc   0x00000108   Code   RO          295    i.bsp_gpio_Init     system_board.o
    0x08000ac4   0x08000ac4   0x000000a8   Code   RO          296    i.bsp_gpio_lock     system_board.o
    0x08000b6c   0x08000b6c   0x00000054   Code   RO          297    i.bsp_nvic_Init     system_board.o
    0x08000bc0   0x08000bc0   0x0000006c   Code   RO          298    i.bsp_rcu_Init      system_board.o
    0x08000c2c   0x08000c2c   0x00000044   Code   RO          299    i.bsp_spi0_Init     system_board.o
    0x08000c70   0x08000c70   0x00000130   Code   RO          300    i.bsp_timer0_Init   system_board.o
    0x08000da0   0x08000da0   0x00000038   Code   RO          301    i.bsp_timer5_Init   system_board.o
    0x08000dd8   0x08000dd8   0x00000088   Code   RO          807    i.cos_f32           util.o
    0x08000e60   0x08000e60   0x0000000c   Code   RO          403    i.delay_timer_Init  delay_timer.o
    0x08000e6c   0x08000e6c   0x00000014   Code   RO          404    i.delay_us_nos      delay_timer.o
    0x08000e80   0x08000e80   0x00000024   Code   RO         2035    i.dma_channel_disable  gd32c10x_dma.o
    0x08000ea4   0x08000ea4   0x00000024   Code   RO         2036    i.dma_channel_enable  gd32c10x_dma.o
    0x08000ec8   0x08000ec8   0x00000024   Code   RO         2037    i.dma_circulation_disable  gd32c10x_dma.o
    0x08000eec   0x08000eec   0x00000024   Code   RO         2038    i.dma_circulation_enable  gd32c10x_dma.o
    0x08000f10   0x08000f10   0x0000003a   Code   RO         2039    i.dma_deinit        gd32c10x_dma.o
    0x08000f4a   0x08000f4a   0x00000086   Code   RO         2042    i.dma_init          gd32c10x_dma.o
    0x08000fd0   0x08000fd0   0x00000020   Code   RO         2047    i.dma_memory_address_config  gd32c10x_dma.o
    0x08000ff0   0x08000ff0   0x00000024   Code   RO         2050    i.dma_memory_to_memory_disable  gd32c10x_dma.o
    0x08001014   0x08001014   0x00000018   Code   RO         2054    i.dma_periph_and_channel_check  gd32c10x_dma.o
    0x0800102c   0x0800102c   0x0000001c   Code   RO         2059    i.dma_struct_para_init  gd32c10x_dma.o
    0x08001048   0x08001048   0x00000022   Code   RO         2061    i.dma_transfer_number_config  gd32c10x_dma.o
    0x0800106a   0x0800106a   0x0000001e   Code   RO         2062    i.dma_transfer_number_get  gd32c10x_dma.o
    0x08001088   0x08001088   0x00000004   Code   RO         2641    i.gpio_bit_reset    gd32c10x_gpio.o
    0x0800108c   0x0800108c   0x00000004   Code   RO         2642    i.gpio_bit_set      gd32c10x_gpio.o
    0x08001090   0x08001090   0x000000a4   Code   RO         2651    i.gpio_init         gd32c10x_gpio.o
    0x08001134   0x08001134   0x00000010   Code   RO         2656    i.gpio_pin_lock     gd32c10x_gpio.o
    0x08001144   0x08001144   0x0000005c   Code   RO         2657    i.gpio_pin_remap_config  gd32c10x_gpio.o
    0x080011a0   0x080011a0   0x00000040   Code   RO          916    i.inverse_park      util.o
    0x080011e0   0x080011e0   0x00000114   Code   RO           13    i.main              main.o
    0x080012f4   0x080012f4   0x00000090   Code   RO         2993    i.nvic_irq_enable   gd32c10x_misc.o
    0x08001384   0x08001384   0x00000014   Code   RO         2994    i.nvic_priority_group_set  gd32c10x_misc.o
    0x08001398   0x08001398   0x00000018   Code   RO         2995    i.nvic_vector_table_set  gd32c10x_misc.o
    0x080013b0   0x080013b0   0x00000054   Code   RO         3141    i.rcu_adc_clock_config  gd32c10x_rcu.o
    0x08001404   0x08001404   0x0000001c   Code   RO         3170    i.rcu_periph_clock_enable  gd32c10x_rcu.o
    0x08001420   0x08001420   0x0000001c   Code   RO         3173    i.rcu_periph_reset_disable  gd32c10x_rcu.o
    0x0800143c   0x0800143c   0x0000001c   Code   RO         3174    i.rcu_periph_reset_enable  gd32c10x_rcu.o
    0x08001458   0x08001458   0x00000084   Code   RO          818    i.sin_f32           util.o
    0x080014dc   0x080014dc   0x0000000a   Code   RO         3538    i.spi_enable        gd32c10x_spi.o
    0x080014e6   0x080014e6   0x00000002   PAD
    0x080014e8   0x080014e8   0x00000058   Code   RO         3542    i.spi_i2s_deinit    gd32c10x_spi.o
    0x08001540   0x08001540   0x0000002e   Code   RO         3548    i.spi_init          gd32c10x_spi.o
    0x0800156e   0x0800156e   0x00000012   Code   RO         3561    i.spi_struct_para_init  gd32c10x_spi.o
    0x08001580   0x08001580   0x00000208   Code   RO          922    i.svm               util.o
    0x08001788   0x08001788   0x000000b0   Code   RO         1000    i.system_clock_120m_hxtal  system_gd32c10x.o
    0x08001838   0x08001838   0x00000004   Code   RO         1001    i.system_clock_config  system_gd32c10x.o
    0x0800183c   0x0800183c   0x0000000a   Code   RO         3784    i.timer_auto_reload_shadow_enable  gd32c10x_timer.o
    0x08001846   0x08001846   0x00000020   Code   RO         3788    i.timer_break_config  gd32c10x_timer.o
    0x08001866   0x08001866   0x00000012   Code   RO         3791    i.timer_break_struct_para_init  gd32c10x_timer.o
    0x08001878   0x08001878   0x00000040   Code   RO         3794    i.timer_channel_complementary_output_state_config  gd32c10x_timer.o
    0x080018b8   0x080018b8   0x000001d8   Code   RO         3801    i.timer_channel_output_config  gd32c10x_timer.o
    0x08001a90   0x08001a90   0x00000054   Code   RO         3803    i.timer_channel_output_mode_config  gd32c10x_timer.o
    0x08001ae4   0x08001ae4   0x00000020   Code   RO         3805    i.timer_channel_output_pulse_value_config  gd32c10x_timer.o
    0x08001b04   0x08001b04   0x00000054   Code   RO         3806    i.timer_channel_output_shadow_config  gd32c10x_timer.o
    0x08001b58   0x08001b58   0x00000056   Code   RO         3807    i.timer_channel_output_state_config  gd32c10x_timer.o
    0x08001bae   0x08001bae   0x00000010   Code   RO         3808    i.timer_channel_output_struct_para_init  gd32c10x_timer.o
    0x08001bbe   0x08001bbe   0x00000002   PAD
    0x08001bc0   0x08001bc0   0x00000188   Code   RO         3814    i.timer_deinit      gd32c10x_timer.o
    0x08001d48   0x08001d48   0x0000000a   Code   RO         3819    i.timer_enable      gd32c10x_timer.o
    0x08001d52   0x08001d52   0x00000006   Code   RO         3826    i.timer_flag_clear  gd32c10x_timer.o
    0x08001d58   0x08001d58   0x0000000e   Code   RO         3827    i.timer_flag_get    gd32c10x_timer.o
    0x08001d66   0x08001d66   0x00000002   PAD
    0x08001d68   0x08001d68   0x000000a0   Code   RO         3829    i.timer_init        gd32c10x_timer.o
    0x08001e08   0x08001e08   0x00000008   Code   RO         3836    i.timer_interrupt_enable  gd32c10x_timer.o
    0x08001e10   0x08001e10   0x00000006   Code   RO         3837    i.timer_interrupt_flag_clear  gd32c10x_timer.o
    0x08001e16   0x08001e16   0x00000014   Code   RO         3838    i.timer_interrupt_flag_get  gd32c10x_timer.o
    0x08001e2a   0x08001e2a   0x00000018   Code   RO         3844    i.timer_primary_output_config  gd32c10x_timer.o
    0x08001e42   0x08001e42   0x00000004   Code   RO         3846    i.timer_repetition_value_config  gd32c10x_timer.o
    0x08001e46   0x08001e46   0x00000014   Code   RO         3849    i.timer_struct_para_init  gd32c10x_timer.o
    0x08001e5a   0x08001e5a   0x00000002   PAD
    0x08001e5c   0x08001e5c   0x00000070   Code   RO          960    i.usart0_call_back  usart.o
    0x08001ecc   0x08001ecc   0x00000070   Code   RO          961    i.usart2_call_back  usart.o
    0x08001f3c   0x08001f3c   0x00000008   Code   RO         4227    i.usart_data_receive  gd32c10x_usart.o
    0x08001f44   0x08001f44   0x00000014   Code   RO         4243    i.usart_interrupt_enable  gd32c10x_usart.o
    0x08001f58   0x08001f58   0x00000012   Code   RO         4244    i.usart_interrupt_flag_clear  gd32c10x_usart.o
    0x08001f6a   0x08001f6a   0x00000032   Code   RO         4245    i.usart_interrupt_flag_get  gd32c10x_usart.o
    0x08001f9c   0x08001f9c   0x00000d04   Data   RO          821    .constdata          util.o
    0x08002ca0   0x08002ca0   0x00000020   Data   RO         4642    Region$$Table       anon$$obj.o


    Execution Region RW_IRAM1 (Exec base: 0x20000000, Load base: 0x08002cc0, Size: 0x000007d0, Max: 0x00008000, ABSOLUTE)

    Exec Addr    Load Addr    Size         Type   Attr      Idx    E Section Name        Object

    0x20000000   0x08002cc0   0x00000008   Data   RW           14    .data               main.o
    0x20000008   0x08002cc8   0x00000004   Data   RW          405    .data               delay_timer.o
    0x2000000c   0x08002ccc   0x00000002   Data   RW          495    .data               pwm_curr.o
    0x2000000e   0x08002cce   0x00000002   PAD
    0x20000010   0x08002cd0   0x00000004   Data   RW          822    .data               util.o
    0x20000014   0x08002cd4   0x00000004   Data   RW          963    .data               usart.o
    0x20000018        -       0x00000050   Zero   RW          451    .bss                encoder.o
    0x20000068        -       0x00000050   Zero   RW          615    .bss                foc.o
    0x200000b8        -       0x00000298   Zero   RW          934    .bss                user_config.o
    0x20000350        -       0x00000080   Zero   RW          962    .bss                usart.o
    0x200003d0        -       0x00000400   Zero   RW            1    STACK               startup_gd32c10x.o


==============================================================================

Image component sizes


      Code (inc. data)   RO Data    RW Data    ZI Data      Debug   Object Name

       100         24          0          4          0       2510   delay_timer.o
       116         26          0          0         80       2040   encoder.o
         0          0          0          0         80        826   foc.o
       586         10          0          0          0       7702   gd32c10x_adc.o
       520          6          0          0          0       9079   gd32c10x_dma.o
       280          6          0          0          0       3840   gd32c10x_gpio.o
        50          4          0          0          0       6968   gd32c10x_it.o
       188         24          0          0          0       2220   gd32c10x_misc.o
       168         40          0          0          0       2534   gd32c10x_rcu.o
       162          6          0          0          0       3460   gd32c10x_spi.o
      1562         50          0          0          0      15915   gd32c10x_timer.o
        96          0          0          0          0       2770   gd32c10x_usart.o
       276         28          0          8          0      59652   main.o
       120          6          0          2          0       2202   pwm_curr.o
        36          8        336          0       1024        840   startup_gd32c10x.o
      1670         86          0          0          0       6183   system_board.o
       372         40          0          0          0       2741   system_gd32c10x.o
       224         40          0          4        128       1702   usart.o
       268         52          0          0        664       2128   user_config.o
       852         52       3332          4          0       4531   util.o

    ----------------------------------------------------------------------
      7666        508       3700         24       1976     139843   Object Totals
         0          0         32          0          0          0   (incl. Generated)
        20          0          0          2          0          0   (incl. Padding)

    ----------------------------------------------------------------------

      Code (inc. data)   RO Data    RW Data    ZI Data      Debug   Library Member Name

         0          0          0          0          0          0   entry.o
         0          0          0          0          0          0   entry10a.o
         0          0          0          0          0          0   entry11a.o
         4          0          0          0          0          0   entry12b.o
         8          4          0          0          0          0   entry2.o
         4          0          0          0          0          0   entry5.o
         0          0          0          0          0          0   entry7b.o
         0          0          0          0          0          0   entry8b.o
         8          4          0          0          0          0   entry9a.o
        30          0          0          0          0          0   handlers.o
        36          8          0          0          0         68   init.o

    ----------------------------------------------------------------------
        90         16          0          0          0         68   Library Totals
         0          0          0          0          0          0   (incl. Padding)

    ----------------------------------------------------------------------

      Code (inc. data)   RO Data    RW Data    ZI Data      Debug   Library Name

        90         16          0          0          0         68   mc_w.l

    ----------------------------------------------------------------------
        90         16          0          0          0         68   Library Totals

    ----------------------------------------------------------------------

==============================================================================


      Code (inc. data)   RO Data    RW Data    ZI Data      Debug   

      7756        524       3700         24       1976     130115   Grand Totals
      7756        524       3700         24       1976     130115   ELF Image Totals
      7756        524       3700         24          0          0   ROM Totals

==============================================================================

    Total RO  Size (Code + RO Data)                11456 (  11.19kB)
    Total RW  Size (RW Data + ZI Data)              2000 (   1.95kB)
    Total ROM Size (Code + RO Data + RW Data)      11480 (  11.21kB)

==============================================================================

